Microchip MPLAB XC8 Compiler V2.40

Linker command line:

-W-3 \
  --edf=C:\Program Files\Microchip\xc8\v2.40\pic\dat\20220703182018_en.msgs \
  -cn -h+dist/default/production\PWM_Builtin.X.production.sym \
  --cmf=dist/default/production\PWM_Builtin.X.production.cmf -z -Q18F4580 \
  -oC:\Users\lenovo\AppData\Local\Temp\xcAsqc.4 --defsym=__MPLAB_BUILD=1 \
  --fixupoverflow=error \
  -Mdist/default/production/PWM_Builtin.X.production.map \
  --md=C:\Users\lenovo\AppData\Local\Temp\xcAsqc.dat -E1 -ver=XC8 Compiler \
  --acfsm=1493 -ACODE=00h-03000h -ACONST=00h-03000h \
  -ASMALLCONST=0600h-06FFhx42,03000h-03000h -AMEDIUMCONST=0600h-03000h \
  -ACOMRAM=01h-05Fh -AABS1=00h-05FFh -ABIGRAM=01h-05FFh \
  -ARAM=060h-0FFh,0100h-01FFhx5 -ABANK0=060h-0FFh -ABANK1=0100h-01FFh \
  -ABANK2=0200h-02FFh -ABANK3=0300h-03FFh -ABANK4=0400h-04FFh \
  -ABANK5=0500h-05FFh -ASFR=0D00h-0DFFhx2,0F00h-0F5Fh,0F60h-0FFFh \
  -ABIGSFR=0D00h-0FFFh -ACONFIG=0300000h-030000Dh -AIDLOC=0200000h-0200007h \
  -AEEDATA=0F00000h-0F000FFh -peeprom_data=EEDATA \
  -preset_vec=00h,intcode,intcodelo,powerup,init -pramtop=0600h \
  -psmallconst=SMALLCONST -pmediumconst=MEDIUMCONST -pconst=CONST \
  -AFARRAM=00h-00h \
  -prdata=COMRAM,nvrram=COMRAM,nvbit=COMRAM,rbss=COMRAM,rbit=COMRAM \
  -pfarbss=FARRAM,fardata=FARRAM,nvFARRAM=FARRAM \
  -pintsave_regs=BIGRAM,bigbss=BIGRAM,bigdata=BIGRAM -pbss=RAM \
  -pidata=CODE,irdata=CODE,ibigdata=CODE,ifardata=CODE -prparam=COMRAM \
  C:\Users\lenovo\AppData\Local\Temp\xcAsqc.o \
  dist/default/production\PWM_Builtin.X.production.o 

Object code version is 3.11

Machine type is 18F4580



                Name                               Link     Load   Length Selector   Space Scale
C:\Users\lenovo\AppData\Local\Temp\xcAsqc.o
                idloc                            200000   200000        8        0       5
                config                           300000   300000        E        0       4
                init                                  0        0        4        0       0
dist/default/production\PWM_Builtin.X.production.o
                idloc                            200000   200000        8        0       5
                config                           300000   300000        E        0       4
                text11                             2246     2246       12     1123       0
                text10                             2236     2236       10     111B       0
                text9                              2258     2258       14     112C       0
                text8                              283C     283C      39A     141E       0
                text7                              2BD6     2BD6      42A     15EB       0
                text6                              247A     247A      106     123D       0
                text5                              2688     2688      1B4     1344       0
                text4                              23A0     23A0       DA     11D0       0
                text3                              2324     2324       7C     1192       0
                text2                              2580     2580      108     12C0       0
                text1                              22AE     22AE       76     1157       0
                text0                              226C     226C       1A     1136       0
                cstackCOMRAM                          1        1       55        1       1
                dataCOMRAM                           56       56        4        1       1
                bssCOMRAM                            5A       5A        1        1       1
                cinit                              2286     2286       28     1143       0
                idataCOMRAM                        2232     2232        4     2232       0

TOTAL           Name                               Link     Load   Length     Space
        CLASS   CODE           
                init                                  0        0        4         0
                text11                             2246     2246       12         0
                text10                             2236     2236       10         0
                text9                              2258     2258       14         0
                text8                              283C     283C      39A         0
                text7                              2BD6     2BD6      42A         0
                text6                              247A     247A      106         0
                text5                              2688     2688      1B4         0
                text4                              23A0     23A0       DA         0
                text3                              2324     2324       7C         0
                text2                              2580     2580      108         0
                text1                              22AE     22AE       76         0
                text0                              226C     226C       1A         0
                cinit                              2286     2286       28         0
                idataCOMRAM                        2232     2232        4         0

        CLASS   CONST          

        CLASS   SMALLCONST     

        CLASS   MEDIUMCONST    

        CLASS   COMRAM         
                cstackCOMRAM                          1        1       55         1
                dataCOMRAM                           56       56        4         1
                bssCOMRAM                            5A       5A        1         1

        CLASS   ABS1           

        CLASS   BIGRAM         

        CLASS   RAM            

        CLASS   BANK0          

        CLASS   BANK1          

        CLASS   BANK2          

        CLASS   BANK3          

        CLASS   BANK4          

        CLASS   BANK5          

        CLASS   SFR            

        CLASS   BIGSFR         

        CLASS   CONFIG         
                config                           300000   300000        E         4

        CLASS   IDLOC          
                idloc                            200000   200000        8         5

        CLASS   EEDATA         

        CLASS   FARRAM         

        CLASS   HEAP           

        CLASS   STACK          



SEGMENTS        Name                           Load    Length   Top    Selector   Space  Class

                reset_vec                      000000  000004  000004         0       0  CODE    
                cstackCOMRAM                   000001  00005A  00005B         1       1  COMRAM  
                idataCOMRAM                    002232  000004  002236      2232       0  CODE    
                text10                         002236  000010  002246      111B       0  CODE    
                text11                         002246  000012  002258      1123       0  CODE    
                text9                          002258  000014  00226C      112C       0  CODE    
                text0                          00226C  00001A  002286      1136       0  CODE    
                cinit                          002286  000028  0022AE      1143       0  CODE    
                text1                          0022AE  000076  002324      1157       0  CODE    
                text3                          002324  00007C  0023A0      1192       0  CODE    
                text4                          0023A0  0000DA  00247A      11D0       0  CODE    
                text6                          00247A  000106  002580      123D       0  CODE    
                text2                          002580  000108  002688      12C0       0  CODE    
                text5                          002688  0001B4  00283C      1344       0  CODE    
                text8                          00283C  00039A  002BD6      141E       0  CODE    
                text7                          002BD6  00042A  003000      15EB       0  CODE    


UNUSED ADDRESS RANGES

        Name                Unused          Largest block    Delta
        BANK0            000060-0000FF               A0
        BANK1            000100-0001FF              100
        BANK2            000200-0002FF              100
        BANK3            000300-0003FF              100
        BANK4            000400-0004FF              100
        BANK5            000500-0005FF              100
        BIGRAM           00005B-0005FF              5A5
        BIGSFR           000D00-000FFF              300
        CODE             000004-002231             222E
                         003000-003000                1
        COMRAM           00005B-00005F                5
        CONST            000004-002231             222E
                         003000-003000                1
        EEDATA           F00000-F000FF              100
        MEDIUMCONST      000600-002231             1C32
                         003000-003000                1
        RAM              000060-0005FF              100
        SFR              000D00-000FFF              100
        SMALLCONST       000600-002231              100
                         003000-003000                1

                                  Symbol Table

?___fldiv                    cstackCOMRAM 00000F
?___flmul                    cstackCOMRAM 000028
?___fltol                    cstackCOMRAM 000041
?___xxtofl                   cstackCOMRAM 000001
_ADCON1                      (abs)        000FC1
_CCP1CON                     (abs)        000FBD
_CCPR1L                      (abs)        000FBE
_PORTB                       (abs)        000F81
_PORTBbits                   (abs)        000F81
_PR2                         (abs)        000FCB
_RBPU                        (abs)        007F8F
_T2CKPS0                     (abs)        007E50
_T2CKPS1                     (abs)        007E51
_TMR2ON                      (abs)        007E52
_TRISB                       (abs)        000F93
_TRISC2                      (abs)        007CA2
__HRAM                       (abs)        000000
__Habs1                      abs1         000000
__Hbank0                     bank0        000000
__Hbank1                     bank1        000000
__Hbank2                     bank2        000000
__Hbank3                     bank3        000000
__Hbank4                     bank4        000000
__Hbank5                     bank5        000000
__Hbigbss                    bigbss       000000
__Hbigdata                   bigdata      000000
__Hbigram                    bigram       000000
__Hbigsfr                    bigsfr       000000
__Hbss                       bss          000000
__HbssCOMRAM                 bssCOMRAM    000000
__Hcinit                     cinit        000000
__Hclrtext                   clrtext      000000
__Hcomram                    comram       000000
__Hconfig                    config       30000E
__Hconst                     const        000000
__HcstackCOMRAM              cstackCOMRAM 000000
__Hdata                      data         000000
__HdataCOMRAM                dataCOMRAM   000000
__Heeprom_data               eeprom_data  000000
__Hfarbss                    farbss       000000
__Hfardata                   fardata      000000
__Hheap                      heap         000000
__Hibigdata                  ibigdata     000000
__Hidata                     idata        000000
__HidataCOMRAM               idataCOMRAM  000000
__Hidloc                     idloc        200008
__Hifardata                  ifardata     000000
__Hinit                      init         000004
__Hintcode                   intcode      000000
__Hintcode_body              intcode_body 000000
__Hintcodelo                 intcodelo    000000
__Hintentry                  intentry     000000
__Hintret                    intret       000000
__Hintsave_regs              intsave_regs 000000
__Hirdata                    irdata       000000
__Hmediumconst               mediumconst  000000
__HnvFARRAM                  nvFARRAM     000000
__Hnvbit                     nvbit        000000
__Hnvrram                    nvrram       000000
__Hparam                     rparam       000000
__Hpowerup                   powerup      000000
__Hram                       ram          000000
__Hramtop                    ramtop       000600
__Hrbit                      rbit         000000
__Hrbss                      rbss         000000
__Hrdata                     rdata        000000
__Hreset_vec                 reset_vec    000000
__Hrparam                    rparam       000000
__Hsfr                       sfr          000000
__Hsmallconst                smallconst   000000
__Hspace_0                   (abs)        003000
__Hspace_1                   (abs)        00005B
__Hspace_2                   (abs)        000000
__Hspace_4                   (abs)        60000E
__Hstack                     stack        000000
__Hstruct                    struct       000000
__Htemp                      temp         000000
__Htext                      text         000000
__Htext0                     text0        000000
__Htext1                     text1        000000
__Htext10                    text10       000000
__Htext11                    text11       000000
__Htext2                     text2        000000
__Htext3                     text3        000000
__Htext4                     text4        000000
__Htext5                     text5        000000
__Htext6                     text6        000000
__Htext7                     text7        000000
__Htext8                     text8        000000
__Htext9                     text9        000000
__LRAM                       (abs)        000001
__Labs1                      abs1         000000
__Lbank0                     bank0        000000
__Lbank1                     bank1        000000
__Lbank2                     bank2        000000
__Lbank3                     bank3        000000
__Lbank4                     bank4        000000
__Lbank5                     bank5        000000
__Lbigbss                    bigbss       000000
__Lbigdata                   bigdata      000000
__Lbigram                    bigram       000000
__Lbigsfr                    bigsfr       000000
__Lbss                       bss          000000
__LbssCOMRAM                 bssCOMRAM    000000
__Lcinit                     cinit        000000
__Lclrtext                   clrtext      000000
__Lcomram                    comram       000000
__Lconfig                    config       000000
__Lconst                     const        000000
__LcstackCOMRAM              cstackCOMRAM 000000
__Ldata                      data         000000
__LdataCOMRAM                dataCOMRAM   000000
__Leeprom_data               eeprom_data  000000
__Lfarbss                    farbss       000000
__Lfardata                   fardata      000000
__Lheap                      heap         000000
__Libigdata                  ibigdata     000000
__Lidata                     idata        000000
__LidataCOMRAM               idataCOMRAM  000000
__Lidloc                     idloc        000000
__Lifardata                  ifardata     000000
__Linit                      init         000000
__Lintcode                   intcode      000000
__Lintcode_body              intcode_body 000000
__Lintcodelo                 intcodelo    000000
__Lintentry                  intentry     000000
__Lintret                    intret       000000
__Lintsave_regs              intsave_regs 000000
__Lirdata                    irdata       000000
__Lmediumconst               mediumconst  000000
__LnvFARRAM                  nvFARRAM     000000
__Lnvbit                     nvbit        000000
__Lnvrram                    nvrram       000000
__Lparam                     rparam       000000
__Lpowerup                   powerup      000000
__Lram                       ram          000000
__Lramtop                    ramtop       000600
__Lrbit                      rbit         000000
__Lrbss                      rbss         000000
__Lrdata                     rdata        000000
__Lreset_vec                 reset_vec    000000
__Lrparam                    rparam       000000
__Lsfr                       sfr          000000
__Lsmallconst                smallconst   000000
__Lspace_0                   (abs)        000000
__Lspace_1                   (abs)        000000
__Lspace_2                   (abs)        000000
__Lspace_4                   (abs)        000000
__Lstack                     stack        000000
__Lstruct                    struct       000000
__Ltemp                      temp         000000
__Ltext                      text         000000
__Ltext0                     text0        000000
__Ltext1                     text1        000000
__Ltext10                    text10       000000
__Ltext11                    text11       000000
__Ltext2                     text2        000000
__Ltext3                     text3        000000
__Ltext4                     text4        000000
__Ltext5                     text5        000000
__Ltext6                     text6        000000
__Ltext7                     text7        000000
__Ltext8                     text8        000000
__Ltext9                     text9        000000
__S0                         (abs)        003000
__S1                         (abs)        00005B
__S4                         (abs)        000000
__S5                         (abs)        000000
___fldiv                     text8        00283C
___fldiv@a                   cstackCOMRAM 000013
___fldiv@aexp                cstackCOMRAM 000027
___fldiv@b                   cstackCOMRAM 00000F
___fldiv@bexp                cstackCOMRAM 000026
___fldiv@grs                 cstackCOMRAM 000022
___fldiv@new_exp             cstackCOMRAM 000020
___fldiv@rem                 cstackCOMRAM 00001B
___fldiv@sign                cstackCOMRAM 00001F
___flmul                     text7        002BD6
___flmul@a                   cstackCOMRAM 00002C
___flmul@aexp                cstackCOMRAM 000039
___flmul@b                   cstackCOMRAM 000028
___flmul@bexp                cstackCOMRAM 00003A
___flmul@grs                 cstackCOMRAM 000035
___flmul@prod                cstackCOMRAM 00003B
___flmul@sign                cstackCOMRAM 000034
___flmul@temp                cstackCOMRAM 00003F
___fltol                     text6        00247A
___fltol@exp1                cstackCOMRAM 00004A
___fltol@f1                  cstackCOMRAM 000041
___fltol@sign1               cstackCOMRAM 000049
___heap_hi                   (abs)        000000
___heap_lo                   (abs)        000000
___inthi_sp                  stack        000000
___intlo_sp                  stack        000000
___param_bank                (abs)        000000
___rparam_used               (abs)        000001
___sp                        stack        000000
___xxtofl                    text5        002688
___xxtofl@arg                cstackCOMRAM 00000B
___xxtofl@exp                cstackCOMRAM 00000A
___xxtofl@sign               cstackCOMRAM 000009
___xxtofl@val                cstackCOMRAM 000001
__accesstop                  (abs)        000060
__activetblptr               (abs)        000000
__end_of___fldiv             text8        002BD6
__end_of___flmul             text7        003000
__end_of___fltol             text6        002580
__end_of___xxtofl            text5        00283C
__end_of__initialization     cinit        0022A8
__end_of_init_config         text9        00226C
__end_of_init_matrix_keypad  text11       002258
__end_of_init_pwm            text10       002246
__end_of_main                text0        002286
__end_of_pwm_control         text3        0023A0
__end_of_read_switches       text1        002324
__end_of_scan_key            text2        002688
__end_of_set_pwm_duty        text4        00247A
__initialization             cinit        002286
__mediumconst                mediumconst  000000
__pbssCOMRAM                 bssCOMRAM    00005A
__pcinit                     cinit        002286
__pcstackCOMRAM              cstackCOMRAM 000001
__pdataCOMRAM                dataCOMRAM   000056
__pidataCOMRAM               idataCOMRAM  002232
__ptext0                     text0        00226C
__ptext1                     text1        0022AE
__ptext10                    text10       002236
__ptext11                    text11       002246
__ptext2                     text2        002580
__ptext3                     text3        002324
__ptext4                     text4        0023A0
__ptext5                     text5        002688
__ptext6                     text6        00247A
__ptext7                     text7        002BD6
__ptext8                     text8        00283C
__ptext9                     text9        002258
__ramtop                     ramtop       000600
__smallconst                 smallconst   000000
_init_config                 text9        002258
_init_matrix_keypad          text11       002246
_init_pwm                    text10       002236
_main                        text0        00226C
_pwm_control                 text3        002324
_read_switches               text1        0022AE
_scan_key                    text2        002580
_set_pwm_duty                text4        0023A0
_set_pwm_duty$770            cstackCOMRAM 00004D
end_of_initialization        cinit        0022A8
intlevel0                    text         000000
intlevel1                    text         000000
intlevel2                    text         000000
intlevel3                    text         000000
isa$std                      (abs)        000001
isa$xinst                    (abs)        000000
main@key                     cstackCOMRAM 000055
pwm_control@duty_cycle       dataCOMRAM   000059
pwm_control@key              cstackCOMRAM 000054
pwm_control@wait             dataCOMRAM   000056
read_switches@detection_type cstackCOMRAM 000001
read_switches@key            bssCOMRAM    00005A
read_switches@once           dataCOMRAM   000058
set_pwm_duty@duty            cstackCOMRAM 000051
set_pwm_duty@reg_val         cstackCOMRAM 000052
stackhi                      (abs)        000000
stacklo                      (abs)        000000
start                        init         000000
start_initialization         cinit        002286


MODULE INFORMATION

Module		Function		Class		Link	Load	Size
C:\Program Files\Microchip\xc8\v2.40\pic\sources\c99\common\sprcmul.c
		___flmul       		CODE           	2BD6	0000	1066

C:\Program Files\Microchip\xc8\v2.40\pic\sources\c99\common\sprcmul.c estimated size: 1066

C:\Program Files\Microchip\xc8\v2.40\pic\sources\c99\common\sprcdiv.c
		___fldiv       		CODE           	283C	0000	922

C:\Program Files\Microchip\xc8\v2.40\pic\sources\c99\common\sprcdiv.c estimated size: 922

C:\Program Files\Microchip\xc8\v2.40\pic\sources\c99\common\fltol.c
		___fltol       		CODE           	247A	0000	262

C:\Program Files\Microchip\xc8\v2.40\pic\sources\c99\common\fltol.c estimated size: 262

matrix_keypad.c
		_init_matrix_keypad		CODE           	2246	0000	18
		_read_switches 		CODE           	22AE	0000	118
		_scan_key      		CODE           	2580	0000	264

matrix_keypad.c estimated size: 400

pwm.c
		_init_pwm      		CODE           	2236	0000	16
		_set_pwm_duty  		CODE           	23A0	0000	218

pwm.c estimated size: 234

C:\Program Files\Microchip\xc8\v2.40\pic\sources\c99\common\xxtofl.c
		___xxtofl      		CODE           	2688	0000	436

C:\Program Files\Microchip\xc8\v2.40\pic\sources\c99\common\xxtofl.c estimated size: 436

shared
		__initialization		CODE           	2286	0000	34

shared estimated size: 34

main.c
		_main          		CODE           	226C	0000	26
		_pwm_control   		CODE           	2324	0000	124
		_init_config   		CODE           	2258	0000	20

main.c estimated size: 170

