

Microchip MPLAB XC8 Assembler V2.40 build 20220703182018 
                                                                                               Wed Jun 28 12:12:09 2023

Microchip MPLAB XC8 C Compiler v2.40 (Free license) build 20220703182018 Og1 
     1                           	processor	18F4580
     2                           	fnconf	rparam,??,?,0
     3                           	pagewidth 120
     4                           	opt	flic
     5                           	psect	cinit,global,reloc=2,class=CODE,delta=1
     6                           	psect	cstackCOMRAM,global,class=COMRAM,space=1,delta=1,lowdata,noexec
     7                           	psect	text0,global,reloc=2,class=CODE,delta=1
     8                           	psect	text1,global,reloc=2,class=CODE,delta=1
     9                           	psect	intsave_regs,global,class=BIGRAM,space=1,delta=1,noexec
    10                           	psect	rparam,global,class=COMRAM,space=1,delta=1,noexec
    11                           	psect	idloc,global,abs,ovrld,class=IDLOC,space=5,delta=1,noexec
    12                           	psect	config,global,abs,ovrld,class=CONFIG,space=4,delta=1,noexec
    13   000000                     
    14                           ; Version 2.20
    15                           ; Generated 12/02/2020 GMT
    16                           ; 
    17                           ; Copyright © 2020, Microchip Technology Inc. and its subsidiaries ("Microchip")
    18                           ; All rights reserved.
    19                           ; 
    20                           ; This software is developed by Microchip Technology Inc. and its subsidiaries ("Microch
      +                          ip").
    21                           ; 
    22                           ; Redistribution and use in source and binary forms, with or without modification, are
    23                           ; permitted provided that the following conditions are met:
    24                           ; 
    25                           ;     1. Redistributions of source code must retain the above copyright notice, this lis
      +                          t of
    26                           ;        conditions and the following disclaimer.
    27                           ; 
    28                           ;     2. Redistributions in binary form must reproduce the above copyright notice, this 
      +                          list
    29                           ;        of conditions and the following disclaimer in the documentation and/or other
    30                           ;        materials provided with the distribution.
    31                           ; 
    32                           ;     3. Microchip's name may not be used to endorse or promote products derived from th
      +                          is
    33                           ;        software without specific prior written permission.
    34                           ; 
    35                           ; THIS SOFTWARE IS PROVIDED BY MICROCHIP "AS IS" AND ANY EXPRESS OR IMPLIED WARRANTIES,
    36                           ; INCLUDING, BUT NOT LIMITED TO, THE IMPLIED WARRANTIES OF MERCHANTABILITY AND FITNESS F
      +                          OR
    37                           ; PURPOSE ARE DISCLAIMED.  IN NO EVENT SHALL MICROCHIP BE LIABLE FOR ANY DIRECT, INDIREC
      +                          T,
    38                           ; INCIDENTAL, SPECIAL, EXEMPLARY, OR CONSEQUENTIAL DAMAGES (INCLUDING BUT NOT LIMITED TO
    39                           ; PROCUREMENT OF SUBSTITUTE GOODS OR SERVICES; LOSS OF USE, DATA OR PROFITS; OR BUSINESS
    40                           ; INTERRUPTION) HOWSOEVER CAUSED AND ON ANY THEORY OF LIABILITY, WHETHER IN CONTRACT, ST
      +                          RICT
    41                           ; LIABILITY, OR TORT (INCLUDING NEGLIGENCE OR OTHERWISE) ARISING IN ANY WAY OUT OF THE U
      +                          SE OF
    42                           ; THIS SOFTWARE, EVEN IF ADVISED OF THE POSSIBILITY OF SUCH DAMAGE.
    43                           ; 
    44                           ; 
    45                           ; Code-generator required, PIC18F4580 Definitions
    46                           ; 
    47                           ; SFR Addresses
    48   000000                     _RB0	set	31752
    49   000000                     _RB1	set	31753
    50   000000                     _PORTB	set	3969
    51   000000                     _ADCON1	set	4033
    52   000000                     _TRISB	set	3987
    53                           
    54                           ; #config settings
    55                           
    56                           	psect	cinit
    57   002F96                     __pcinit:
    58                           	callstack 0
    59   002F96                     start_initialization:
    60                           	callstack 0
    61   002F96                     __initialization:
    62                           	callstack 0
    63   002F96                     end_of_initialization:
    64                           	callstack 0
    65   002F96                     __end_of__initialization:
    66                           	callstack 0
    67   002F96  0100               	movlb	0
    68   002F98  EFD6  F017         	goto	_main	;jump to C main() function
    69                           
    70                           	psect	cstackCOMRAM
    71   000001                     __pcstackCOMRAM:
    72                           	callstack 0
    73   000001                     main@prog_cycle:
    74                           	callstack 0
    75                           
    76                           ; 2 bytes @ 0x0
    77   000001                     	ds	2
    78                           
    79 ;;
    80 ;;Main: autosize = 0, tempsize = 0, incstack = 0, save=0
    81 ;;
    82 ;; *************** function _main *****************
    83 ;; Defined at:
    84 ;;		line 16 in file "main.c"
    85 ;; Parameters:    Size  Location     Type
    86 ;;		None
    87 ;; Auto vars:     Size  Location     Type
    88 ;;  prog_cycle      2    0[COMRAM] unsigned int 
    89 ;;  duty_cycle      2    0        unsigned int 
    90 ;; Return value:  Size  Location     Type
    91 ;;                  1    wreg      void 
    92 ;; Registers used:
    93 ;;		wreg, status,2, status,0, cstack
    94 ;; Tracked objects:
    95 ;;		On entry : 0/0
    96 ;;		On exit  : 0/0
    97 ;;		Unchanged: 0/0
    98 ;; Data sizes:     COMRAM   BANK0   BANK1   BANK2   BANK3   BANK4   BANK5
    99 ;;      Params:         0       0       0       0       0       0       0
   100 ;;      Locals:         2       0       0       0       0       0       0
   101 ;;      Temps:          0       0       0       0       0       0       0
   102 ;;      Totals:         2       0       0       0       0       0       0
   103 ;;Total ram usage:        2 bytes
   104 ;; Hardware stack levels required when called: 1
   105 ;; This function calls:
   106 ;;		_init_config
   107 ;; This function is called by:
   108 ;;		Startup code after reset
   109 ;; This function uses a non-reentrant model
   110 ;;
   111                           
   112                           	psect	text0
   113   002FAC                     __ptext0:
   114                           	callstack 0
   115   002FAC                     _main:
   116                           	callstack 30
   117   002FAC                     
   118                           ;main.c: 19:  unsigned int prog_cycle;;main.c: 21:  init_config();
   119   002FAC  ECCE  F017         	call	_init_config	;wreg free
   120   002FB0                     l711:
   121                           
   122                           ;main.c: 24:  {;main.c: 25:   RB0= 1;
   123   002FB0  8081               	bsf	3969,0,c	;volatile
   124   002FB2                     
   125                           ;main.c: 26:   for(prog_cycle = 100; prog_cycle--; );
   126   002FB2  0E00               	movlw	0
   127   002FB4  6E02               	movwf	(main@prog_cycle+1)^0,c
   128   002FB6  0E64               	movlw	100
   129   002FB8  6E01               	movwf	main@prog_cycle^0,c
   130   002FBA                     l715:
   131   002FBA  0601               	decf	main@prog_cycle^0,f,c
   132   002FBC  A0D8               	btfss	status,0,c
   133   002FBE  0602               	decf	(main@prog_cycle+1)^0,f,c
   134   002FC0  2801               	incf	main@prog_cycle^0,w,c
   135   002FC2  E106               	bnz	u11
   136   002FC4  2802               	incf	(main@prog_cycle+1)^0,w,c
   137   002FC6  A4D8               	btfss	status,2,c
   138   002FC8  EFE8  F017         	goto	u11
   139   002FCC  EFEA  F017         	goto	u10
   140   002FD0                     u11:
   141   002FD0  EFDD  F017         	goto	l715
   142   002FD4                     u10:
   143   002FD4                     
   144                           ;main.c: 27:   RB0 = 0;
   145   002FD4  9081               	bcf	3969,0,c	;volatile
   146   002FD6                     
   147                           ;main.c: 28:   for(prog_cycle = 1000 ; prog_cycle--; );
   148   002FD6  0E03               	movlw	3
   149   002FD8  6E02               	movwf	(main@prog_cycle+1)^0,c
   150   002FDA  0EE8               	movlw	232
   151   002FDC  6E01               	movwf	main@prog_cycle^0,c
   152   002FDE                     l719:
   153   002FDE  0601               	decf	main@prog_cycle^0,f,c
   154   002FE0  A0D8               	btfss	status,0,c
   155   002FE2  0602               	decf	(main@prog_cycle+1)^0,f,c
   156   002FE4  2801               	incf	main@prog_cycle^0,w,c
   157   002FE6  E106               	bnz	u21
   158   002FE8  2802               	incf	(main@prog_cycle+1)^0,w,c
   159   002FEA  A4D8               	btfss	status,2,c
   160   002FEC  EFFA  F017         	goto	u21
   161   002FF0  EFFC  F017         	goto	u20
   162   002FF4                     u21:
   163   002FF4  EFEF  F017         	goto	l719
   164   002FF8                     u20:
   165   002FF8  EFD8  F017         	goto	l711
   166   002FFC  EF00  F000         	goto	start
   167   003000                     __end_of_main:
   168                           	callstack 0
   169                           
   170 ;; *************** function _init_config *****************
   171 ;; Defined at:
   172 ;;		line 6 in file "main.c"
   173 ;; Parameters:    Size  Location     Type
   174 ;;		None
   175 ;; Auto vars:     Size  Location     Type
   176 ;;		None
   177 ;; Return value:  Size  Location     Type
   178 ;;                  1    wreg      void 
   179 ;; Registers used:
   180 ;;		wreg, status,2
   181 ;; Tracked objects:
   182 ;;		On entry : 0/0
   183 ;;		On exit  : 0/0
   184 ;;		Unchanged: 0/0
   185 ;; Data sizes:     COMRAM   BANK0   BANK1   BANK2   BANK3   BANK4   BANK5
   186 ;;      Params:         0       0       0       0       0       0       0
   187 ;;      Locals:         0       0       0       0       0       0       0
   188 ;;      Temps:          0       0       0       0       0       0       0
   189 ;;      Totals:         0       0       0       0       0       0       0
   190 ;;Total ram usage:        0 bytes
   191 ;; Hardware stack levels used: 1
   192 ;; This function calls:
   193 ;;		Nothing
   194 ;; This function is called by:
   195 ;;		_main
   196 ;; This function uses a non-reentrant model
   197 ;;
   198                           
   199                           	psect	text1
   200   002F9C                     __ptext1:
   201                           	callstack 0
   202   002F9C                     _init_config:
   203                           	callstack 30
   204   002F9C                     
   205                           ;main.c: 8:  ADCON1 = 0x0F;
   206   002F9C  0E0F               	movlw	15
   207   002F9E  6EC1               	movwf	193,c	;volatile
   208                           
   209                           ;main.c: 10:  PORTB=0;
   210   002FA0  0E00               	movlw	0
   211   002FA2  6E81               	movwf	129,c	;volatile
   212                           
   213                           ;main.c: 11:  TRISB = 0;
   214   002FA4  0E00               	movlw	0
   215   002FA6  6E93               	movwf	147,c	;volatile
   216   002FA8                     
   217                           ;main.c: 12:  RB1 = 1;
   218   002FA8  8281               	bsf	3969,1,c	;volatile
   219   002FAA  0012               	return		;funcret
   220   002FAC                     __end_of_init_config:
   221                           	callstack 0
   222   000000                     
   223                           	psect	rparam
   224   000000                     
   225                           	psect	idloc
   226                           
   227                           ;Config register IDLOC0 @ 0x200000
   228                           ;	unspecified, using default values
   229   200000                     	org	2097152
   230   200000  FF                 	db	255
   231                           
   232                           ;Config register IDLOC1 @ 0x200001
   233                           ;	unspecified, using default values
   234   200001                     	org	2097153
   235   200001  FF                 	db	255
   236                           
   237                           ;Config register IDLOC2 @ 0x200002
   238                           ;	unspecified, using default values
   239   200002                     	org	2097154
   240   200002  FF                 	db	255
   241                           
   242                           ;Config register IDLOC3 @ 0x200003
   243                           ;	unspecified, using default values
   244   200003                     	org	2097155
   245   200003  FF                 	db	255
   246                           
   247                           ;Config register IDLOC4 @ 0x200004
   248                           ;	unspecified, using default values
   249   200004                     	org	2097156
   250   200004  FF                 	db	255
   251                           
   252                           ;Config register IDLOC5 @ 0x200005
   253                           ;	unspecified, using default values
   254   200005                     	org	2097157
   255   200005  FF                 	db	255
   256                           
   257                           ;Config register IDLOC6 @ 0x200006
   258                           ;	unspecified, using default values
   259   200006                     	org	2097158
   260   200006  FF                 	db	255
   261                           
   262                           ;Config register IDLOC7 @ 0x200007
   263                           ;	unspecified, using default values
   264   200007                     	org	2097159
   265   200007  FF                 	db	255
   266                           
   267                           	psect	config
   268                           
   269                           ; Padding undefined space
   270   300000                     	org	3145728
   271   300000  FF                 	db	255
   272                           
   273                           ;Config register CONFIG1H @ 0x300001
   274                           ;	unspecified, using default values
   275                           ;	Oscillator Selection bits
   276                           ;	OSC = 0x7, unprogrammed default
   277                           ;	Fail-Safe Clock Monitor Enable bit
   278                           ;	FCMEN = 0x0, unprogrammed default
   279                           ;	Internal/External Oscillator Switchover bit
   280                           ;	IESO = 0x0, unprogrammed default
   281   300001                     	org	3145729
   282   300001  07                 	db	7
   283                           
   284                           ;Config register CONFIG2L @ 0x300002
   285                           ;	unspecified, using default values
   286                           ;	Power-up Timer Enable bit
   287                           ;	PWRT = 0x1, unprogrammed default
   288                           ;	Brown-out Reset Enable bits
   289                           ;	BOREN = 0x3, unprogrammed default
   290                           ;	Brown-out Reset Voltage bits
   291                           ;	BORV = 0x3, unprogrammed default
   292   300002                     	org	3145730
   293   300002  1F                 	db	31
   294                           
   295                           ;Config register CONFIG2H @ 0x300003
   296                           ;	unspecified, using default values
   297                           ;	Watchdog Timer Enable bit
   298                           ;	WDT = 0x1, unprogrammed default
   299                           ;	Watchdog Timer Postscale Select bits
   300                           ;	WDTPS = 0xF, unprogrammed default
   301   300003                     	org	3145731
   302   300003  1F                 	db	31
   303                           
   304                           ; Padding undefined space
   305   300004                     	org	3145732
   306   300004  FF                 	db	255
   307                           
   308                           ;Config register CONFIG3H @ 0x300005
   309                           ;	unspecified, using default values
   310                           ;	PORTB A/D Enable bit
   311                           ;	PBADEN = 0x1, unprogrammed default
   312                           ;	Low-Power Timer 1 Oscillator Enable bit
   313                           ;	LPT1OSC = 0x0, unprogrammed default
   314                           ;	MCLR Pin Enable bit
   315                           ;	MCLRE = 0x1, unprogrammed default
   316   300005                     	org	3145733
   317   300005  82                 	db	130
   318                           
   319                           ;Config register CONFIG4L @ 0x300006
   320                           ;	unspecified, using default values
   321                           ;	Stack Full/Underflow Reset Enable bit
   322                           ;	STVREN = 0x1, unprogrammed default
   323                           ;	Single-Supply ICSP Enable bit
   324                           ;	LVP = 0x1, unprogrammed default
   325                           ;	Boot Block Size Select bit
   326                           ;	BBSIZ = 0x0, unprogrammed default
   327                           ;	Extended Instruction Set Enable bit
   328                           ;	XINST = 0x0, unprogrammed default
   329                           ;	Background Debugger Enable bit
   330                           ;	DEBUG = 0x1, unprogrammed default
   331   300006                     	org	3145734
   332   300006  85                 	db	133
   333                           
   334                           ; Padding undefined space
   335   300007                     	org	3145735
   336   300007  FF                 	db	255
   337                           
   338                           ;Config register CONFIG5L @ 0x300008
   339                           ;	unspecified, using default values
   340                           ;	Code Protection bit
   341                           ;	CP0 = 0x1, unprogrammed default
   342                           ;	Code Protection bit
   343                           ;	CP1 = 0x1, unprogrammed default
   344                           ;	Code Protection bit
   345                           ;	CP2 = 0x1, unprogrammed default
   346                           ;	Code Protection bit
   347                           ;	CP3 = 0x1, unprogrammed default
   348   300008                     	org	3145736
   349   300008  0F                 	db	15
   350                           
   351                           ;Config register CONFIG5H @ 0x300009
   352                           ;	unspecified, using default values
   353                           ;	Boot Block Code Protection bit
   354                           ;	CPB = 0x1, unprogrammed default
   355                           ;	Data EEPROM Code Protection bit
   356                           ;	CPD = 0x1, unprogrammed default
   357   300009                     	org	3145737
   358   300009  C0                 	db	192
   359                           
   360                           ;Config register CONFIG6L @ 0x30000A
   361                           ;	unspecified, using default values
   362                           ;	Write Protection bit
   363                           ;	WRT0 = 0x1, unprogrammed default
   364                           ;	Write Protection bit
   365                           ;	WRT1 = 0x1, unprogrammed default
   366                           ;	Write Protection bit
   367                           ;	WRT2 = 0x1, unprogrammed default
   368                           ;	Write Protection bit
   369                           ;	WRT3 = 0x1, unprogrammed default
   370   30000A                     	org	3145738
   371   30000A  0F                 	db	15
   372                           
   373                           ;Config register CONFIG6H @ 0x30000B
   374                           ;	unspecified, using default values
   375                           ;	Configuration Register Write Protection bit
   376                           ;	WRTC = 0x1, unprogrammed default
   377                           ;	Boot Block Write Protection bit
   378                           ;	WRTB = 0x1, unprogrammed default
   379                           ;	Data EEPROM Write Protection bit
   380                           ;	WRTD = 0x1, unprogrammed default
   381   30000B                     	org	3145739
   382   30000B  E0                 	db	224
   383                           
   384                           ;Config register CONFIG7L @ 0x30000C
   385                           ;	unspecified, using default values
   386                           ;	Table Read Protection bit
   387                           ;	EBTR0 = 0x1, unprogrammed default
   388                           ;	Table Read Protection bit
   389                           ;	EBTR1 = 0x1, unprogrammed default
   390                           ;	Table Read Protection bit
   391                           ;	EBTR2 = 0x1, unprogrammed default
   392                           ;	Table Read Protection bit
   393                           ;	EBTR3 = 0x1, unprogrammed default
   394   30000C                     	org	3145740
   395   30000C  0F                 	db	15
   396                           
   397                           ;Config register CONFIG7H @ 0x30000D
   398                           ;	unspecified, using default values
   399                           ;	Boot Block Table Read Protection bit
   400                           ;	EBTRB = 0x1, unprogrammed default
   401   30000D                     	org	3145741
   402   30000D  40                 	db	64
   403                           tosu	equ	0xFFF
   404                           tosh	equ	0xFFE
   405                           tosl	equ	0xFFD
   406                           stkptr	equ	0xFFC
   407                           pclatu	equ	0xFFB
   408                           pclath	equ	0xFFA
   409                           pcl	equ	0xFF9
   410                           tblptru	equ	0xFF8
   411                           tblptrh	equ	0xFF7
   412                           tblptrl	equ	0xFF6
   413                           tablat	equ	0xFF5
   414                           prodh	equ	0xFF4
   415                           prodl	equ	0xFF3
   416                           indf0	equ	0xFEF
   417                           postinc0	equ	0xFEE
   418                           postdec0	equ	0xFED
   419                           preinc0	equ	0xFEC
   420                           plusw0	equ	0xFEB
   421                           fsr0h	equ	0xFEA
   422                           fsr0l	equ	0xFE9
   423                           wreg	equ	0xFE8
   424                           indf1	equ	0xFE7
   425                           postinc1	equ	0xFE6
   426                           postdec1	equ	0xFE5
   427                           preinc1	equ	0xFE4
   428                           plusw1	equ	0xFE3
   429                           fsr1h	equ	0xFE2
   430                           fsr1l	equ	0xFE1
   431                           bsr	equ	0xFE0
   432                           indf2	equ	0xFDF
   433                           postinc2	equ	0xFDE
   434                           postdec2	equ	0xFDD
   435                           preinc2	equ	0xFDC
   436                           plusw2	equ	0xFDB
   437                           fsr2h	equ	0xFDA
   438                           fsr2l	equ	0xFD9
   439                           status	equ	0xFD8

Data Sizes:
    Strings     0
    Constant    0
    Data        0
    BSS         0
    Persistent  0
    Stack       0

Auto Spaces:
    Space          Size  Autos    Used
    COMRAM           95      2       2
    BANK0           160      0       0
    BANK1           256      0       0
    BANK2           256      0       0
    BANK3           256      0       0
    BANK4           256      0       0
    BANK5           256      0       0

Pointer List with Targets:

    None.

Critical Paths under _main in COMRAM

    None.

Critical Paths under _main in BANK0

    None.

Critical Paths under _main in BANK1

    None.

Critical Paths under _main in BANK2

    None.

Critical Paths under _main in BANK3

    None.

Critical Paths under _main in BANK4

    None.

Critical Paths under _main in BANK5

    None.

Call Graph Tables:

 ---------------------------------------------------------------------------------
 (Depth) Function   	        Calls       Base Space   Used Autos Params    Refs
 ---------------------------------------------------------------------------------
 (0) _main                                                 4     4      0      30
                                              0 COMRAM     2     2      0
                        _init_config
 ---------------------------------------------------------------------------------
 (1) _init_config                                          0     0      0       0
 ---------------------------------------------------------------------------------
 Estimated maximum stack depth 1
 ---------------------------------------------------------------------------------

 Call Graph Graphs:

 _main (ROOT)
   _init_config

 Address spaces:
Name               Size   Autos  Total    Cost      Usage
BITCOMRAM           5F      0       0       0        0.0%
EEDATA             100      0       0       0        0.0%
NULL                 0      0       0       0        0.0%
CODE                 0      0       0       0        0.0%
COMRAM              5F      2       2       1        2.1%
STACK                0      0       0       2        0.0%
DATA                 0      0       0       3        0.0%
BITBANK0            A0      0       0       4        0.0%
BANK0               A0      0       0       5        0.0%
BITBANK1           100      0       0       6        0.0%
BANK1              100      0       0       7        0.0%
BITBANK2           100      0       0       8        0.0%
BANK2              100      0       0       9        0.0%
BITBANK3           100      0       0      10        0.0%
BANK3              100      0       0      11        0.0%
BITBANK4           100      0       0      12        0.0%
BANK4              100      0       0      13        0.0%
BITBANK5           100      0       0      14        0.0%
BANK5              100      0       0      15        0.0%
BITBIGSFRh          3E      0       0      16        0.0%
BITBIGSFRlhh        2D      0       0      17        0.0%
BITBIGSFRlhl        11      0       0      18        0.0%
BITBIGSFRll        281      0       0      19        0.0%
ABS                  0      0       0      20        0.0%
BIGRAM             5FF      0       0      21        0.0%
BIGSFR               0      0       0     200        0.0%
BITSFR_3             0      0       0     200        0.0%
SFR_3                0      0       0     200        0.0%
BITSFR_2             0      0       0     200        0.0%
SFR_2                0      0       0     200        0.0%
BITSFR_1             0      0       0     200        0.0%
SFR_1                0      0       0     200        0.0%
BITSFR               0      0       0     200        0.0%
SFR                  0      0       0     200        0.0%


Microchip Technology PIC18 Macro Assembler V2.40 build 20220703182018 
Symbol Table                                                                                   Wed Jun 28 12:12:09 2023

                     l13 2FAA                       l21 2FD4                       u10 2FD4  
                     u11 2FD0                       u20 2FF8                       u21 2FF4  
                    l703 2F9C                      l711 2FB0                      l705 2FA8  
                    l713 2FB2                      l715 2FBA                      l707 2FAC  
                    l717 2FD6                      l709 2FAC                      l719 2FDE  
                    _RB0 007C08                      _RB1 007C09                     _main 2FAC  
                   start 0000             ___param_bank 000000                    ?_main 0001  
           ?_init_config 0001                    _PORTB 000F81                    _TRISB 000F93  
                  status 000FD8          __initialization 2F96             __end_of_main 3000  
                 ??_main 0001            __activetblptr 000000                   _ADCON1 000FC1  
                 isa$std 000001               __accesstop 0060  __end_of__initialization 2F96  
          ___rparam_used 000001           __pcstackCOMRAM 0001                  __Hparam 0000  
                __Lparam 0000                  __pcinit 2F96                  __ramtop 0600  
                __ptext0 2FAC                  __ptext1 2F9C     end_of_initialization 2F96  
         main@prog_cycle 0001      start_initialization 2F96            ??_init_config 0001  
    __end_of_init_config 2FAC                 __Hrparam 0000                 __Lrparam 0000  
            _init_config 2F9C                 isa$xinst 000000  
