

Microchip MPLAB XC8 Assembler V2.40 build 20220703182018 
                                                                                               Wed Jun 28 12:39:58 2023

Microchip MPLAB XC8 C Compiler v2.40 (Free license) build 20220703182018 Og1 
     1                           	processor	18F4580
     2                           	fnconf	rparam,??,?,0
     3                           	pagewidth 120
     4                           	opt	flic
     5                           	psect	cinit,global,reloc=2,class=CODE,delta=1
     6                           	psect	bssCOMRAM,global,class=COMRAM,space=1,delta=1,lowdata,noexec
     7                           	psect	cstackCOMRAM,global,class=COMRAM,space=1,delta=1,lowdata,noexec
     8                           	psect	text0,global,reloc=2,class=CODE,delta=1
     9                           	psect	text1,global,reloc=2,class=CODE,delta=1
    10                           	psect	text2,global,reloc=2,class=CODE,delta=1
    11                           	psect	intcode,global,reloc=2,class=CODE,delta=1
    12                           	psect	intcode_body,global,reloc=2,class=CODE,delta=1
    13                           	psect	intsave_regs,global,class=BIGRAM,space=1,delta=1,noexec
    14                           	psect	rparam,global,class=COMRAM,space=1,delta=1,noexec
    15                           	psect	temp,global,ovrld,common,class=COMRAM,space=1,delta=1
    16                           	psect	idloc,global,abs,ovrld,class=IDLOC,space=5,delta=1,noexec
    17                           	psect	config,global,abs,ovrld,class=CONFIG,space=4,delta=1,noexec
    18   000000                     
    19                           ; Version 2.20
    20                           ; Generated 12/02/2020 GMT
    21                           ; 
    22                           ; Copyright © 2020, Microchip Technology Inc. and its subsidiaries ("Microchip")
    23                           ; All rights reserved.
    24                           ; 
    25                           ; This software is developed by Microchip Technology Inc. and its subsidiaries ("Microch
      +                          ip").
    26                           ; 
    27                           ; Redistribution and use in source and binary forms, with or without modification, are
    28                           ; permitted provided that the following conditions are met:
    29                           ; 
    30                           ;     1. Redistributions of source code must retain the above copyright notice, this lis
      +                          t of
    31                           ;        conditions and the following disclaimer.
    32                           ; 
    33                           ;     2. Redistributions in binary form must reproduce the above copyright notice, this 
      +                          list
    34                           ;        of conditions and the following disclaimer in the documentation and/or other
    35                           ;        materials provided with the distribution.
    36                           ; 
    37                           ;     3. Microchip's name may not be used to endorse or promote products derived from th
      +                          is
    38                           ;        software without specific prior written permission.
    39                           ; 
    40                           ; THIS SOFTWARE IS PROVIDED BY MICROCHIP "AS IS" AND ANY EXPRESS OR IMPLIED WARRANTIES,
    41                           ; INCLUDING, BUT NOT LIMITED TO, THE IMPLIED WARRANTIES OF MERCHANTABILITY AND FITNESS F
      +                          OR
    42                           ; PURPOSE ARE DISCLAIMED.  IN NO EVENT SHALL MICROCHIP BE LIABLE FOR ANY DIRECT, INDIREC
      +                          T,
    43                           ; INCIDENTAL, SPECIAL, EXEMPLARY, OR CONSEQUENTIAL DAMAGES (INCLUDING BUT NOT LIMITED TO
    44                           ; PROCUREMENT OF SUBSTITUTE GOODS OR SERVICES; LOSS OF USE, DATA OR PROFITS; OR BUSINESS
    45                           ; INTERRUPTION) HOWSOEVER CAUSED AND ON ANY THEORY OF LIABILITY, WHETHER IN CONTRACT, ST
      +                          RICT
    46                           ; LIABILITY, OR TORT (INCLUDING NEGLIGENCE OR OTHERWISE) ARISING IN ANY WAY OUT OF THE U
      +                          SE OF
    47                           ; THIS SOFTWARE, EVEN IF ADVISED OF THE POSSIBILITY OF SUCH DAMAGE.
    48                           ; 
    49                           ; 
    50                           ; Code-generator required, PIC18F4580 Definitions
    51                           ; 
    52                           ; SFR Addresses
    53   000000                     _PORTB	set	3969
    54   000000                     _TMR0IE	set	32661
    55   000000                     _PSA	set	32427
    56   000000                     _TMR0ON	set	32431
    57   000000                     _T0CS	set	32429
    58   000000                     _GIE	set	32663
    59   000000                     _PEIE	set	32662
    60   000000                     _TMR0	set	4054
    61   000000                     _RB0	set	31752
    62   000000                     _TMR0IF	set	32658
    63   000000                     _TRISB	set	3987
    64   000000                     _ADCON1	set	4033
    65   000000                     _T08BIT	set	32430
    66                           
    67                           ; #config settings
    68                           
    69                           	psect	cinit
    70   000096                     __pcinit:
    71                           	callstack 0
    72   000096                     start_initialization:
    73                           	callstack 0
    74   000096                     __initialization:
    75                           	callstack 0
    76                           
    77                           ; Clear objects allocated to COMRAM (2 bytes)
    78   000096  6A02               	clrf	(__pbssCOMRAM+1)& (0+255),c
    79   000098  6A01               	clrf	__pbssCOMRAM& (0+255),c
    80   00009A                     end_of_initialization:
    81                           	callstack 0
    82   00009A                     __end_of__initialization:
    83                           	callstack 0
    84   00009A  9003               	bcf	int$flags,0,c	;clear compiler interrupt flag (level 1)
    85   00009C  9203               	bcf	int$flags,1,c	;clear compiler interrupt flag (level 2)
    86   00009E  0100               	movlb	0
    87   0000A0  EF52  F000         	goto	_main	;jump to C main() function
    88                           
    89                           	psect	bssCOMRAM
    90   000001                     __pbssCOMRAM:
    91                           	callstack 0
    92   000001                     isr@count:
    93                           	callstack 0
    94   000001                     	ds	2
    95                           
    96                           	psect	cstackCOMRAM
    97   000000                     __pcstackCOMRAM:
    98                           	callstack 0
    99   000000                     
   100                           ; 1 bytes @ 0x0
   101 ;;
   102 ;;Main: autosize = 0, tempsize = 0, incstack = 0, save=0
   103 ;;
   104 ;; *************** function _main *****************
   105 ;; Defined at:
   106 ;;		line 23 in file "main.c"
   107 ;; Parameters:    Size  Location     Type
   108 ;;		None
   109 ;; Auto vars:     Size  Location     Type
   110 ;;		None
   111 ;; Return value:  Size  Location     Type
   112 ;;                  1    wreg      void 
   113 ;; Registers used:
   114 ;;		wreg, status,2, cstack
   115 ;; Tracked objects:
   116 ;;		On entry : 0/0
   117 ;;		On exit  : 0/0
   118 ;;		Unchanged: 0/0
   119 ;; Data sizes:     COMRAM   BANK0   BANK1   BANK2   BANK3   BANK4   BANK5
   120 ;;      Params:         0       0       0       0       0       0       0
   121 ;;      Locals:         0       0       0       0       0       0       0
   122 ;;      Temps:          0       0       0       0       0       0       0
   123 ;;      Totals:         0       0       0       0       0       0       0
   124 ;;Total ram usage:        0 bytes
   125 ;; Hardware stack levels required when called: 3
   126 ;; This function calls:
   127 ;;		_init_config
   128 ;; This function is called by:
   129 ;;		Startup code after reset
   130 ;; This function uses a non-reentrant model
   131 ;;
   132                           
   133                           	psect	text0
   134   0000A4                     __ptext0:
   135                           	callstack 0
   136   0000A4                     _main:
   137                           	callstack 28
   138   0000A4                     
   139                           ;main.c: 25:  init_config();
   140   0000A4  EC35  F000         	call	_init_config	;wreg free
   141   0000A8                     l35:
   142   0000A8  EF54  F000         	goto	l35
   143   0000AC  EF07  F000         	goto	start
   144   0000B0                     __end_of_main:
   145                           	callstack 0
   146                           
   147 ;; *************** function _init_config *****************
   148 ;; Defined at:
   149 ;;		line 5 in file "main.c"
   150 ;; Parameters:    Size  Location     Type
   151 ;;		None
   152 ;; Auto vars:     Size  Location     Type
   153 ;;		None
   154 ;; Return value:  Size  Location     Type
   155 ;;                  1    wreg      void 
   156 ;; Registers used:
   157 ;;		wreg, status,2, cstack
   158 ;; Tracked objects:
   159 ;;		On entry : 0/0
   160 ;;		On exit  : 0/0
   161 ;;		Unchanged: 0/0
   162 ;; Data sizes:     COMRAM   BANK0   BANK1   BANK2   BANK3   BANK4   BANK5
   163 ;;      Params:         0       0       0       0       0       0       0
   164 ;;      Locals:         0       0       0       0       0       0       0
   165 ;;      Temps:          0       0       0       0       0       0       0
   166 ;;      Totals:         0       0       0       0       0       0       0
   167 ;;Total ram usage:        0 bytes
   168 ;; Hardware stack levels used: 1
   169 ;; Hardware stack levels required when called: 2
   170 ;; This function calls:
   171 ;;		_init_timer0
   172 ;; This function is called by:
   173 ;;		_main
   174 ;; This function uses a non-reentrant model
   175 ;;
   176                           
   177                           	psect	text1
   178   00006A                     __ptext1:
   179                           	callstack 0
   180   00006A                     _init_config:
   181                           	callstack 28
   182   00006A                     
   183                           ;main.c: 7:  PEIE = 1;
   184   00006A  8CF2               	bsf	4082,6,c	;volatile
   185   00006C                     
   186                           ;main.c: 9:  PORTB = 0x00;
   187   00006C  0E00               	movlw	0
   188   00006E  6E81               	movwf	129,c	;volatile
   189                           
   190                           ;main.c: 12:  TRISB = 0x00;
   191   000070  0E00               	movlw	0
   192   000072  6E93               	movwf	147,c	;volatile
   193                           
   194                           ;main.c: 15:  ADCON1 = 0x0F;
   195   000074  0E0F               	movlw	15
   196   000076  6EC1               	movwf	193,c	;volatile
   197   000078                     
   198                           ;main.c: 17:  init_timer0();
   199   000078  EC40  F000         	call	_init_timer0	;wreg free
   200   00007C                     
   201                           ;main.c: 19:  GIE = 1;
   202   00007C  8EF2               	bsf	4082,7,c	;volatile
   203   00007E  0012               	return		;funcret
   204   000080                     __end_of_init_config:
   205                           	callstack 0
   206                           
   207 ;; *************** function _init_timer0 *****************
   208 ;; Defined at:
   209 ;;		line 4 in file "timer0.c"
   210 ;; Parameters:    Size  Location     Type
   211 ;;		None
   212 ;; Auto vars:     Size  Location     Type
   213 ;;		None
   214 ;; Return value:  Size  Location     Type
   215 ;;                  1    wreg      void 
   216 ;; Registers used:
   217 ;;		wreg, status,2
   218 ;; Tracked objects:
   219 ;;		On entry : 0/0
   220 ;;		On exit  : 0/0
   221 ;;		Unchanged: 0/0
   222 ;; Data sizes:     COMRAM   BANK0   BANK1   BANK2   BANK3   BANK4   BANK5
   223 ;;      Params:         0       0       0       0       0       0       0
   224 ;;      Locals:         0       0       0       0       0       0       0
   225 ;;      Temps:          0       0       0       0       0       0       0
   226 ;;      Totals:         0       0       0       0       0       0       0
   227 ;;Total ram usage:        0 bytes
   228 ;; Hardware stack levels used: 1
   229 ;; Hardware stack levels required when called: 1
   230 ;; This function calls:
   231 ;;		Nothing
   232 ;; This function is called by:
   233 ;;		_init_config
   234 ;; This function uses a non-reentrant model
   235 ;;
   236                           
   237                           	psect	text2
   238   000080                     __ptext2:
   239                           	callstack 0
   240   000080                     _init_timer0:
   241                           	callstack 28
   242   000080                     
   243                           ;timer0.c: 12:  T08BIT = 1;
   244   000080  8CD5               	bsf	4053,6,c	;volatile
   245                           
   246                           ;timer0.c: 15:  T0CS = 0;
   247   000082  9AD5               	bcf	4053,5,c	;volatile
   248                           
   249                           ;timer0.c: 18:  TMR0ON = 1;
   250   000084  8ED5               	bsf	4053,7,c	;volatile
   251                           
   252                           ;timer0.c: 21:  PSA = 1;
   253   000086  86D5               	bsf	4053,3,c	;volatile
   254   000088                     
   255                           ;timer0.c: 23:  TMR0 = 6;
   256   000088  0E00               	movlw	0
   257   00008A  6ED7               	movwf	215,c	;volatile
   258   00008C  0E06               	movlw	6
   259   00008E  6ED6               	movwf	214,c	;volatile
   260   000090                     
   261                           ;timer0.c: 26:  TMR0IF = 0;
   262   000090  94F2               	bcf	4082,2,c	;volatile
   263   000092                     
   264                           ;timer0.c: 29:  TMR0IE = 1;
   265   000092  8AF2               	bsf	4082,5,c	;volatile
   266   000094  0012               	return		;funcret
   267   000096                     __end_of_init_timer0:
   268                           	callstack 0
   269                           
   270 ;; *************** function _isr *****************
   271 ;; Defined at:
   272 ;;		line 4 in file "isr.c"
   273 ;; Parameters:    Size  Location     Type
   274 ;;		None
   275 ;; Auto vars:     Size  Location     Type
   276 ;;		None
   277 ;; Return value:  Size  Location     Type
   278 ;;                  1    wreg      void 
   279 ;; Registers used:
   280 ;;		wreg, status,2, status,0
   281 ;; Tracked objects:
   282 ;;		On entry : 0/0
   283 ;;		On exit  : 0/0
   284 ;;		Unchanged: 0/0
   285 ;; Data sizes:     COMRAM   BANK0   BANK1   BANK2   BANK3   BANK4   BANK5
   286 ;;      Params:         0       0       0       0       0       0       0
   287 ;;      Locals:         0       0       0       0       0       0       0
   288 ;;      Temps:          0       0       0       0       0       0       0
   289 ;;      Totals:         0       0       0       0       0       0       0
   290 ;;Total ram usage:        0 bytes
   291 ;; Hardware stack levels used: 1
   292 ;; This function calls:
   293 ;;		Nothing
   294 ;; This function is called by:
   295 ;;		Interrupt level 2
   296 ;; This function uses a non-reentrant model
   297 ;;
   298                           
   299                           	psect	intcode
   300   000008                     __pintcode:
   301                           	callstack 0
   302   000008                     _isr:
   303                           	callstack 28
   304                           
   305                           ;incstack = 0
   306   000008  8203               	bsf	int$flags,1,c	;set compiler interrupt flag (level 2)
   307   00000A  ED09  F000         	call	int_func,f	;refresh shadow registers
   308                           
   309                           	psect	intcode_body
   310   000012                     __pintcode_body:
   311                           	callstack 28
   312   000012                     int_func:
   313                           	callstack 28
   314   000012  0006               	pop		; remove dummy address from shadow register refresh
   315   000014                     
   316                           ;isr.c: 6:  static unsigned short count;;isr.c: 8:  if (TMR0IF)
   317   000014  A4F2               	btfss	4082,2,c	;volatile
   318   000016  EF0F  F000         	goto	i2u1_41
   319   00001A  EF11  F000         	goto	i2u1_40
   320   00001E                     i2u1_41:
   321   00001E  EF33  F000         	goto	i2l15
   322   000022                     i2u1_40:
   323   000022                     
   324                           ;isr.c: 9:  {;isr.c: 10:   TMR0 = TMR0 + 8;
   325   000022  0E08               	movlw	8
   326   000024  24D6               	addwf	214,w,c	;volatile
   327   000026  6ED6               	movwf	214,c	;volatile
   328   000028  0E00               	movlw	0
   329   00002A  20D7               	addwfc	215,w,c	;volatile
   330   00002C  6ED7               	movwf	215,c	;volatile
   331                           
   332                           ;isr.c: 12:   if (count++ == 20000)
   333   00002E  4A01               	infsnz	isr@count^0,f,c
   334   000030  2A02               	incf	(isr@count+1)^0,f,c
   335   000032  0E21               	movlw	33
   336   000034  1801               	xorwf	isr@count^0,w,c
   337   000036  E107               	bnz	i2u2_41
   338   000038  0E4E               	movlw	78
   339   00003A  1802               	xorwf	(isr@count+1)^0,w,c
   340   00003C  A4D8               	btfss	status,2,c
   341   00003E  EF23  F000         	goto	i2u2_41
   342   000042  EF25  F000         	goto	i2u2_40
   343   000046                     i2u2_41:
   344   000046  EF32  F000         	goto	i2l755
   345   00004A                     i2u2_40:
   346   00004A                     
   347                           ;isr.c: 13:   {;isr.c: 14:    count = 0;
   348   00004A  0E00               	movlw	0
   349   00004C  6E02               	movwf	(isr@count+1)^0,c
   350   00004E  0E00               	movlw	0
   351   000050  6E01               	movwf	isr@count^0,c
   352   000052                     
   353                           ;isr.c: 15:    RB0 = !RB0;
   354   000052  A081               	btfss	3969,0,c	;volatile
   355   000054  EF2E  F000         	goto	i2u3_41
   356   000058  EF31  F000         	goto	i2u3_40
   357   00005C                     i2u3_41:
   358   00005C  8081               	bsf	3969,0,c	;volatile
   359   00005E  EF32  F000         	goto	i2u4_45
   360   000062                     i2u3_40:
   361   000062  9081               	bcf	3969,0,c	;volatile
   362   000064                     i2u4_45:
   363   000064                     i2l755:
   364                           
   365                           ;isr.c: 17:   TMR0IF = 0;
   366   000064  94F2               	bcf	4082,2,c	;volatile
   367   000066                     i2l15:
   368   000066  9203               	bcf	int$flags,1,c	;clear compiler interrupt flag (level 2)
   369   000068  0011               	retfie		f
   370   00006A                     __end_of_isr:
   371                           	callstack 0
   372   000000                     
   373                           	psect	rparam
   374   000000                     
   375                           	psect	temp
   376   000003                     btemp:
   377                           	callstack 0
   378   000003                     	ds	1
   379   000000                     int$flags	set	btemp
   380   000000                     wtemp8	set	btemp+1
   381   000000                     ttemp5	set	btemp+1
   382   000000                     ttemp6	set	btemp+4
   383   000000                     ttemp7	set	btemp+8
   384                           
   385                           	psect	idloc
   386                           
   387                           ;Config register IDLOC0 @ 0x200000
   388                           ;	unspecified, using default values
   389   200000                     	org	2097152
   390   200000  FF                 	db	255
   391                           
   392                           ;Config register IDLOC1 @ 0x200001
   393                           ;	unspecified, using default values
   394   200001                     	org	2097153
   395   200001  FF                 	db	255
   396                           
   397                           ;Config register IDLOC2 @ 0x200002
   398                           ;	unspecified, using default values
   399   200002                     	org	2097154
   400   200002  FF                 	db	255
   401                           
   402                           ;Config register IDLOC3 @ 0x200003
   403                           ;	unspecified, using default values
   404   200003                     	org	2097155
   405   200003  FF                 	db	255
   406                           
   407                           ;Config register IDLOC4 @ 0x200004
   408                           ;	unspecified, using default values
   409   200004                     	org	2097156
   410   200004  FF                 	db	255
   411                           
   412                           ;Config register IDLOC5 @ 0x200005
   413                           ;	unspecified, using default values
   414   200005                     	org	2097157
   415   200005  FF                 	db	255
   416                           
   417                           ;Config register IDLOC6 @ 0x200006
   418                           ;	unspecified, using default values
   419   200006                     	org	2097158
   420   200006  FF                 	db	255
   421                           
   422                           ;Config register IDLOC7 @ 0x200007
   423                           ;	unspecified, using default values
   424   200007                     	org	2097159
   425   200007  FF                 	db	255
   426                           
   427                           	psect	config
   428                           
   429                           ; Padding undefined space
   430   300000                     	org	3145728
   431   300000  FF                 	db	255
   432                           
   433                           ;Config register CONFIG1H @ 0x300001
   434                           ;	unspecified, using default values
   435                           ;	Oscillator Selection bits
   436                           ;	OSC = 0x7, unprogrammed default
   437                           ;	Fail-Safe Clock Monitor Enable bit
   438                           ;	FCMEN = 0x0, unprogrammed default
   439                           ;	Internal/External Oscillator Switchover bit
   440                           ;	IESO = 0x0, unprogrammed default
   441   300001                     	org	3145729
   442   300001  07                 	db	7
   443                           
   444                           ;Config register CONFIG2L @ 0x300002
   445                           ;	unspecified, using default values
   446                           ;	Power-up Timer Enable bit
   447                           ;	PWRT = 0x1, unprogrammed default
   448                           ;	Brown-out Reset Enable bits
   449                           ;	BOREN = 0x3, unprogrammed default
   450                           ;	Brown-out Reset Voltage bits
   451                           ;	BORV = 0x3, unprogrammed default
   452   300002                     	org	3145730
   453   300002  1F                 	db	31
   454                           
   455                           ;Config register CONFIG2H @ 0x300003
   456                           ;	unspecified, using default values
   457                           ;	Watchdog Timer Enable bit
   458                           ;	WDT = 0x1, unprogrammed default
   459                           ;	Watchdog Timer Postscale Select bits
   460                           ;	WDTPS = 0xF, unprogrammed default
   461   300003                     	org	3145731
   462   300003  1F                 	db	31
   463                           
   464                           ; Padding undefined space
   465   300004                     	org	3145732
   466   300004  FF                 	db	255
   467                           
   468                           ;Config register CONFIG3H @ 0x300005
   469                           ;	unspecified, using default values
   470                           ;	PORTB A/D Enable bit
   471                           ;	PBADEN = 0x1, unprogrammed default
   472                           ;	Low-Power Timer 1 Oscillator Enable bit
   473                           ;	LPT1OSC = 0x0, unprogrammed default
   474                           ;	MCLR Pin Enable bit
   475                           ;	MCLRE = 0x1, unprogrammed default
   476   300005                     	org	3145733
   477   300005  82                 	db	130
   478                           
   479                           ;Config register CONFIG4L @ 0x300006
   480                           ;	unspecified, using default values
   481                           ;	Stack Full/Underflow Reset Enable bit
   482                           ;	STVREN = 0x1, unprogrammed default
   483                           ;	Single-Supply ICSP Enable bit
   484                           ;	LVP = 0x1, unprogrammed default
   485                           ;	Boot Block Size Select bit
   486                           ;	BBSIZ = 0x0, unprogrammed default
   487                           ;	Extended Instruction Set Enable bit
   488                           ;	XINST = 0x0, unprogrammed default
   489                           ;	Background Debugger Enable bit
   490                           ;	DEBUG = 0x1, unprogrammed default
   491   300006                     	org	3145734
   492   300006  85                 	db	133
   493                           
   494                           ; Padding undefined space
   495   300007                     	org	3145735
   496   300007  FF                 	db	255
   497                           
   498                           ;Config register CONFIG5L @ 0x300008
   499                           ;	unspecified, using default values
   500                           ;	Code Protection bit
   501                           ;	CP0 = 0x1, unprogrammed default
   502                           ;	Code Protection bit
   503                           ;	CP1 = 0x1, unprogrammed default
   504                           ;	Code Protection bit
   505                           ;	CP2 = 0x1, unprogrammed default
   506                           ;	Code Protection bit
   507                           ;	CP3 = 0x1, unprogrammed default
   508   300008                     	org	3145736
   509   300008  0F                 	db	15
   510                           
   511                           ;Config register CONFIG5H @ 0x300009
   512                           ;	unspecified, using default values
   513                           ;	Boot Block Code Protection bit
   514                           ;	CPB = 0x1, unprogrammed default
   515                           ;	Data EEPROM Code Protection bit
   516                           ;	CPD = 0x1, unprogrammed default
   517   300009                     	org	3145737
   518   300009  C0                 	db	192
   519                           
   520                           ;Config register CONFIG6L @ 0x30000A
   521                           ;	unspecified, using default values
   522                           ;	Write Protection bit
   523                           ;	WRT0 = 0x1, unprogrammed default
   524                           ;	Write Protection bit
   525                           ;	WRT1 = 0x1, unprogrammed default
   526                           ;	Write Protection bit
   527                           ;	WRT2 = 0x1, unprogrammed default
   528                           ;	Write Protection bit
   529                           ;	WRT3 = 0x1, unprogrammed default
   530   30000A                     	org	3145738
   531   30000A  0F                 	db	15
   532                           
   533                           ;Config register CONFIG6H @ 0x30000B
   534                           ;	unspecified, using default values
   535                           ;	Configuration Register Write Protection bit
   536                           ;	WRTC = 0x1, unprogrammed default
   537                           ;	Boot Block Write Protection bit
   538                           ;	WRTB = 0x1, unprogrammed default
   539                           ;	Data EEPROM Write Protection bit
   540                           ;	WRTD = 0x1, unprogrammed default
   541   30000B                     	org	3145739
   542   30000B  E0                 	db	224
   543                           
   544                           ;Config register CONFIG7L @ 0x30000C
   545                           ;	unspecified, using default values
   546                           ;	Table Read Protection bit
   547                           ;	EBTR0 = 0x1, unprogrammed default
   548                           ;	Table Read Protection bit
   549                           ;	EBTR1 = 0x1, unprogrammed default
   550                           ;	Table Read Protection bit
   551                           ;	EBTR2 = 0x1, unprogrammed default
   552                           ;	Table Read Protection bit
   553                           ;	EBTR3 = 0x1, unprogrammed default
   554   30000C                     	org	3145740
   555   30000C  0F                 	db	15
   556                           
   557                           ;Config register CONFIG7H @ 0x30000D
   558                           ;	unspecified, using default values
   559                           ;	Boot Block Table Read Protection bit
   560                           ;	EBTRB = 0x1, unprogrammed default
   561   30000D                     	org	3145741
   562   30000D  40                 	db	64
   563                           tosu	equ	0xFFF
   564                           tosh	equ	0xFFE
   565                           tosl	equ	0xFFD
   566                           stkptr	equ	0xFFC
   567                           pclatu	equ	0xFFB
   568                           pclath	equ	0xFFA
   569                           pcl	equ	0xFF9
   570                           tblptru	equ	0xFF8
   571                           tblptrh	equ	0xFF7
   572                           tblptrl	equ	0xFF6
   573                           tablat	equ	0xFF5
   574                           prodh	equ	0xFF4
   575                           prodl	equ	0xFF3
   576                           indf0	equ	0xFEF
   577                           postinc0	equ	0xFEE
   578                           postdec0	equ	0xFED
   579                           preinc0	equ	0xFEC
   580                           plusw0	equ	0xFEB
   581                           fsr0h	equ	0xFEA
   582                           fsr0l	equ	0xFE9
   583                           wreg	equ	0xFE8
   584                           indf1	equ	0xFE7
   585                           postinc1	equ	0xFE6
   586                           postdec1	equ	0xFE5
   587                           preinc1	equ	0xFE4
   588                           plusw1	equ	0xFE3
   589                           fsr1h	equ	0xFE2
   590                           fsr1l	equ	0xFE1
   591                           bsr	equ	0xFE0
   592                           indf2	equ	0xFDF
   593                           postinc2	equ	0xFDE
   594                           postdec2	equ	0xFDD
   595                           preinc2	equ	0xFDC
   596                           plusw2	equ	0xFDB
   597                           fsr2h	equ	0xFDA
   598                           fsr2l	equ	0xFD9
   599                           status	equ	0xFD8

Data Sizes:
    Strings     0
    Constant    0
    Data        0
    BSS         2
    Persistent  0
    Stack       0

Auto Spaces:
    Space          Size  Autos    Used
    COMRAM           94      0       2
    BANK0           160      0       0
    BANK1           256      0       0
    BANK2           256      0       0
    BANK3           256      0       0
    BANK4           256      0       0
    BANK5           256      0       0

Pointer List with Targets:

    None.

Critical Paths under _main in COMRAM

    None.

Critical Paths under _isr in COMRAM

    None.

Critical Paths under _main in BANK0

    None.

Critical Paths under _isr in BANK0

    None.

Critical Paths under _main in BANK1

    None.

Critical Paths under _isr in BANK1

    None.

Critical Paths under _main in BANK2

    None.

Critical Paths under _isr in BANK2

    None.

Critical Paths under _main in BANK3

    None.

Critical Paths under _isr in BANK3

    None.

Critical Paths under _main in BANK4

    None.

Critical Paths under _isr in BANK4

    None.

Critical Paths under _main in BANK5

    None.

Critical Paths under _isr in BANK5

    None.

Call Graph Tables:

 ---------------------------------------------------------------------------------
 (Depth) Function   	        Calls       Base Space   Used Autos Params    Refs
 ---------------------------------------------------------------------------------
 (0) _main                                                 0     0      0       0
                        _init_config
 ---------------------------------------------------------------------------------
 (1) _init_config                                          0     0      0       0
                        _init_timer0
 ---------------------------------------------------------------------------------
 (2) _init_timer0                                          0     0      0       0
 ---------------------------------------------------------------------------------
 Estimated maximum stack depth 2
 ---------------------------------------------------------------------------------
 (Depth) Function   	        Calls       Base Space   Used Autos Params    Refs
 ---------------------------------------------------------------------------------
 (3) _isr                                                  0     0      0       0
 ---------------------------------------------------------------------------------
 Estimated maximum stack depth 3
 ---------------------------------------------------------------------------------

 Call Graph Graphs:

 _main (ROOT)
   _init_config
     _init_timer0

 _isr (ROOT)

 Address spaces:
Name               Size   Autos  Total    Cost      Usage
BIGRAM             5FF      0       0      23        0.0%
BITBIGSFRlll       281      0       0      21        0.0%
EEDATA             100      0       0       0        0.0%
BITBANK5           100      0       0      14        0.0%
BANK5              100      0       0      15        0.0%
BITBANK4           100      0       0      12        0.0%
BANK4              100      0       0      13        0.0%
BITBANK3           100      0       0      10        0.0%
BANK3              100      0       0      11        0.0%
BITBANK2           100      0       0       8        0.0%
BANK2              100      0       0       9        0.0%
BITBANK1           100      0       0       6        0.0%
BANK1              100      0       0       7        0.0%
BITBANK0            A0      0       0       4        0.0%
BANK0               A0      0       0       5        0.0%
BITCOMRAM           5E      0       0       0        0.0%
COMRAM              5E      0       2       1        2.1%
BITBIGSFRllhhl      2D      0       0      19        0.0%
BITBIGSFRlh         1A      0       0      17        0.0%
BITBIGSFRllhhh      13      0       0      18        0.0%
BITBIGSFRllhl       11      0       0      20        0.0%
BITBIGSFRh           D      0       0      16        0.0%
BIGSFR               0      0       0     200        0.0%
BITSFR_3             0      0       0     200        0.0%
SFR_3                0      0       0     200        0.0%
BITSFR_2             0      0       0     200        0.0%
SFR_2                0      0       0     200        0.0%
BITSFR_1             0      0       0     200        0.0%
SFR_1                0      0       0     200        0.0%
BITSFR               0      0       0     200        0.0%
SFR                  0      0       0     200        0.0%
STACK                0      0       0       2        0.0%
NULL                 0      0       0       0        0.0%
ABS                  0      0       2      22        0.0%
DATA                 0      0       2       3        0.0%
CODE                 0      0       0       0        0.0%


Microchip Technology PIC18 Macro Assembler V2.40 build 20220703182018 
Symbol Table                                                                                   Wed Jun 28 12:39:58 2023

                     l30 007E                       l35 00A8                       l36 00A8  
                     l55 0094                      l731 0080                      l733 0088  
                    l741 006C                      l735 0090                      l743 0078  
                    l737 0092                      l745 007C                      l739 006A  
                    l757 00A4                      _GIE 007F97                      _RB0 007C08  
                    _PSA 007EAB                      _isr 0008                     ?_isr 0000  
                   _T0CS 007EAD                     _PEIE 007F96                     i2l15 0066  
                   _TMR0 000FD6                     _main 00A4                     btemp 0003  
                   start 000E             ___param_bank 000000                    ??_isr 0000  
                  ?_main 0000             ?_init_config 0000                    i2l751 004A  
                  i2l753 0052                    i2l755 0064                    i2l747 0014  
                  i2l749 0022                    _PORTB 000F81                    _TRISB 000F93  
           ?_init_timer0 0000                    ttemp5 0004                    ttemp6 0007  
                  ttemp7 000B                    status 000FD8                    wtemp8 0004  
        __initialization 0096             __end_of_main 00B0                   ??_main 0000  
          __activetblptr 000000                   _ADCON1 000FC1                   _T08BIT 007EAE  
                 _TMR0IE 007F95                   _TMR0IF 007F92                   _TMR0ON 007EAF  
                 i2u1_40 0022                   i2u1_41 001E                   i2u2_40 004A  
                 i2u2_41 0046                   i2u3_40 0062                   i2u3_41 005C  
                 i2u4_45 0064                   isa$std 000001               __accesstop 0060  
__end_of__initialization 009A            ___rparam_used 000001           __pcstackCOMRAM 0000  
                __Hparam 0000                  __Lparam 0000                  __pcinit 0096  
                __ramtop 0600                  __ptext0 00A4                  __ptext1 006A  
                __ptext2 0080           __pintcode_body 0012     end_of_initialization 009A  
                int_func 0012      start_initialization 0096              __end_of_isr 006A  
          ??_init_config 0000            ??_init_timer0 0000              __pbssCOMRAM 0001  
              __pintcode 0008      __end_of_init_config 0080      __end_of_init_timer0 0096  
               __Hrparam 0000                 __Lrparam 0000              _init_config 006A  
            _init_timer0 0080                 isa$xinst 000000                 int$flags 0003  
               isr@count 0001                 intlevel2 0000  
