

Microchip MPLAB XC8 Assembler V2.40 build 20220703182018 
                                                                                               Wed Jun 28 12:49:19 2023

Microchip MPLAB XC8 C Compiler v2.40 (Free license) build 20220703182018 Og1 
     1                           	processor	18F4580
     2                           	fnconf	rparam,??,?,0
     3                           	pagewidth 120
     4                           	opt	flic
     5                           	psect	smallconst,global,reloc=2,class=SMALLCONST,delta=1,noexec
     6                           	psect	cinit,global,reloc=2,class=CODE,delta=1
     7                           	psect	cstackCOMRAM,global,class=COMRAM,space=1,delta=1,lowdata,noexec
     8                           	psect	text0,global,reloc=2,class=CODE,delta=1
     9                           	psect	text1,global,reloc=2,class=CODE,delta=1
    10                           	psect	text2,global,reloc=2,class=CODE,delta=1
    11                           	psect	text3,global,reloc=2,class=CODE,delta=1
    12                           	psect	text4,global,reloc=2,class=CODE,delta=1
    13                           	psect	text5,global,reloc=2,class=CODE,delta=1
    14                           	psect	intsave_regs,global,class=BIGRAM,space=1,delta=1,noexec
    15                           	psect	rparam,global,class=COMRAM,space=1,delta=1,noexec
    16                           	psect	idloc,global,abs,ovrld,class=IDLOC,space=5,delta=1,noexec
    17                           	psect	config,global,abs,ovrld,class=CONFIG,space=4,delta=1,noexec
    18   000000                     
    19                           ; Version 2.20
    20                           ; Generated 12/02/2020 GMT
    21                           ; 
    22                           ; Copyright © 2020, Microchip Technology Inc. and its subsidiaries ("Microchip")
    23                           ; All rights reserved.
    24                           ; 
    25                           ; This software is developed by Microchip Technology Inc. and its subsidiaries ("Microch
      +                          ip").
    26                           ; 
    27                           ; Redistribution and use in source and binary forms, with or without modification, are
    28                           ; permitted provided that the following conditions are met:
    29                           ; 
    30                           ;     1. Redistributions of source code must retain the above copyright notice, this lis
      +                          t of
    31                           ;        conditions and the following disclaimer.
    32                           ; 
    33                           ;     2. Redistributions in binary form must reproduce the above copyright notice, this 
      +                          list
    34                           ;        of conditions and the following disclaimer in the documentation and/or other
    35                           ;        materials provided with the distribution.
    36                           ; 
    37                           ;     3. Microchip's name may not be used to endorse or promote products derived from th
      +                          is
    38                           ;        software without specific prior written permission.
    39                           ; 
    40                           ; THIS SOFTWARE IS PROVIDED BY MICROCHIP "AS IS" AND ANY EXPRESS OR IMPLIED WARRANTIES,
    41                           ; INCLUDING, BUT NOT LIMITED TO, THE IMPLIED WARRANTIES OF MERCHANTABILITY AND FITNESS F
      +                          OR
    42                           ; PURPOSE ARE DISCLAIMED.  IN NO EVENT SHALL MICROCHIP BE LIABLE FOR ANY DIRECT, INDIREC
      +                          T,
    43                           ; INCIDENTAL, SPECIAL, EXEMPLARY, OR CONSEQUENTIAL DAMAGES (INCLUDING BUT NOT LIMITED TO
    44                           ; PROCUREMENT OF SUBSTITUTE GOODS OR SERVICES; LOSS OF USE, DATA OR PROFITS; OR BUSINESS
    45                           ; INTERRUPTION) HOWSOEVER CAUSED AND ON ANY THEORY OF LIABILITY, WHETHER IN CONTRACT, ST
      +                          RICT
    46                           ; LIABILITY, OR TORT (INCLUDING NEGLIGENCE OR OTHERWISE) ARISING IN ANY WAY OUT OF THE U
      +                          SE OF
    47                           ; THIS SOFTWARE, EVEN IF ADVISED OF THE POSSIBILITY OF SUCH DAMAGE.
    48                           ; 
    49                           ; 
    50                           ; Code-generator required, PIC18F4580 Definitions
    51                           ; 
    52                           ; SFR Addresses
    53   000000                     _TRISD	set	3989
    54   000000                     _RD7	set	31775
    55   000000                     _RC0	set	31760
    56   000000                     _RC2	set	31762
    57   000000                     _RC1	set	31761
    58   000000                     _TRISC	set	3988
    59   000000                     _PORTD	set	3971
    60   000000                     _TRISD7	set	31919
    61                           
    62                           	psect	smallconst
    63   000600                     __psmallconst:
    64                           	callstack 0
    65   000600  00                 	db	0
    66   000601                     STR_1:
    67   000601  61                 	db	97	;'a'
    68   000602  62                 	db	98	;'b'
    69   000603  63                 	db	99	;'c'
    70   000604  64                 	db	100	;'d'
    71   000605  00                 	db	0
    72   000606  00                 	db	0	; dummy byte at the end
    73   000000                     
    74                           ; #config settings
    75                           
    76                           	psect	cinit
    77   00076C                     __pcinit:
    78                           	callstack 0
    79   00076C                     start_initialization:
    80                           	callstack 0
    81   00076C                     __initialization:
    82                           	callstack 0
    83   00076C                     end_of_initialization:
    84                           	callstack 0
    85   00076C                     __end_of__initialization:
    86                           	callstack 0
    87   00076C  0E00               	movlw	low (__Lsmallconst shr (0+16))
    88   00076E  6EF8               	movwf	tblptru,c
    89   000770  0E06               	movlw	high __Lsmallconst
    90   000772  6EF7               	movwf	tblptrh,c
    91   000774  0100               	movlb	0
    92   000776  EF97  F003         	goto	_main	;jump to C main() function
    93                           
    94                           	psect	cstackCOMRAM
    95   000001                     __pcstackCOMRAM:
    96                           	callstack 0
    97   000001                     clcd_write@control_bit:
    98                           	callstack 0
    99                           
   100                           ; 1 bytes @ 0x0
   101   000001                     	ds	1
   102   000002                     clcd_write@byte:
   103                           	callstack 0
   104                           
   105                           ; 1 bytes @ 0x1
   106   000002                     	ds	1
   107   000003                     ??_init_clcd:
   108   000003                     clcd_putch@addr:
   109                           	callstack 0
   110   000003                     clcd_print@data:
   111                           	callstack 0
   112                           
   113                           ; 2 bytes @ 0x2
   114   000003                     	ds	1
   115   000004                     clcd_putch@data:
   116                           	callstack 0
   117                           
   118                           ; 1 bytes @ 0x3
   119   000004                     	ds	1
   120   000005                     clcd_print@addr:
   121                           	callstack 0
   122                           
   123                           ; 1 bytes @ 0x4
   124   000005                     	ds	1
   125   000006                     
   126                           ; 1 bytes @ 0x5
   127 ;;
   128 ;;Main: autosize = 0, tempsize = 0, incstack = 0, save=0
   129 ;;
   130 ;; *************** function _main *****************
   131 ;; Defined at:
   132 ;;		line 10 in file "main.c"
   133 ;; Parameters:    Size  Location     Type
   134 ;;		None
   135 ;; Auto vars:     Size  Location     Type
   136 ;;		None
   137 ;; Return value:  Size  Location     Type
   138 ;;                  1    wreg      void 
   139 ;; Registers used:
   140 ;;		wreg, status,2, status,0, tblptrl, tblptrh, tblptru, cstack
   141 ;; Tracked objects:
   142 ;;		On entry : 0/0
   143 ;;		On exit  : 0/0
   144 ;;		Unchanged: 0/0
   145 ;; Data sizes:     COMRAM   BANK0   BANK1   BANK2   BANK3   BANK4   BANK5
   146 ;;      Params:         0       0       0       0       0       0       0
   147 ;;      Locals:         0       0       0       0       0       0       0
   148 ;;      Temps:          0       0       0       0       0       0       0
   149 ;;      Totals:         0       0       0       0       0       0       0
   150 ;;Total ram usage:        0 bytes
   151 ;; Hardware stack levels required when called: 3
   152 ;; This function calls:
   153 ;;		_clcd_print
   154 ;;		_clcd_putch
   155 ;;		_init_config
   156 ;; This function is called by:
   157 ;;		Startup code after reset
   158 ;; This function uses a non-reentrant model
   159 ;;
   160                           
   161                           	psect	text0
   162   00072E                     __ptext0:
   163                           	callstack 0
   164   00072E                     _main:
   165                           	callstack 28
   166   00072E                     
   167                           ;main.c: 12:     init_config();
   168   00072E  ECBD  F003         	call	_init_config	;wreg free
   169   000732                     l872:
   170                           
   171                           ;main.c: 15:     {;main.c: 16:         clcd_putch('H', (0x80 + (0)));
   172   000732  0E80               	movlw	128
   173   000734  6E03               	movwf	clcd_putch@addr^0,c
   174   000736  0E48               	movlw	72
   175   000738  ECAA  F003         	call	_clcd_putch
   176   00073C                     
   177                           ;main.c: 17:         clcd_print("abcd", (0xC0 + (4)));
   178   00073C  0E01               	movlw	low STR_1
   179   00073E  6E03               	movwf	clcd_print@data^0,c
   180   000740  0E06               	movlw	high STR_1
   181   000742  6E04               	movwf	(clcd_print@data+1)^0,c
   182   000744  0EC4               	movlw	196
   183   000746  6E05               	movwf	clcd_print@addr^0,c
   184   000748  EC58  F003         	call	_clcd_print	;wreg free
   185   00074C  EF99  F003         	goto	l872
   186   000750  EF00  F000         	goto	start
   187   000754                     __end_of_main:
   188                           	callstack 0
   189                           
   190 ;; *************** function _init_config *****************
   191 ;; Defined at:
   192 ;;		line 4 in file "main.c"
   193 ;; Parameters:    Size  Location     Type
   194 ;;		None
   195 ;; Auto vars:     Size  Location     Type
   196 ;;		None
   197 ;; Return value:  Size  Location     Type
   198 ;;                  1    wreg      void 
   199 ;; Registers used:
   200 ;;		wreg, status,2, status,0, cstack
   201 ;; Tracked objects:
   202 ;;		On entry : 0/0
   203 ;;		On exit  : 0/0
   204 ;;		Unchanged: 0/0
   205 ;; Data sizes:     COMRAM   BANK0   BANK1   BANK2   BANK3   BANK4   BANK5
   206 ;;      Params:         0       0       0       0       0       0       0
   207 ;;      Locals:         0       0       0       0       0       0       0
   208 ;;      Temps:          0       0       0       0       0       0       0
   209 ;;      Totals:         0       0       0       0       0       0       0
   210 ;;Total ram usage:        0 bytes
   211 ;; Hardware stack levels used: 1
   212 ;; Hardware stack levels required when called: 2
   213 ;; This function calls:
   214 ;;		_init_clcd
   215 ;; This function is called by:
   216 ;;		_main
   217 ;; This function uses a non-reentrant model
   218 ;;
   219                           
   220                           	psect	text1
   221   00077A                     __ptext1:
   222                           	callstack 0
   223   00077A                     _init_config:
   224                           	callstack 28
   225   00077A                     
   226                           ;main.c: 6:     init_clcd();
   227   00077A  EC04  F003         	call	_init_clcd	;wreg free
   228   00077E  0012               	return		;funcret
   229   000780                     __end_of_init_config:
   230                           	callstack 0
   231                           
   232 ;; *************** function _init_clcd *****************
   233 ;; Defined at:
   234 ;;		line 27 in file "clcd.c"
   235 ;; Parameters:    Size  Location     Type
   236 ;;		None
   237 ;; Auto vars:     Size  Location     Type
   238 ;;		None
   239 ;; Return value:  Size  Location     Type
   240 ;;                  1    wreg      void 
   241 ;; Registers used:
   242 ;;		wreg, status,2, status,0, cstack
   243 ;; Tracked objects:
   244 ;;		On entry : 0/0
   245 ;;		On exit  : 0/0
   246 ;;		Unchanged: 0/0
   247 ;; Data sizes:     COMRAM   BANK0   BANK1   BANK2   BANK3   BANK4   BANK5
   248 ;;      Params:         0       0       0       0       0       0       0
   249 ;;      Locals:         0       0       0       0       0       0       0
   250 ;;      Temps:          1       0       0       0       0       0       0
   251 ;;      Totals:         1       0       0       0       0       0       0
   252 ;;Total ram usage:        1 bytes
   253 ;; Hardware stack levels used: 1
   254 ;; Hardware stack levels required when called: 1
   255 ;; This function calls:
   256 ;;		_clcd_write
   257 ;; This function is called by:
   258 ;;		_init_config
   259 ;; This function uses a non-reentrant model
   260 ;;
   261                           
   262                           	psect	text2
   263   000608                     __ptext2:
   264                           	callstack 0
   265   000608                     _init_clcd:
   266                           	callstack 28
   267   000608                     
   268                           ;clcd.c: 30:  TRISD = 0x00;
   269   000608  0E00               	movlw	0
   270   00060A  6E95               	movwf	149,c	;volatile
   271   00060C                     
   272                           ;clcd.c: 32:  TRISC = TRISC & 0xF8;
   273   00060C  5094               	movf	148,w,c	;volatile
   274   00060E  0BF8               	andlw	248
   275   000610  6E94               	movwf	148,c	;volatile
   276   000612                     
   277                           ;clcd.c: 34:  RC0 = 0;
   278   000612  9082               	bcf	3970,0,c	;volatile
   279   000614                     
   280                           ;clcd.c: 38:     _delay((unsigned long)((30)*(20000000/4000.0)));
   281   000614  0EC3               	movlw	195
   282   000616  6E03               	movwf	??_init_clcd^0,c
   283   000618  0ECD               	movlw	205
   284   00061A                     u97:
   285   00061A  2EE8               	decfsz	wreg,f,c
   286   00061C  D7FE               	bra	u97
   287   00061E  2E03               	decfsz	??_init_clcd^0,f,c
   288   000620  D7FC               	bra	u97
   289   000622  F000               	nop	
   290   000624                     
   291                           ;clcd.c: 41:     clcd_write(0x33, 0 );
   292   000624  0E00               	movlw	0
   293   000626  6E01               	movwf	clcd_write@control_bit^0,c
   294   000628  0E33               	movlw	51
   295   00062A  EC7A  F003         	call	_clcd_write
   296   00062E                     
   297                           ;clcd.c: 42:     _delay((unsigned long)((4100)*(20000000/4000000.0)));
   298   00062E  0E1B               	movlw	27
   299   000630  6E03               	movwf	??_init_clcd^0,c
   300   000632  0E9E               	movlw	158
   301   000634                     u107:
   302   000634  2EE8               	decfsz	wreg,f,c
   303   000636  D7FE               	bra	u107
   304   000638  2E03               	decfsz	??_init_clcd^0,f,c
   305   00063A  D7FC               	bra	u107
   306   00063C  D000               	nop2	
   307   00063E                     
   308                           ;clcd.c: 43:     clcd_write(0x33, 0 );
   309   00063E  0E00               	movlw	0
   310   000640  6E01               	movwf	clcd_write@control_bit^0,c
   311   000642  0E33               	movlw	51
   312   000644  EC7A  F003         	call	_clcd_write
   313   000648                     
   314                           ;clcd.c: 44:     _delay((unsigned long)((100)*(20000000/4000000.0)));
   315   000648  0EA6               	movlw	166
   316   00064A                     u117:
   317   00064A  2EE8               	decfsz	wreg,f,c
   318   00064C  D7FE               	bra	u117
   319   00064E  D000               	nop2	
   320   000650                     
   321                           ;clcd.c: 45:     clcd_write(0x33, 0 );
   322   000650  0E00               	movlw	0
   323   000652  6E01               	movwf	clcd_write@control_bit^0,c
   324   000654  0E33               	movlw	51
   325   000656  EC7A  F003         	call	_clcd_write
   326   00065A                     
   327                           ;clcd.c: 46:     _delay((unsigned long)((1)*(20000000/4000000.0)));
   328   00065A  D000               	nop2		;2 cycle nop
   329   00065C  D000               	nop2		;2 cycle nop
   330   00065E  F000               	nop	
   331   000660                     
   332                           ;clcd.c: 48:     clcd_write(0x02, 0);
   333   000660  0E00               	movlw	0
   334   000662  6E01               	movwf	clcd_write@control_bit^0,c
   335   000664  0E02               	movlw	2
   336   000666  EC7A  F003         	call	_clcd_write
   337   00066A                     
   338                           ;clcd.c: 49:     _delay((unsigned long)((100)*(20000000/4000000.0)));
   339   00066A  0EA6               	movlw	166
   340   00066C                     u127:
   341   00066C  2EE8               	decfsz	wreg,f,c
   342   00066E  D7FE               	bra	u127
   343   000670  D000               	nop2	
   344   000672                     
   345                           ;clcd.c: 50:     clcd_write(0x38, 0);
   346   000672  0E00               	movlw	0
   347   000674  6E01               	movwf	clcd_write@control_bit^0,c
   348   000676  0E38               	movlw	56
   349   000678  EC7A  F003         	call	_clcd_write
   350   00067C                     
   351                           ;clcd.c: 51:     _delay((unsigned long)((100)*(20000000/4000000.0)));
   352   00067C  0EA6               	movlw	166
   353   00067E                     u137:
   354   00067E  2EE8               	decfsz	wreg,f,c
   355   000680  D7FE               	bra	u137
   356   000682  D000               	nop2	
   357   000684                     
   358                           ;clcd.c: 52:     clcd_write(0x01, 0);
   359   000684  0E00               	movlw	0
   360   000686  6E01               	movwf	clcd_write@control_bit^0,c
   361   000688  0E01               	movlw	1
   362   00068A  EC7A  F003         	call	_clcd_write
   363   00068E                     
   364                           ;clcd.c: 53:     _delay((unsigned long)((500)*(20000000/4000000.0)));
   365   00068E  0E04               	movlw	4
   366   000690  6E03               	movwf	??_init_clcd^0,c
   367   000692  0E3E               	movlw	62
   368   000694                     u147:
   369   000694  2EE8               	decfsz	wreg,f,c
   370   000696  D7FE               	bra	u147
   371   000698  2E03               	decfsz	??_init_clcd^0,f,c
   372   00069A  D7FC               	bra	u147
   373   00069C                     
   374                           ;clcd.c: 54:     clcd_write(0x0C, 0);
   375   00069C  0E00               	movlw	0
   376   00069E  6E01               	movwf	clcd_write@control_bit^0,c
   377   0006A0  0E0C               	movlw	12
   378   0006A2  EC7A  F003         	call	_clcd_write
   379   0006A6                     
   380                           ;clcd.c: 55:     _delay((unsigned long)((100)*(20000000/4000000.0)));
   381   0006A6  0EA6               	movlw	166
   382   0006A8                     u157:
   383   0006A8  2EE8               	decfsz	wreg,f,c
   384   0006AA  D7FE               	bra	u157
   385   0006AC  D000               	nop2	
   386   0006AE  0012               	return		;funcret
   387   0006B0                     __end_of_init_clcd:
   388                           	callstack 0
   389                           
   390 ;; *************** function _clcd_putch *****************
   391 ;; Defined at:
   392 ;;		line 67 in file "clcd.c"
   393 ;; Parameters:    Size  Location     Type
   394 ;;  data            1    wreg     const unsigned char 
   395 ;;  addr            1    2[COMRAM] unsigned char 
   396 ;; Auto vars:     Size  Location     Type
   397 ;;  data            1    3[COMRAM] const unsigned char 
   398 ;; Return value:  Size  Location     Type
   399 ;;                  1    wreg      void 
   400 ;; Registers used:
   401 ;;		wreg, status,2, cstack
   402 ;; Tracked objects:
   403 ;;		On entry : 0/0
   404 ;;		On exit  : 0/0
   405 ;;		Unchanged: 0/0
   406 ;; Data sizes:     COMRAM   BANK0   BANK1   BANK2   BANK3   BANK4   BANK5
   407 ;;      Params:         1       0       0       0       0       0       0
   408 ;;      Locals:         1       0       0       0       0       0       0
   409 ;;      Temps:          0       0       0       0       0       0       0
   410 ;;      Totals:         2       0       0       0       0       0       0
   411 ;;Total ram usage:        2 bytes
   412 ;; Hardware stack levels used: 1
   413 ;; Hardware stack levels required when called: 1
   414 ;; This function calls:
   415 ;;		_clcd_write
   416 ;; This function is called by:
   417 ;;		_main
   418 ;; This function uses a non-reentrant model
   419 ;;
   420                           
   421                           	psect	text3
   422   000754                     __ptext3:
   423                           	callstack 0
   424   000754                     _clcd_putch:
   425                           	callstack 29
   426                           
   427                           ;incstack = 0
   428                           ;clcd_putch@data stored from wreg
   429   000754  6E04               	movwf	clcd_putch@data^0,c
   430   000756                     
   431                           ;clcd.c: 67: void clcd_putch(const unsigned char data, unsigned char addr);clcd.c: 68: {
      +                          ;clcd.c: 69:  clcd_write(addr, 0);
   432   000756  0E00               	movlw	0
   433   000758  6E01               	movwf	clcd_write@control_bit^0,c
   434   00075A  5003               	movf	clcd_putch@addr^0,w,c
   435   00075C  EC7A  F003         	call	_clcd_write
   436                           
   437                           ;clcd.c: 70:  clcd_write(data, 1);
   438   000760  0E01               	movlw	1
   439   000762  6E01               	movwf	clcd_write@control_bit^0,c
   440   000764  5004               	movf	clcd_putch@data^0,w,c
   441   000766  EC7A  F003         	call	_clcd_write
   442   00076A  0012               	return		;funcret
   443   00076C                     __end_of_clcd_putch:
   444                           	callstack 0
   445                           
   446 ;; *************** function _clcd_print *****************
   447 ;; Defined at:
   448 ;;		line 58 in file "clcd.c"
   449 ;; Parameters:    Size  Location     Type
   450 ;;  data            2    2[COMRAM] PTR const unsigned char 
   451 ;;		 -> STR_1(5), 
   452 ;;  addr            1    4[COMRAM] unsigned char 
   453 ;; Auto vars:     Size  Location     Type
   454 ;;		None
   455 ;; Return value:  Size  Location     Type
   456 ;;                  1    wreg      void 
   457 ;; Registers used:
   458 ;;		wreg, status,2, status,0, tblptrl, tblptrh, tblptru, cstack
   459 ;; Tracked objects:
   460 ;;		On entry : 0/0
   461 ;;		On exit  : 0/0
   462 ;;		Unchanged: 0/0
   463 ;; Data sizes:     COMRAM   BANK0   BANK1   BANK2   BANK3   BANK4   BANK5
   464 ;;      Params:         3       0       0       0       0       0       0
   465 ;;      Locals:         0       0       0       0       0       0       0
   466 ;;      Temps:          0       0       0       0       0       0       0
   467 ;;      Totals:         3       0       0       0       0       0       0
   468 ;;Total ram usage:        3 bytes
   469 ;; Hardware stack levels used: 1
   470 ;; Hardware stack levels required when called: 1
   471 ;; This function calls:
   472 ;;		_clcd_write
   473 ;; This function is called by:
   474 ;;		_main
   475 ;; This function uses a non-reentrant model
   476 ;;
   477                           
   478                           	psect	text4
   479   0006B0                     __ptext4:
   480                           	callstack 0
   481   0006B0                     _clcd_print:
   482                           	callstack 29
   483   0006B0                     
   484                           ;clcd.c: 58: void clcd_print(const unsigned char *data, unsigned char addr);clcd.c: 59: 
      +                          {;clcd.c: 60:  clcd_write(addr, 0);
   485   0006B0  0E00               	movlw	0
   486   0006B2  6E01               	movwf	clcd_write@control_bit^0,c
   487   0006B4  5005               	movf	clcd_print@addr^0,w,c
   488   0006B6  EC7A  F003         	call	_clcd_write
   489                           
   490                           ;clcd.c: 61:  while (*data != '\0')
   491   0006BA  EF6B  F003         	goto	l864
   492   0006BE                     l860:
   493                           
   494                           ;clcd.c: 62:  {;clcd.c: 63:   clcd_write(*data++, 1);
   495   0006BE  0E01               	movlw	1
   496   0006C0  6E01               	movwf	clcd_write@control_bit^0,c
   497   0006C2  C003  FFF6         	movff	clcd_print@data,tblptrl
   498   0006C6  C004  FFF7         	movff	clcd_print@data+1,tblptrh
   499   0006CA                     	if	0	;tblptru may be non-zero
   500   0006CA                     	endif
   501   0006CA                     	if	0	;tblptru may be non-zero
   502   0006CA                     	endif
   503   0006CA  0008               	tblrd		*
   504   0006CC  50F5               	movf	tablat,w,c
   505   0006CE  EC7A  F003         	call	_clcd_write
   506   0006D2  4A03               	infsnz	clcd_print@data^0,f,c
   507   0006D4  2A04               	incf	(clcd_print@data+1)^0,f,c
   508   0006D6                     l864:
   509                           
   510                           ;clcd.c: 61:  while (*data != '\0')
   511   0006D6  C003  FFF6         	movff	clcd_print@data,tblptrl
   512   0006DA  C004  FFF7         	movff	clcd_print@data+1,tblptrh
   513   0006DE                     	if	0	;tblptru may be non-zero
   514   0006DE                     	endif
   515   0006DE                     	if	0	;tblptru may be non-zero
   516   0006DE                     	endif
   517   0006DE  0008               	tblrd		*
   518   0006E0  50F5               	movf	tablat,w,c
   519   0006E2  0900               	iorlw	0
   520   0006E4  A4D8               	btfss	status,2,c
   521   0006E6  EF77  F003         	goto	u81
   522   0006EA  EF79  F003         	goto	u80
   523   0006EE                     u81:
   524   0006EE  EF5F  F003         	goto	l860
   525   0006F2                     u80:
   526   0006F2  0012               	return		;funcret
   527   0006F4                     __end_of_clcd_print:
   528                           	callstack 0
   529                           
   530 ;; *************** function _clcd_write *****************
   531 ;; Defined at:
   532 ;;		line 4 in file "clcd.c"
   533 ;; Parameters:    Size  Location     Type
   534 ;;  byte            1    wreg     unsigned char 
   535 ;;  control_bit     1    0[COMRAM] unsigned char 
   536 ;; Auto vars:     Size  Location     Type
   537 ;;  byte            1    1[COMRAM] unsigned char 
   538 ;; Return value:  Size  Location     Type
   539 ;;                  1    wreg      void 
   540 ;; Registers used:
   541 ;;		wreg
   542 ;; Tracked objects:
   543 ;;		On entry : 0/0
   544 ;;		On exit  : 0/0
   545 ;;		Unchanged: 0/0
   546 ;; Data sizes:     COMRAM   BANK0   BANK1   BANK2   BANK3   BANK4   BANK5
   547 ;;      Params:         1       0       0       0       0       0       0
   548 ;;      Locals:         1       0       0       0       0       0       0
   549 ;;      Temps:          0       0       0       0       0       0       0
   550 ;;      Totals:         2       0       0       0       0       0       0
   551 ;;Total ram usage:        2 bytes
   552 ;; Hardware stack levels used: 1
   553 ;; This function calls:
   554 ;;		Nothing
   555 ;; This function is called by:
   556 ;;		_init_clcd
   557 ;;		_clcd_print
   558 ;;		_clcd_putch
   559 ;; This function uses a non-reentrant model
   560 ;;
   561                           
   562                           	psect	text5
   563   0006F4                     __ptext5:
   564                           	callstack 0
   565   0006F4                     _clcd_write:
   566                           	callstack 28
   567                           
   568                           ;incstack = 0
   569                           ;clcd_write@byte stored from wreg
   570   0006F4  6E02               	movwf	clcd_write@byte^0,c
   571   0006F6                     
   572                           ;clcd.c: 4: void clcd_write(unsigned char byte, unsigned char control_bit);clcd.c: 5: {;
      +                          clcd.c: 6:  RC1 = control_bit;
   573   0006F6  B001               	btfsc	clcd_write@control_bit^0,0,c
   574   0006F8  EF80  F003         	goto	u51
   575   0006FC  EF83  F003         	goto	u50
   576   000700                     u51:
   577   000700  8282               	bsf	3970,1,c	;volatile
   578   000702  EF84  F003         	goto	u65
   579   000706                     u50:
   580   000706  9282               	bcf	3970,1,c	;volatile
   581   000708                     u65:
   582   000708                     
   583                           ;clcd.c: 7:  PORTD = byte;
   584   000708  C002  FF83         	movff	clcd_write@byte,3971	;volatile
   585   00070C                     
   586                           ;clcd.c: 10:  RC2 = 1;
   587   00070C  8482               	bsf	3970,2,c	;volatile
   588   00070E                     
   589                           ;clcd.c: 11:  RC2 = 0;
   590   00070E  9482               	bcf	3970,2,c	;volatile
   591   000710                     
   592                           ;clcd.c: 13:  TRISD7 = 0xFF;
   593   000710  8E95               	bsf	3989,7,c	;volatile
   594   000712                     
   595                           ;clcd.c: 14:  RC0 = 1;
   596   000712  8082               	bsf	3970,0,c	;volatile
   597   000714                     
   598                           ;clcd.c: 15:  RC1 = 0;
   599   000714  9282               	bcf	3970,1,c	;volatile
   600   000716                     l816:
   601                           
   602                           ;clcd.c: 18:  {;clcd.c: 19:   RC2 = 1;
   603   000716  8482               	bsf	3970,2,c	;volatile
   604   000718                     
   605                           ;clcd.c: 20:   RC2 = 0;
   606   000718  9482               	bcf	3970,2,c	;volatile
   607   00071A                     
   608                           ;clcd.c: 21:  } while (RD7);
   609   00071A  BE83               	btfsc	3971,7,c	;volatile
   610   00071C  EF92  F003         	goto	u71
   611   000720  EF94  F003         	goto	u70
   612   000724                     u71:
   613   000724  EF8B  F003         	goto	l816
   614   000728                     u70:
   615   000728                     
   616                           ;clcd.c: 23:  RC0 = 0;
   617   000728  9082               	bcf	3970,0,c	;volatile
   618                           
   619                           ;clcd.c: 24:  TRISD7 = 0x00;
   620   00072A  9E95               	bcf	3989,7,c	;volatile
   621   00072C  0012               	return		;funcret
   622   00072E                     __end_of_clcd_write:
   623                           	callstack 0
   624                           
   625                           	psect	rparam
   626   000000                     
   627                           	psect	idloc
   628                           
   629                           ;Config register IDLOC0 @ 0x200000
   630                           ;	unspecified, using default values
   631   200000                     	org	2097152
   632   200000  FF                 	db	255
   633                           
   634                           ;Config register IDLOC1 @ 0x200001
   635                           ;	unspecified, using default values
   636   200001                     	org	2097153
   637   200001  FF                 	db	255
   638                           
   639                           ;Config register IDLOC2 @ 0x200002
   640                           ;	unspecified, using default values
   641   200002                     	org	2097154
   642   200002  FF                 	db	255
   643                           
   644                           ;Config register IDLOC3 @ 0x200003
   645                           ;	unspecified, using default values
   646   200003                     	org	2097155
   647   200003  FF                 	db	255
   648                           
   649                           ;Config register IDLOC4 @ 0x200004
   650                           ;	unspecified, using default values
   651   200004                     	org	2097156
   652   200004  FF                 	db	255
   653                           
   654                           ;Config register IDLOC5 @ 0x200005
   655                           ;	unspecified, using default values
   656   200005                     	org	2097157
   657   200005  FF                 	db	255
   658                           
   659                           ;Config register IDLOC6 @ 0x200006
   660                           ;	unspecified, using default values
   661   200006                     	org	2097158
   662   200006  FF                 	db	255
   663                           
   664                           ;Config register IDLOC7 @ 0x200007
   665                           ;	unspecified, using default values
   666   200007                     	org	2097159
   667   200007  FF                 	db	255
   668                           
   669                           	psect	config
   670                           
   671                           ; Padding undefined space
   672   300000                     	org	3145728
   673   300000  FF                 	db	255
   674                           
   675                           ;Config register CONFIG1H @ 0x300001
   676                           ;	unspecified, using default values
   677                           ;	Oscillator Selection bits
   678                           ;	OSC = 0x7, unprogrammed default
   679                           ;	Fail-Safe Clock Monitor Enable bit
   680                           ;	FCMEN = 0x0, unprogrammed default
   681                           ;	Internal/External Oscillator Switchover bit
   682                           ;	IESO = 0x0, unprogrammed default
   683   300001                     	org	3145729
   684   300001  07                 	db	7
   685                           
   686                           ;Config register CONFIG2L @ 0x300002
   687                           ;	unspecified, using default values
   688                           ;	Power-up Timer Enable bit
   689                           ;	PWRT = 0x1, unprogrammed default
   690                           ;	Brown-out Reset Enable bits
   691                           ;	BOREN = 0x3, unprogrammed default
   692                           ;	Brown-out Reset Voltage bits
   693                           ;	BORV = 0x3, unprogrammed default
   694   300002                     	org	3145730
   695   300002  1F                 	db	31
   696                           
   697                           ;Config register CONFIG2H @ 0x300003
   698                           ;	unspecified, using default values
   699                           ;	Watchdog Timer Enable bit
   700                           ;	WDT = 0x1, unprogrammed default
   701                           ;	Watchdog Timer Postscale Select bits
   702                           ;	WDTPS = 0xF, unprogrammed default
   703   300003                     	org	3145731
   704   300003  1F                 	db	31
   705                           
   706                           ; Padding undefined space
   707   300004                     	org	3145732
   708   300004  FF                 	db	255
   709                           
   710                           ;Config register CONFIG3H @ 0x300005
   711                           ;	unspecified, using default values
   712                           ;	PORTB A/D Enable bit
   713                           ;	PBADEN = 0x1, unprogrammed default
   714                           ;	Low-Power Timer 1 Oscillator Enable bit
   715                           ;	LPT1OSC = 0x0, unprogrammed default
   716                           ;	MCLR Pin Enable bit
   717                           ;	MCLRE = 0x1, unprogrammed default
   718   300005                     	org	3145733
   719   300005  82                 	db	130
   720                           
   721                           ;Config register CONFIG4L @ 0x300006
   722                           ;	unspecified, using default values
   723                           ;	Stack Full/Underflow Reset Enable bit
   724                           ;	STVREN = 0x1, unprogrammed default
   725                           ;	Single-Supply ICSP Enable bit
   726                           ;	LVP = 0x1, unprogrammed default
   727                           ;	Boot Block Size Select bit
   728                           ;	BBSIZ = 0x0, unprogrammed default
   729                           ;	Extended Instruction Set Enable bit
   730                           ;	XINST = 0x0, unprogrammed default
   731                           ;	Background Debugger Enable bit
   732                           ;	DEBUG = 0x1, unprogrammed default
   733   300006                     	org	3145734
   734   300006  85                 	db	133
   735                           
   736                           ; Padding undefined space
   737   300007                     	org	3145735
   738   300007  FF                 	db	255
   739                           
   740                           ;Config register CONFIG5L @ 0x300008
   741                           ;	unspecified, using default values
   742                           ;	Code Protection bit
   743                           ;	CP0 = 0x1, unprogrammed default
   744                           ;	Code Protection bit
   745                           ;	CP1 = 0x1, unprogrammed default
   746                           ;	Code Protection bit
   747                           ;	CP2 = 0x1, unprogrammed default
   748                           ;	Code Protection bit
   749                           ;	CP3 = 0x1, unprogrammed default
   750   300008                     	org	3145736
   751   300008  0F                 	db	15
   752                           
   753                           ;Config register CONFIG5H @ 0x300009
   754                           ;	unspecified, using default values
   755                           ;	Boot Block Code Protection bit
   756                           ;	CPB = 0x1, unprogrammed default
   757                           ;	Data EEPROM Code Protection bit
   758                           ;	CPD = 0x1, unprogrammed default
   759   300009                     	org	3145737
   760   300009  C0                 	db	192
   761                           
   762                           ;Config register CONFIG6L @ 0x30000A
   763                           ;	unspecified, using default values
   764                           ;	Write Protection bit
   765                           ;	WRT0 = 0x1, unprogrammed default
   766                           ;	Write Protection bit
   767                           ;	WRT1 = 0x1, unprogrammed default
   768                           ;	Write Protection bit
   769                           ;	WRT2 = 0x1, unprogrammed default
   770                           ;	Write Protection bit
   771                           ;	WRT3 = 0x1, unprogrammed default
   772   30000A                     	org	3145738
   773   30000A  0F                 	db	15
   774                           
   775                           ;Config register CONFIG6H @ 0x30000B
   776                           ;	unspecified, using default values
   777                           ;	Configuration Register Write Protection bit
   778                           ;	WRTC = 0x1, unprogrammed default
   779                           ;	Boot Block Write Protection bit
   780                           ;	WRTB = 0x1, unprogrammed default
   781                           ;	Data EEPROM Write Protection bit
   782                           ;	WRTD = 0x1, unprogrammed default
   783   30000B                     	org	3145739
   784   30000B  E0                 	db	224
   785                           
   786                           ;Config register CONFIG7L @ 0x30000C
   787                           ;	unspecified, using default values
   788                           ;	Table Read Protection bit
   789                           ;	EBTR0 = 0x1, unprogrammed default
   790                           ;	Table Read Protection bit
   791                           ;	EBTR1 = 0x1, unprogrammed default
   792                           ;	Table Read Protection bit
   793                           ;	EBTR2 = 0x1, unprogrammed default
   794                           ;	Table Read Protection bit
   795                           ;	EBTR3 = 0x1, unprogrammed default
   796   30000C                     	org	3145740
   797   30000C  0F                 	db	15
   798                           
   799                           ;Config register CONFIG7H @ 0x30000D
   800                           ;	unspecified, using default values
   801                           ;	Boot Block Table Read Protection bit
   802                           ;	EBTRB = 0x1, unprogrammed default
   803   30000D                     	org	3145741
   804   30000D  40                 	db	64
   805                           tosu	equ	0xFFF
   806                           tosh	equ	0xFFE
   807                           tosl	equ	0xFFD
   808                           stkptr	equ	0xFFC
   809                           pclatu	equ	0xFFB
   810                           pclath	equ	0xFFA
   811                           pcl	equ	0xFF9
   812                           tblptru	equ	0xFF8
   813                           tblptrh	equ	0xFF7
   814                           tblptrl	equ	0xFF6
   815                           tablat	equ	0xFF5
   816                           prodh	equ	0xFF4
   817                           prodl	equ	0xFF3
   818                           indf0	equ	0xFEF
   819                           postinc0	equ	0xFEE
   820                           postdec0	equ	0xFED
   821                           preinc0	equ	0xFEC
   822                           plusw0	equ	0xFEB
   823                           fsr0h	equ	0xFEA
   824                           fsr0l	equ	0xFE9
   825                           wreg	equ	0xFE8
   826                           indf1	equ	0xFE7
   827                           postinc1	equ	0xFE6
   828                           postdec1	equ	0xFE5
   829                           preinc1	equ	0xFE4
   830                           plusw1	equ	0xFE3
   831                           fsr1h	equ	0xFE2
   832                           fsr1l	equ	0xFE1
   833                           bsr	equ	0xFE0
   834                           indf2	equ	0xFDF
   835                           postinc2	equ	0xFDE
   836                           postdec2	equ	0xFDD
   837                           preinc2	equ	0xFDC
   838                           plusw2	equ	0xFDB
   839                           fsr2h	equ	0xFDA
   840                           fsr2l	equ	0xFD9
   841                           status	equ	0xFD8

Data Sizes:
    Strings     5
    Constant    0
    Data        0
    BSS         0
    Persistent  0
    Stack       0

Auto Spaces:
    Space          Size  Autos    Used
    COMRAM           95      5       5
    BANK0           160      0       0
    BANK1           256      0       0
    BANK2           256      0       0
    BANK3           256      0       0
    BANK4           256      0       0
    BANK5           256      0       0

Pointer List with Targets:

    clcd_print@data	PTR const unsigned char  size(2) Largest target is 5
		 -> STR_1(CODE[5]), 


Critical Paths under _main in COMRAM

    _main->_clcd_print
    _init_config->_init_clcd
    _init_clcd->_clcd_write
    _clcd_putch->_clcd_write
    _clcd_print->_clcd_write

Critical Paths under _main in BANK0

    None.

Critical Paths under _main in BANK1

    None.

Critical Paths under _main in BANK2

    None.

Critical Paths under _main in BANK3

    None.

Critical Paths under _main in BANK4

    None.

Critical Paths under _main in BANK5

    None.

Call Graph Tables:

 ---------------------------------------------------------------------------------
 (Depth) Function   	        Calls       Base Space   Used Autos Params    Refs
 ---------------------------------------------------------------------------------
 (0) _main                                                 0     0      0    2979
                         _clcd_print
                         _clcd_putch
                        _init_config
 ---------------------------------------------------------------------------------
 (1) _init_config                                          0     0      0     880
                          _init_clcd
 ---------------------------------------------------------------------------------
 (2) _init_clcd                                            1     1      0     880
                                              2 COMRAM     1     1      0
                         _clcd_write
 ---------------------------------------------------------------------------------
 (1) _clcd_putch                                           2     1      1    1000
                                              2 COMRAM     2     1      1
                         _clcd_write
 ---------------------------------------------------------------------------------
 (1) _clcd_print                                           3     0      3    1099
                                              2 COMRAM     3     0      3
                         _clcd_write
 ---------------------------------------------------------------------------------
 (3) _clcd_write                                           2     1      1     880
                                              0 COMRAM     2     1      1
 ---------------------------------------------------------------------------------
 Estimated maximum stack depth 3
 ---------------------------------------------------------------------------------

 Call Graph Graphs:

 _main (ROOT)
   _clcd_print
     _clcd_write
   _clcd_putch
     _clcd_write
   _init_config
     _init_clcd
       _clcd_write

 Address spaces:
Name               Size   Autos  Total    Cost      Usage
BITCOMRAM           5F      0       0       0        0.0%
EEDATA             100      0       0       0        0.0%
NULL                 0      0       0       0        0.0%
CODE                 0      0       0       0        0.0%
COMRAM              5F      5       5       1        5.3%
STACK                0      0       0       2        0.0%
DATA                 0      0       0       3        0.0%
BITBANK0            A0      0       0       4        0.0%
BANK0               A0      0       0       5        0.0%
BITBANK1           100      0       0       6        0.0%
BANK1              100      0       0       7        0.0%
BITBANK2           100      0       0       8        0.0%
BANK2              100      0       0       9        0.0%
BITBANK3           100      0       0      10        0.0%
BANK3              100      0       0      11        0.0%
BITBANK4           100      0       0      12        0.0%
BANK4              100      0       0      13        0.0%
BITBANK5           100      0       0      14        0.0%
BANK5              100      0       0      15        0.0%
BITBIGSFRhh         6A      0       0      16        0.0%
BITBIGSFRhl         10      0       0      17        0.0%
BITBIGSFRl         282      0       0      18        0.0%
ABS                  0      0       0      19        0.0%
BIGRAM             5FF      0       0      20        0.0%
BIGSFR               0      0       0     200        0.0%
BITSFR_3             0      0       0     200        0.0%
SFR_3                0      0       0     200        0.0%
BITSFR_2             0      0       0     200        0.0%
SFR_2                0      0       0     200        0.0%
BITSFR_1             0      0       0     200        0.0%
SFR_1                0      0       0     200        0.0%
BITSFR               0      0       0     200        0.0%
SFR                  0      0       0     200        0.0%


Microchip Technology PIC18 Macro Assembler V2.40 build 20220703182018 
Symbol Table                                                                                   Wed Jun 28 12:49:19 2023

         clcd_print@addr 0005           clcd_print@data 0003                       l22 0728  
                     l23 072C                       l32 06F2                       l26 06AE  
                     l35 076A                       l44 077E                       u50 0706  
                     u51 0700                       u70 0728                       u71 0724  
                     u80 06F2                       u65 0708                       u81 06EE  
                     u97 061A                      l810 0710                      l802 06F6  
                    l820 071A                      l812 0712                      l804 0708  
                    l814 0714                      l806 070C                      l830 0624  
                    l822 0608                      l816 0716                      l808 070E  
                    l840 065A                      l832 062E                      l824 060C  
                    l818 0718                      l850 0684                      l842 0660  
                    l834 063E                      l826 0612                      l860 06BE  
                    l852 068E                      l844 066A                      l836 0648  
                    l828 0614                      l862 06D2                      l854 069C  
                    l846 0672                      l838 0650                      l870 072E  
                    l864 06D6                      l856 06A6                      l848 067C  
                    l872 0732                      l858 06B0                      l866 0756  
                    l874 073C                      l868 077A                      _RC0 007C10  
                    _RC1 007C11                      _RC2 007C12                      _RD7 007C1F  
                    u107 0634                      u117 064A                      u127 066C  
                    u137 067E                      u147 0694                      u157 06A8  
         clcd_putch@addr 0003           clcd_putch@data 0004                      wreg 000FE8  
                   STR_1 0601                     _main 072E                     start 0000  
           ___param_bank 000000           clcd_write@byte 0002                    ?_main 0001  
           ?_init_config 0001                    _PORTD 000F83                    _TRISC 000F94  
                  _TRISD 000F95                    tablat 000FF5                    status 000FD8  
        __initialization 076C             __end_of_main 0754                   ??_main 0006  
          __activetblptr 000001                   _TRISD7 007CAF                   isa$std 000001  
           __mediumconst 0000                   tblptrh 000FF7                   tblptrl 000FF6  
                 tblptru 000FF8               __accesstop 0060  __end_of__initialization 076C  
          ___rparam_used 000001           __pcstackCOMRAM 0001               _clcd_print 06B0  
             _clcd_putch 0754               _clcd_write 06F4                  __Hparam 0000  
                __Lparam 0000             __psmallconst 0600                  __pcinit 076C  
                __ramtop 0600                  __ptext0 072E                  __ptext1 077A  
                __ptext2 0608                  __ptext3 0754                  __ptext4 06B0  
                __ptext5 06F4        __end_of_init_clcd 06B0     end_of_initialization 076C  
            ?_clcd_print 0003              ?_clcd_putch 0003              ?_clcd_write 0001  
    start_initialization 076C            ??_init_config 0004              __smallconst 0600  
              _init_clcd 0608      __end_of_init_config 0780             ??_clcd_print 0006  
           ??_clcd_putch 0004             ??_clcd_write 0002    clcd_write@control_bit 0001  
     __end_of_clcd_print 06F4       __end_of_clcd_putch 076C       __end_of_clcd_write 072E  
             ?_init_clcd 0001                 __Hrparam 0000                 __Lrparam 0000  
           __Lsmallconst 0600              _init_config 077A                 isa$xinst 000000  
            ??_init_clcd 0003  
