

Microchip MPLAB XC8 Assembler V2.40 build 20220703182018 
                                                                                               Wed Jun 28 12:23:39 2023

Microchip MPLAB XC8 C Compiler v2.40 (Free license) build 20220703182018 Og1 
     1                           	processor	18F4580
     2                           	fnconf	rparam,??,?,0
     3                           	pagewidth 120
     4                           	opt	flic
     5                           	psect	idataCOMRAM,global,class=CODE,delta=1,noexec
     6                           	psect	cinit,global,reloc=2,class=CODE,delta=1
     7                           	psect	bssCOMRAM,global,class=COMRAM,space=1,delta=1,lowdata,noexec
     8                           	psect	dataCOMRAM,global,class=COMRAM,space=1,delta=1,lowdata,noexec
     9                           	psect	cstackCOMRAM,global,class=COMRAM,space=1,delta=1,lowdata,noexec
    10                           	psect	text0,global,reloc=2,class=CODE,delta=1
    11                           	psect	text1,global,reloc=2,class=CODE,delta=1
    12                           	psect	text2,global,reloc=2,class=CODE,delta=1
    13                           	psect	text3,global,reloc=2,class=CODE,delta=1
    14                           	psect	text4,global,reloc=2,class=CODE,delta=1
    15                           	psect	intsave_regs,global,class=BIGRAM,space=1,delta=1,noexec
    16                           	psect	rparam,global,class=COMRAM,space=1,delta=1,noexec
    17                           	psect	idloc,global,abs,ovrld,class=IDLOC,space=5,delta=1,noexec
    18                           	psect	config,global,abs,ovrld,class=CONFIG,space=4,delta=1,noexec
    19   000000                     
    20                           ; Version 2.20
    21                           ; Generated 12/02/2020 GMT
    22                           ; 
    23                           ; Copyright © 2020, Microchip Technology Inc. and its subsidiaries ("Microchip")
    24                           ; All rights reserved.
    25                           ; 
    26                           ; This software is developed by Microchip Technology Inc. and its subsidiaries ("Microch
      +                          ip").
    27                           ; 
    28                           ; Redistribution and use in source and binary forms, with or without modification, are
    29                           ; permitted provided that the following conditions are met:
    30                           ; 
    31                           ;     1. Redistributions of source code must retain the above copyright notice, this lis
      +                          t of
    32                           ;        conditions and the following disclaimer.
    33                           ; 
    34                           ;     2. Redistributions in binary form must reproduce the above copyright notice, this 
      +                          list
    35                           ;        of conditions and the following disclaimer in the documentation and/or other
    36                           ;        materials provided with the distribution.
    37                           ; 
    38                           ;     3. Microchip's name may not be used to endorse or promote products derived from th
      +                          is
    39                           ;        software without specific prior written permission.
    40                           ; 
    41                           ; THIS SOFTWARE IS PROVIDED BY MICROCHIP "AS IS" AND ANY EXPRESS OR IMPLIED WARRANTIES,
    42                           ; INCLUDING, BUT NOT LIMITED TO, THE IMPLIED WARRANTIES OF MERCHANTABILITY AND FITNESS F
      +                          OR
    43                           ; PURPOSE ARE DISCLAIMED.  IN NO EVENT SHALL MICROCHIP BE LIABLE FOR ANY DIRECT, INDIREC
      +                          T,
    44                           ; INCIDENTAL, SPECIAL, EXEMPLARY, OR CONSEQUENTIAL DAMAGES (INCLUDING BUT NOT LIMITED TO
    45                           ; PROCUREMENT OF SUBSTITUTE GOODS OR SERVICES; LOSS OF USE, DATA OR PROFITS; OR BUSINESS
    46                           ; INTERRUPTION) HOWSOEVER CAUSED AND ON ANY THEORY OF LIABILITY, WHETHER IN CONTRACT, ST
      +                          RICT
    47                           ; LIABILITY, OR TORT (INCLUDING NEGLIGENCE OR OTHERWISE) ARISING IN ANY WAY OUT OF THE U
      +                          SE OF
    48                           ; THIS SOFTWARE, EVEN IF ADVISED OF THE POSSIBILITY OF SUCH DAMAGE.
    49                           ; 
    50                           ; 
    51                           ; Code-generator required, PIC18F4580 Definitions
    52                           ; 
    53                           ; SFR Addresses
    54   000000                     
    55                           	psect	idataCOMRAM
    56   002E94                     __pidataCOMRAM:
    57                           	callstack 0
    58                           
    59                           ;initializer for software_pwm@duty_change
    60   002E94  32                 	db	50
    61                           
    62                           ;initializer for read_digital_keypad@once
    63   002E95  01                 	db	1
    64   000000                     _PORTC	set	3970
    65   000000                     _TRISC	set	3988
    66   000000                     _RB0	set	31752
    67   000000                     _ADCON1	set	4033
    68   000000                     _TRISB	set	3987
    69                           
    70                           ; #config settings
    71                           
    72                           	psect	cinit
    73   002EBE                     __pcinit:
    74                           	callstack 0
    75   002EBE                     start_initialization:
    76                           	callstack 0
    77   002EBE                     __initialization:
    78                           	callstack 0
    79                           
    80                           ; Initialize objects allocated to COMRAM (2 bytes)
    81                           ; load TBLPTR registers with __pidataCOMRAM
    82   002EBE  0E94               	movlw	low __pidataCOMRAM
    83   002EC0  6EF6               	movwf	tblptrl,c
    84   002EC2  0E2E               	movlw	high __pidataCOMRAM
    85   002EC4  6EF7               	movwf	tblptrh,c
    86   002EC6  0E00               	movlw	low (__pidataCOMRAM shr (0+16))
    87   002EC8  6EF8               	movwf	tblptru,c
    88   002ECA  0009               	tblrd		*+	;fetch initializer
    89   002ECC  CFF5 F004          	movff	tablat,__pdataCOMRAM
    90   002ED0  0009               	tblrd		*+	;fetch initializer
    91   002ED2  CFF5 F005          	movff	tablat,__pdataCOMRAM+1
    92                           
    93                           ; Clear objects allocated to COMRAM (3 bytes)
    94   002ED6  6A03               	clrf	(__pbssCOMRAM+2)& (0+255),c
    95   002ED8  6A02               	clrf	(__pbssCOMRAM+1)& (0+255),c
    96   002EDA  6A01               	clrf	__pbssCOMRAM& (0+255),c
    97   002EDC                     end_of_initialization:
    98                           	callstack 0
    99   002EDC                     __end_of__initialization:
   100                           	callstack 0
   101   002EDC  0100               	movlb	0
   102   002EDE  EF57  F017         	goto	_main	;jump to C main() function
   103                           
   104                           	psect	bssCOMRAM
   105   000001                     __pbssCOMRAM:
   106                           	callstack 0
   107   000001                     software_pwm@wait:
   108                           	callstack 0
   109   000001                     	ds	2
   110   000003                     software_pwm@prog_cycle:
   111                           	callstack 0
   112   000003                     	ds	1
   113                           
   114                           	psect	dataCOMRAM
   115   000004                     __pdataCOMRAM:
   116                           	callstack 0
   117   000004                     software_pwm@duty_change:
   118                           	callstack 0
   119   000004                     	ds	1
   120   000005                     read_digital_keypad@once:
   121                           	callstack 0
   122   000005                     	ds	1
   123                           
   124                           	psect	cstackCOMRAM
   125   000006                     __pcstackCOMRAM:
   126                           	callstack 0
   127   000006                     read_digital_keypad@detection_type:
   128                           	callstack 0
   129                           
   130                           ; 1 bytes @ 0x0
   131   000006                     	ds	1
   132   000007                     software_pwm@key:
   133                           	callstack 0
   134                           
   135                           ; 1 bytes @ 0x1
   136   000007                     	ds	1
   137   000008                     
   138                           ; 1 bytes @ 0x2
   139 ;;
   140 ;;Main: autosize = 0, tempsize = 0, incstack = 0, save=0
   141 ;;
   142 ;; *************** function _main *****************
   143 ;; Defined at:
   144 ;;		line 62 in file "main.c"
   145 ;; Parameters:    Size  Location     Type
   146 ;;		None
   147 ;; Auto vars:     Size  Location     Type
   148 ;;		None
   149 ;; Return value:  Size  Location     Type
   150 ;;                  1    wreg      void 
   151 ;; Registers used:
   152 ;;		wreg, status,2, status,0, cstack
   153 ;; Tracked objects:
   154 ;;		On entry : 0/0
   155 ;;		On exit  : 0/0
   156 ;;		Unchanged: 0/0
   157 ;; Data sizes:     COMRAM   BANK0   BANK1   BANK2   BANK3   BANK4   BANK5
   158 ;;      Params:         0       0       0       0       0       0       0
   159 ;;      Locals:         0       0       0       0       0       0       0
   160 ;;      Temps:          0       0       0       0       0       0       0
   161 ;;      Totals:         0       0       0       0       0       0       0
   162 ;;Total ram usage:        0 bytes
   163 ;; Hardware stack levels required when called: 2
   164 ;; This function calls:
   165 ;;		_init_config
   166 ;;		_software_pwm
   167 ;; This function is called by:
   168 ;;		Startup code after reset
   169 ;; This function uses a non-reentrant model
   170 ;;
   171                           
   172                           	psect	text0
   173   002EAE                     __ptext0:
   174                           	callstack 0
   175   002EAE                     _main:
   176                           	callstack 29
   177   002EAE                     
   178                           ;main.c: 64:  init_config();
   179   002EAE  EC4F  F017         	call	_init_config	;wreg free
   180   002EB2                     l53:
   181                           
   182                           ;main.c: 67:  {;main.c: 68:   software_pwm();
   183   002EB2  ECAC  F017         	call	_software_pwm	;wreg free
   184   002EB6  EF59  F017         	goto	l53
   185   002EBA  EF00  F000         	goto	start
   186   002EBE                     __end_of_main:
   187                           	callstack 0
   188                           
   189 ;; *************** function _software_pwm *****************
   190 ;; Defined at:
   191 ;;		line 7 in file "main.c"
   192 ;; Parameters:    Size  Location     Type
   193 ;;		None
   194 ;; Auto vars:     Size  Location     Type
   195 ;;  key             1    1[COMRAM] unsigned char 
   196 ;; Return value:  Size  Location     Type
   197 ;;                  1    wreg      void 
   198 ;; Registers used:
   199 ;;		wreg, status,2, status,0, cstack
   200 ;; Tracked objects:
   201 ;;		On entry : 0/0
   202 ;;		On exit  : 0/0
   203 ;;		Unchanged: 0/0
   204 ;; Data sizes:     COMRAM   BANK0   BANK1   BANK2   BANK3   BANK4   BANK5
   205 ;;      Params:         0       0       0       0       0       0       0
   206 ;;      Locals:         1       0       0       0       0       0       0
   207 ;;      Temps:          0       0       0       0       0       0       0
   208 ;;      Totals:         1       0       0       0       0       0       0
   209 ;;Total ram usage:        1 bytes
   210 ;; Hardware stack levels used: 1
   211 ;; Hardware stack levels required when called: 1
   212 ;; This function calls:
   213 ;;		_read_digital_keypad
   214 ;; This function is called by:
   215 ;;		_main
   216 ;; This function uses a non-reentrant model
   217 ;;
   218                           
   219                           	psect	text1
   220   002F58                     __ptext1:
   221                           	callstack 0
   222   002F58                     _software_pwm:
   223                           	callstack 29
   224   002F58                     
   225                           ;main.c: 9:  unsigned char key;;main.c: 10:  static unsigned short wait = 0;;main.c: 11:
      +                            static unsigned char prog_cycle;;main.c: 12:  static unsigned char duty_change = 50;;m
      +                          ain.c: 14:  key = read_digital_keypad(0);
   226   002F58  0E00               	movlw	0
   227   002F5A  EC71  F017         	call	_read_digital_keypad
   228   002F5E  6E07               	movwf	software_pwm@key^0,c
   229   002F60                     
   230                           ;main.c: 16:  if (!wait--)
   231   002F60  0601               	decf	software_pwm@wait^0,f,c
   232   002F62  A0D8               	btfss	status,0,c
   233   002F64  0602               	decf	(software_pwm@wait+1)^0,f,c
   234   002F66  2801               	incf	software_pwm@wait^0,w,c
   235   002F68  E106               	bnz	u61
   236   002F6A  2802               	incf	(software_pwm@wait+1)^0,w,c
   237   002F6C  A4D8               	btfss	status,2,c
   238   002F6E  EFBB  F017         	goto	u61
   239   002F72  EFBD  F017         	goto	u60
   240   002F76                     u61:
   241   002F76  EFE6  F017         	goto	l780
   242   002F7A                     u60:
   243   002F7A                     
   244                           ;main.c: 17:  {;main.c: 18:   wait = 100;
   245   002F7A  0E00               	movlw	0
   246   002F7C  6E02               	movwf	(software_pwm@wait+1)^0,c
   247   002F7E  0E64               	movlw	100
   248   002F80  6E01               	movwf	software_pwm@wait^0,c
   249   002F82                     
   250                           ;main.c: 20:   if (key == 0x0E)
   251   002F82  0E0E               	movlw	14
   252   002F84  1807               	xorwf	software_pwm@key^0,w,c
   253   002F86  A4D8               	btfss	status,2,c
   254   002F88  EFC8  F017         	goto	u71
   255   002F8C  EFCA  F017         	goto	u70
   256   002F90                     u71:
   257   002F90  EFD4  F017         	goto	l774
   258   002F94                     u70:
   259   002F94                     
   260                           ;main.c: 21:   {;main.c: 22:    if (duty_change != 100)
   261   002F94  0E64               	movlw	100
   262   002F96  1804               	xorwf	software_pwm@duty_change^0,w,c
   263   002F98  B4D8               	btfsc	status,2,c
   264   002F9A  EFD1  F017         	goto	u81
   265   002F9E  EFD3  F017         	goto	u80
   266   002FA2                     u81:
   267   002FA2  EFD4  F017         	goto	l774
   268   002FA6                     u80:
   269   002FA6                     
   270                           ;main.c: 23:    {;main.c: 24:     duty_change++;
   271   002FA6  2A04               	incf	software_pwm@duty_change^0,f,c
   272   002FA8                     l774:
   273                           
   274                           ;main.c: 27:   if (key == 0x0D)
   275   002FA8  0E0D               	movlw	13
   276   002FAA  1807               	xorwf	software_pwm@key^0,w,c
   277   002FAC  A4D8               	btfss	status,2,c
   278   002FAE  EFDB  F017         	goto	u91
   279   002FB2  EFDD  F017         	goto	u90
   280   002FB6                     u91:
   281   002FB6  EFE6  F017         	goto	l780
   282   002FBA                     u90:
   283   002FBA                     
   284                           ;main.c: 28:   {;main.c: 29:    if (duty_change != 0)
   285   002FBA  5004               	movf	software_pwm@duty_change^0,w,c
   286   002FBC  B4D8               	btfsc	status,2,c
   287   002FBE  EFE3  F017         	goto	u101
   288   002FC2  EFE5  F017         	goto	u100
   289   002FC6                     u101:
   290   002FC6  EFE6  F017         	goto	l780
   291   002FCA                     u100:
   292   002FCA                     
   293                           ;main.c: 30:    {;main.c: 31:     duty_change--;
   294   002FCA  0604               	decf	software_pwm@duty_change^0,f,c
   295   002FCC                     l780:
   296                           
   297                           ;main.c: 36:  if (prog_cycle < duty_change)
   298   002FCC  5004               	movf	software_pwm@duty_change^0,w,c
   299   002FCE  5C03               	subwf	software_pwm@prog_cycle^0,w,c
   300   002FD0  B0D8               	btfsc	status,0,c
   301   002FD2  EFED  F017         	goto	u111
   302   002FD6  EFEF  F017         	goto	u110
   303   002FDA                     u111:
   304   002FDA  EFF2  F017         	goto	l42
   305   002FDE                     u110:
   306   002FDE                     
   307                           ;main.c: 37:  {;main.c: 39:      RB0 = 1;
   308   002FDE  8081               	bsf	3969,0,c	;volatile
   309                           
   310                           ;main.c: 40:  }
   311   002FE0  EFF3  F017         	goto	l784
   312   002FE4                     l42:
   313                           
   314                           ;main.c: 42:  {;main.c: 43:   RB0 = 0;
   315   002FE4  9081               	bcf	3969,0,c	;volatile
   316   002FE6                     l784:
   317                           
   318                           ;main.c: 46:  if (prog_cycle++ == 100)
   319   002FE6  2A03               	incf	software_pwm@prog_cycle^0,f,c
   320   002FE8  0E65               	movlw	101
   321   002FEA  1803               	xorwf	software_pwm@prog_cycle^0,w,c
   322   002FEC  A4D8               	btfss	status,2,c
   323   002FEE  EFFB  F017         	goto	u121
   324   002FF2  EFFD  F017         	goto	u120
   325   002FF6                     u121:
   326   002FF6  EFFF  F017         	goto	l45
   327   002FFA                     u120:
   328   002FFA                     
   329                           ;main.c: 47:  {;main.c: 48:   prog_cycle = 0;
   330   002FFA  0E00               	movlw	0
   331   002FFC  6E03               	movwf	software_pwm@prog_cycle^0,c
   332   002FFE                     l45:
   333   002FFE  0012               	return		;funcret
   334   003000                     __end_of_software_pwm:
   335                           	callstack 0
   336                           
   337 ;; *************** function _read_digital_keypad *****************
   338 ;; Defined at:
   339 ;;		line 9 in file "digital_keypad.c"
   340 ;; Parameters:    Size  Location     Type
   341 ;;  detection_ty    1    wreg     unsigned char 
   342 ;; Auto vars:     Size  Location     Type
   343 ;;  detection_ty    1    0[COMRAM] unsigned char 
   344 ;; Return value:  Size  Location     Type
   345 ;;                  1    wreg      unsigned char 
   346 ;; Registers used:
   347 ;;		wreg, status,2, status,0
   348 ;; Tracked objects:
   349 ;;		On entry : 0/0
   350 ;;		On exit  : 0/0
   351 ;;		Unchanged: 0/0
   352 ;; Data sizes:     COMRAM   BANK0   BANK1   BANK2   BANK3   BANK4   BANK5
   353 ;;      Params:         0       0       0       0       0       0       0
   354 ;;      Locals:         1       0       0       0       0       0       0
   355 ;;      Temps:          0       0       0       0       0       0       0
   356 ;;      Totals:         1       0       0       0       0       0       0
   357 ;;Total ram usage:        1 bytes
   358 ;; Hardware stack levels used: 1
   359 ;; This function calls:
   360 ;;		Nothing
   361 ;; This function is called by:
   362 ;;		_software_pwm
   363 ;; This function uses a non-reentrant model
   364 ;;
   365                           
   366                           	psect	text2
   367   002EE2                     __ptext2:
   368                           	callstack 0
   369   002EE2                     _read_digital_keypad:
   370                           	callstack 29
   371                           
   372                           ;incstack = 0
   373                           ;read_digital_keypad@detection_type stored from wreg
   374   002EE2  6E06               	movwf	read_digital_keypad@detection_type^0,c
   375   002EE4                     
   376                           ;digital_keypad.c: 9: unsigned char read_digital_keypad(unsigned char detection_type);di
      +                          gital_keypad.c: 10: {;digital_keypad.c: 11:  static unsigned char once = 1;;digital_keyp
      +                          ad.c: 13:  if (detection_type == 1)
   377   002EE4  0406               	decf	read_digital_keypad@detection_type^0,w,c
   378   002EE6  A4D8               	btfss	status,2,c
   379   002EE8  EF78  F017         	goto	u11
   380   002EEC  EF7A  F017         	goto	u10
   381   002EF0                     u11:
   382   002EF0  EFA0  F017         	goto	l752
   383   002EF4                     u10:
   384   002EF4                     
   385                           ;digital_keypad.c: 14:  {;digital_keypad.c: 15:   if (((PORTC & 0x0F) != 0x0F) && once)
   386   002EF4  5082               	movf	130,w,c	;volatile
   387   002EF6  0B0F               	andlw	15
   388   002EF8  0A0F               	xorlw	15
   389   002EFA  B4D8               	btfsc	status,2,c
   390   002EFC  EF82  F017         	goto	u21
   391   002F00  EF84  F017         	goto	u20
   392   002F04                     u21:
   393   002F04  EF92  F017         	goto	l748
   394   002F08                     u20:
   395   002F08  5005               	movf	read_digital_keypad@once^0,w,c
   396   002F0A  B4D8               	btfsc	status,2,c
   397   002F0C  EF8A  F017         	goto	u31
   398   002F10  EF8C  F017         	goto	u30
   399   002F14                     u31:
   400   002F14  EF92  F017         	goto	l748
   401   002F18                     u30:
   402   002F18                     
   403                           ;digital_keypad.c: 16:   {;digital_keypad.c: 17:    once = 0;
   404   002F18  0E00               	movlw	0
   405   002F1A  6E05               	movwf	read_digital_keypad@once^0,c
   406   002F1C                     l742:
   407                           
   408                           ;digital_keypad.c: 19:    return (PORTC & 0x0F);
   409   002F1C  5082               	movf	130,w,c	;volatile
   410   002F1E  0B0F               	andlw	15
   411   002F20  EFAB  F017         	goto	l14
   412   002F24                     l748:
   413   002F24  5082               	movf	130,w,c	;volatile
   414   002F26  0B0F               	andlw	15
   415   002F28  0A0F               	xorlw	15
   416   002F2A  A4D8               	btfss	status,2,c
   417   002F2C  EF9A  F017         	goto	u41
   418   002F30  EF9C  F017         	goto	u40
   419   002F34                     u41:
   420   002F34  EFAA  F017         	goto	l758
   421   002F38                     u40:
   422   002F38                     
   423                           ;digital_keypad.c: 22:   {;digital_keypad.c: 23:    once = 1;
   424   002F38  0E01               	movlw	1
   425   002F3A  6E05               	movwf	read_digital_keypad@once^0,c
   426   002F3C  EFAA  F017         	goto	l758
   427   002F40                     l752:
   428   002F40  5006               	movf	read_digital_keypad@detection_type^0,w,c
   429   002F42  A4D8               	btfss	status,2,c
   430   002F44  EFA6  F017         	goto	u51
   431   002F48  EFA8  F017         	goto	u50
   432   002F4C                     u51:
   433   002F4C  EFAA  F017         	goto	l758
   434   002F50                     u50:
   435   002F50  EF8E  F017         	goto	l742
   436   002F54                     l758:
   437                           
   438                           ;digital_keypad.c: 31:  return 0xFF;
   439   002F54  0EFF               	movlw	255
   440   002F56                     l14:
   441   002F56  0012               	return		;funcret
   442   002F58                     __end_of_read_digital_keypad:
   443                           	callstack 0
   444                           
   445 ;; *************** function _init_config *****************
   446 ;; Defined at:
   447 ;;		line 52 in file "main.c"
   448 ;; Parameters:    Size  Location     Type
   449 ;;		None
   450 ;; Auto vars:     Size  Location     Type
   451 ;;		None
   452 ;; Return value:  Size  Location     Type
   453 ;;                  1    wreg      void 
   454 ;; Registers used:
   455 ;;		wreg, status,2, status,0, cstack
   456 ;; Tracked objects:
   457 ;;		On entry : 0/0
   458 ;;		On exit  : 0/0
   459 ;;		Unchanged: 0/0
   460 ;; Data sizes:     COMRAM   BANK0   BANK1   BANK2   BANK3   BANK4   BANK5
   461 ;;      Params:         0       0       0       0       0       0       0
   462 ;;      Locals:         0       0       0       0       0       0       0
   463 ;;      Temps:          0       0       0       0       0       0       0
   464 ;;      Totals:         0       0       0       0       0       0       0
   465 ;;Total ram usage:        0 bytes
   466 ;; Hardware stack levels used: 1
   467 ;; Hardware stack levels required when called: 1
   468 ;; This function calls:
   469 ;;		_init_digital_keypad
   470 ;; This function is called by:
   471 ;;		_main
   472 ;; This function uses a non-reentrant model
   473 ;;
   474                           
   475                           	psect	text3
   476   002E9E                     __ptext3:
   477                           	callstack 0
   478   002E9E                     _init_config:
   479                           	callstack 29
   480   002E9E                     
   481                           ;main.c: 54:  ADCON1 = 0x0F;
   482   002E9E  0E0F               	movlw	15
   483   002EA0  6EC1               	movwf	193,c	;volatile
   484   002EA2                     
   485                           ;main.c: 56:  RB0 = 0;
   486   002EA2  9081               	bcf	3969,0,c	;volatile
   487                           
   488                           ;main.c: 57:  TRISB = 0;
   489   002EA4  0E00               	movlw	0
   490   002EA6  6E93               	movwf	147,c	;volatile
   491   002EA8                     
   492                           ;main.c: 59:  init_digital_keypad();
   493   002EA8  EC4B  F017         	call	_init_digital_keypad	;wreg free
   494   002EAC  0012               	return		;funcret
   495   002EAE                     __end_of_init_config:
   496                           	callstack 0
   497                           
   498 ;; *************** function _init_digital_keypad *****************
   499 ;; Defined at:
   500 ;;		line 4 in file "digital_keypad.c"
   501 ;; Parameters:    Size  Location     Type
   502 ;;		None
   503 ;; Auto vars:     Size  Location     Type
   504 ;;		None
   505 ;; Return value:  Size  Location     Type
   506 ;;                  1    wreg      void 
   507 ;; Registers used:
   508 ;;		wreg, status,2, status,0
   509 ;; Tracked objects:
   510 ;;		On entry : 0/0
   511 ;;		On exit  : 0/0
   512 ;;		Unchanged: 0/0
   513 ;; Data sizes:     COMRAM   BANK0   BANK1   BANK2   BANK3   BANK4   BANK5
   514 ;;      Params:         0       0       0       0       0       0       0
   515 ;;      Locals:         0       0       0       0       0       0       0
   516 ;;      Temps:          0       0       0       0       0       0       0
   517 ;;      Totals:         0       0       0       0       0       0       0
   518 ;;Total ram usage:        0 bytes
   519 ;; Hardware stack levels used: 1
   520 ;; This function calls:
   521 ;;		Nothing
   522 ;; This function is called by:
   523 ;;		_init_config
   524 ;; This function uses a non-reentrant model
   525 ;;
   526                           
   527                           	psect	text4
   528   002E96                     __ptext4:
   529                           	callstack 0
   530   002E96                     _init_digital_keypad:
   531                           	callstack 29
   532   002E96                     
   533                           ;digital_keypad.c: 6:  TRISC = TRISC | 0x0F;
   534   002E96  5094               	movf	148,w,c	;volatile
   535   002E98  090F               	iorlw	15
   536   002E9A  6E94               	movwf	148,c	;volatile
   537   002E9C  0012               	return		;funcret
   538   002E9E                     __end_of_init_digital_keypad:
   539                           	callstack 0
   540   000000                     
   541                           	psect	rparam
   542   000000                     
   543                           	psect	idloc
   544                           
   545                           ;Config register IDLOC0 @ 0x200000
   546                           ;	unspecified, using default values
   547   200000                     	org	2097152
   548   200000  FF                 	db	255
   549                           
   550                           ;Config register IDLOC1 @ 0x200001
   551                           ;	unspecified, using default values
   552   200001                     	org	2097153
   553   200001  FF                 	db	255
   554                           
   555                           ;Config register IDLOC2 @ 0x200002
   556                           ;	unspecified, using default values
   557   200002                     	org	2097154
   558   200002  FF                 	db	255
   559                           
   560                           ;Config register IDLOC3 @ 0x200003
   561                           ;	unspecified, using default values
   562   200003                     	org	2097155
   563   200003  FF                 	db	255
   564                           
   565                           ;Config register IDLOC4 @ 0x200004
   566                           ;	unspecified, using default values
   567   200004                     	org	2097156
   568   200004  FF                 	db	255
   569                           
   570                           ;Config register IDLOC5 @ 0x200005
   571                           ;	unspecified, using default values
   572   200005                     	org	2097157
   573   200005  FF                 	db	255
   574                           
   575                           ;Config register IDLOC6 @ 0x200006
   576                           ;	unspecified, using default values
   577   200006                     	org	2097158
   578   200006  FF                 	db	255
   579                           
   580                           ;Config register IDLOC7 @ 0x200007
   581                           ;	unspecified, using default values
   582   200007                     	org	2097159
   583   200007  FF                 	db	255
   584                           
   585                           	psect	config
   586                           
   587                           ; Padding undefined space
   588   300000                     	org	3145728
   589   300000  FF                 	db	255
   590                           
   591                           ;Config register CONFIG1H @ 0x300001
   592                           ;	unspecified, using default values
   593                           ;	Oscillator Selection bits
   594                           ;	OSC = 0x7, unprogrammed default
   595                           ;	Fail-Safe Clock Monitor Enable bit
   596                           ;	FCMEN = 0x0, unprogrammed default
   597                           ;	Internal/External Oscillator Switchover bit
   598                           ;	IESO = 0x0, unprogrammed default
   599   300001                     	org	3145729
   600   300001  07                 	db	7
   601                           
   602                           ;Config register CONFIG2L @ 0x300002
   603                           ;	unspecified, using default values
   604                           ;	Power-up Timer Enable bit
   605                           ;	PWRT = 0x1, unprogrammed default
   606                           ;	Brown-out Reset Enable bits
   607                           ;	BOREN = 0x3, unprogrammed default
   608                           ;	Brown-out Reset Voltage bits
   609                           ;	BORV = 0x3, unprogrammed default
   610   300002                     	org	3145730
   611   300002  1F                 	db	31
   612                           
   613                           ;Config register CONFIG2H @ 0x300003
   614                           ;	unspecified, using default values
   615                           ;	Watchdog Timer Enable bit
   616                           ;	WDT = 0x1, unprogrammed default
   617                           ;	Watchdog Timer Postscale Select bits
   618                           ;	WDTPS = 0xF, unprogrammed default
   619   300003                     	org	3145731
   620   300003  1F                 	db	31
   621                           
   622                           ; Padding undefined space
   623   300004                     	org	3145732
   624   300004  FF                 	db	255
   625                           
   626                           ;Config register CONFIG3H @ 0x300005
   627                           ;	unspecified, using default values
   628                           ;	PORTB A/D Enable bit
   629                           ;	PBADEN = 0x1, unprogrammed default
   630                           ;	Low-Power Timer 1 Oscillator Enable bit
   631                           ;	LPT1OSC = 0x0, unprogrammed default
   632                           ;	MCLR Pin Enable bit
   633                           ;	MCLRE = 0x1, unprogrammed default
   634   300005                     	org	3145733
   635   300005  82                 	db	130
   636                           
   637                           ;Config register CONFIG4L @ 0x300006
   638                           ;	unspecified, using default values
   639                           ;	Stack Full/Underflow Reset Enable bit
   640                           ;	STVREN = 0x1, unprogrammed default
   641                           ;	Single-Supply ICSP Enable bit
   642                           ;	LVP = 0x1, unprogrammed default
   643                           ;	Boot Block Size Select bit
   644                           ;	BBSIZ = 0x0, unprogrammed default
   645                           ;	Extended Instruction Set Enable bit
   646                           ;	XINST = 0x0, unprogrammed default
   647                           ;	Background Debugger Enable bit
   648                           ;	DEBUG = 0x1, unprogrammed default
   649   300006                     	org	3145734
   650   300006  85                 	db	133
   651                           
   652                           ; Padding undefined space
   653   300007                     	org	3145735
   654   300007  FF                 	db	255
   655                           
   656                           ;Config register CONFIG5L @ 0x300008
   657                           ;	unspecified, using default values
   658                           ;	Code Protection bit
   659                           ;	CP0 = 0x1, unprogrammed default
   660                           ;	Code Protection bit
   661                           ;	CP1 = 0x1, unprogrammed default
   662                           ;	Code Protection bit
   663                           ;	CP2 = 0x1, unprogrammed default
   664                           ;	Code Protection bit
   665                           ;	CP3 = 0x1, unprogrammed default
   666   300008                     	org	3145736
   667   300008  0F                 	db	15
   668                           
   669                           ;Config register CONFIG5H @ 0x300009
   670                           ;	unspecified, using default values
   671                           ;	Boot Block Code Protection bit
   672                           ;	CPB = 0x1, unprogrammed default
   673                           ;	Data EEPROM Code Protection bit
   674                           ;	CPD = 0x1, unprogrammed default
   675   300009                     	org	3145737
   676   300009  C0                 	db	192
   677                           
   678                           ;Config register CONFIG6L @ 0x30000A
   679                           ;	unspecified, using default values
   680                           ;	Write Protection bit
   681                           ;	WRT0 = 0x1, unprogrammed default
   682                           ;	Write Protection bit
   683                           ;	WRT1 = 0x1, unprogrammed default
   684                           ;	Write Protection bit
   685                           ;	WRT2 = 0x1, unprogrammed default
   686                           ;	Write Protection bit
   687                           ;	WRT3 = 0x1, unprogrammed default
   688   30000A                     	org	3145738
   689   30000A  0F                 	db	15
   690                           
   691                           ;Config register CONFIG6H @ 0x30000B
   692                           ;	unspecified, using default values
   693                           ;	Configuration Register Write Protection bit
   694                           ;	WRTC = 0x1, unprogrammed default
   695                           ;	Boot Block Write Protection bit
   696                           ;	WRTB = 0x1, unprogrammed default
   697                           ;	Data EEPROM Write Protection bit
   698                           ;	WRTD = 0x1, unprogrammed default
   699   30000B                     	org	3145739
   700   30000B  E0                 	db	224
   701                           
   702                           ;Config register CONFIG7L @ 0x30000C
   703                           ;	unspecified, using default values
   704                           ;	Table Read Protection bit
   705                           ;	EBTR0 = 0x1, unprogrammed default
   706                           ;	Table Read Protection bit
   707                           ;	EBTR1 = 0x1, unprogrammed default
   708                           ;	Table Read Protection bit
   709                           ;	EBTR2 = 0x1, unprogrammed default
   710                           ;	Table Read Protection bit
   711                           ;	EBTR3 = 0x1, unprogrammed default
   712   30000C                     	org	3145740
   713   30000C  0F                 	db	15
   714                           
   715                           ;Config register CONFIG7H @ 0x30000D
   716                           ;	unspecified, using default values
   717                           ;	Boot Block Table Read Protection bit
   718                           ;	EBTRB = 0x1, unprogrammed default
   719   30000D                     	org	3145741
   720   30000D  40                 	db	64
   721                           tosu	equ	0xFFF
   722                           tosh	equ	0xFFE
   723                           tosl	equ	0xFFD
   724                           stkptr	equ	0xFFC
   725                           pclatu	equ	0xFFB
   726                           pclath	equ	0xFFA
   727                           pcl	equ	0xFF9
   728                           tblptru	equ	0xFF8
   729                           tblptrh	equ	0xFF7
   730                           tblptrl	equ	0xFF6
   731                           tablat	equ	0xFF5
   732                           prodh	equ	0xFF4
   733                           prodl	equ	0xFF3
   734                           indf0	equ	0xFEF
   735                           postinc0	equ	0xFEE
   736                           postdec0	equ	0xFED
   737                           preinc0	equ	0xFEC
   738                           plusw0	equ	0xFEB
   739                           fsr0h	equ	0xFEA
   740                           fsr0l	equ	0xFE9
   741                           wreg	equ	0xFE8
   742                           indf1	equ	0xFE7
   743                           postinc1	equ	0xFE6
   744                           postdec1	equ	0xFE5
   745                           preinc1	equ	0xFE4
   746                           plusw1	equ	0xFE3
   747                           fsr1h	equ	0xFE2
   748                           fsr1l	equ	0xFE1
   749                           bsr	equ	0xFE0
   750                           indf2	equ	0xFDF
   751                           postinc2	equ	0xFDE
   752                           postdec2	equ	0xFDD
   753                           preinc2	equ	0xFDC
   754                           plusw2	equ	0xFDB
   755                           fsr2h	equ	0xFDA
   756                           fsr2l	equ	0xFD9
   757                           status	equ	0xFD8

Data Sizes:
    Strings     0
    Constant    0
    Data        2
    BSS         3
    Persistent  0
    Stack       0

Auto Spaces:
    Space          Size  Autos    Used
    COMRAM           95      2       7
    BANK0           160      0       0
    BANK1           256      0       0
    BANK2           256      0       0
    BANK3           256      0       0
    BANK4           256      0       0
    BANK5           256      0       0

Pointer List with Targets:

    None.

Critical Paths under _main in COMRAM

    _main->_software_pwm
    _software_pwm->_read_digital_keypad

Critical Paths under _main in BANK0

    None.

Critical Paths under _main in BANK1

    None.

Critical Paths under _main in BANK2

    None.

Critical Paths under _main in BANK3

    None.

Critical Paths under _main in BANK4

    None.

Critical Paths under _main in BANK5

    None.

Call Graph Tables:

 ---------------------------------------------------------------------------------
 (Depth) Function   	        Calls       Base Space   Used Autos Params    Refs
 ---------------------------------------------------------------------------------
 (0) _main                                                 0     0      0      60
                        _init_config
                       _software_pwm
 ---------------------------------------------------------------------------------
 (1) _software_pwm                                         1     1      0      60
                                              1 COMRAM     1     1      0
                _read_digital_keypad
 ---------------------------------------------------------------------------------
 (2) _read_digital_keypad                                  1     1      0      30
                                              0 COMRAM     1     1      0
 ---------------------------------------------------------------------------------
 (1) _init_config                                          0     0      0       0
                _init_digital_keypad
 ---------------------------------------------------------------------------------
 (2) _init_digital_keypad                                  0     0      0       0
 ---------------------------------------------------------------------------------
 Estimated maximum stack depth 2
 ---------------------------------------------------------------------------------

 Call Graph Graphs:

 _main (ROOT)
   _init_config
     _init_digital_keypad
   _software_pwm
     _read_digital_keypad

 Address spaces:
Name               Size   Autos  Total    Cost      Usage
BIGRAM             5FF      0       0      21        0.0%
BITBIGSFRll        281      0       0      19        0.0%
EEDATA             100      0       0       0        0.0%
BITBANK5           100      0       0      14        0.0%
BANK5              100      0       0      15        0.0%
BITBANK4           100      0       0      12        0.0%
BANK4              100      0       0      13        0.0%
BITBANK3           100      0       0      10        0.0%
BANK3              100      0       0      11        0.0%
BITBANK2           100      0       0       8        0.0%
BANK2              100      0       0       9        0.0%
BITBANK1           100      0       0       6        0.0%
BANK1              100      0       0       7        0.0%
BITBANK0            A0      0       0       4        0.0%
BANK0               A0      0       0       5        0.0%
BITCOMRAM           5F      0       0       0        0.0%
COMRAM              5F      2       7       1        7.4%
BITBIGSFRhh         3E      0       0      16        0.0%
BITBIGSFRhl         2C      0       0      17        0.0%
BITBIGSFRlh         10      0       0      18        0.0%
BIGSFR               0      0       0     200        0.0%
BITSFR_3             0      0       0     200        0.0%
SFR_3                0      0       0     200        0.0%
BITSFR_2             0      0       0     200        0.0%
SFR_2                0      0       0     200        0.0%
BITSFR_1             0      0       0     200        0.0%
SFR_1                0      0       0     200        0.0%
BITSFR               0      0       0     200        0.0%
SFR                  0      0       0     200        0.0%
STACK                0      0       0       2        0.0%
NULL                 0      0       0       0        0.0%
ABS                  0      0       7      20        0.0%
DATA                 0      0       7       3        0.0%
CODE                 0      0       0       0        0.0%


Microchip Technology PIC18 Macro Assembler V2.40 build 20220703182018 
Symbol Table                                                                                   Wed Jun 28 12:23:39 2023

                                l7 2E9C                                 l14 2F56  
                               l42 2FE4                                 l45 2FFE  
                               l53 2EB2                                 l48 2EAC  
                               u10 2EF4                                 u11 2EF0  
                               u20 2F08                                 u21 2F04  
                               u30 2F18                                 u31 2F14  
                               u40 2F38                                 u41 2F34  
                               u50 2F50                                 u51 2F4C  
                               u60 2F7A                                 u61 2F76  
                               u70 2F94                                 u71 2F90  
                               u80 2FA6                                 u81 2FA2  
                               u90 2FBA                                 u91 2FB6  
                              l732 2E96                                l740 2F18  
                              l750 2F38                                l742 2F1C  
                              l734 2EE4                                l736 2EF4  
                              l752 2F40                                l738 2F08  
                              l770 2F94                                l762 2F58  
                              l748 2F24                                l772 2FA6  
                              l780 2FCC                                l764 2F60  
                              l790 2EA2                                l758 2F54  
                              l782 2FDE                                l774 2FA8  
                              l766 2F7A                                l792 2EA8  
                              l784 2FE6                                l776 2FBA  
                              l768 2F82                                l786 2FFA  
                              l778 2FCA                                l794 2EAE  
                              l788 2E9E                                _RB0 007C08  
                              u100 2FCA                                u101 2FC6  
                              u110 2FDE                                u111 2FDA  
                              u120 2FFA                                u121 2FF6  
                     _software_pwm 2F58              ??_read_digital_keypad 0006  
                 software_pwm@wait 0001                               _main 2EAE  
                             start 0000                       ___param_bank 000000  
                            ?_main 0006                       ?_init_config 0006  
                            _PORTC 000F82                              _TRISB 000F93  
                            _TRISC 000F94                              tablat 000FF5  
                            status 000FD8                    __initialization 2EBE  
                     __end_of_main 2EBE                             ??_main 0008  
                    __activetblptr 000000                             _ADCON1 000FC1  
      __end_of_init_digital_keypad 2E9E                             isa$std 000001  
                     __pdataCOMRAM 0004                             tblptrh 000FF7  
                           tblptrl 000FF6                             tblptru 000FF8  
                       __accesstop 0060            __end_of__initialization 2EDC  
                    ___rparam_used 000001                     __pcstackCOMRAM 0006  
      __end_of_read_digital_keypad 2F58                            __Hparam 0000  
                          __Lparam 0000                            __pcinit 2EBE  
          software_pwm@duty_change 0004                            __ramtop 0600  
                          __ptext0 2EAE                            __ptext1 2F58  
                          __ptext2 2EE2                            __ptext3 2E9E  
                          __ptext4 2E96               end_of_initialization 2EDC  
                  software_pwm@key 0007                      __pidataCOMRAM 2E94  
                    ?_software_pwm 0006                start_initialization 2EBE  
                    ??_init_config 0006                     ??_software_pwm 0007  
                      __pbssCOMRAM 0001                __end_of_init_config 2EAE  
read_digital_keypad@detection_type 0006             software_pwm@prog_cycle 0003  
              _init_digital_keypad 2E96               __end_of_software_pwm 3000  
                         __Hrparam 0000                           __Lrparam 0000  
             ?_init_digital_keypad 0006                        _init_config 2E9E  
          read_digital_keypad@once 0005                           isa$xinst 000000  
            ??_init_digital_keypad 0006                _read_digital_keypad 2EE2  
             ?_read_digital_keypad 0006  
