Microchip MPLAB XC8 Compiler V2.40

Linker command line:

-W-3 \
  --edf=C:\Program Files\Microchip\xc8\v2.40\pic\dat\20220703182018_en.msgs \
  -cn \
  -h+dist/default/production\PWM_keypress_brightness_controll.X.production.sym \
  --cmf=dist/default/production\PWM_keypress_brightness_controll.X.production.cmf \
  -z -Q18F4580 -oC:\Users\lenovo\AppData\Local\Temp\xcAsfv8.4 \
  --defsym=__MPLAB_BUILD=1 --fixupoverflow=error \
  -Mdist/default/production/PWM_keypress_brightness_controll.X.production.map \
  --md=C:\Users\lenovo\AppData\Local\Temp\xcAsfv8.dat -E1 -ver=XC8 Compiler \
  --acfsm=1493 -ACODE=00h-03000h -ACONST=00h-03000h \
  -ASMALLCONST=0600h-06FFhx42,03000h-03000h -AMEDIUMCONST=0600h-03000h \
  -ACOMRAM=01h-05Fh -AABS1=00h-05FFh -ABIGRAM=01h-05FFh \
  -ARAM=060h-0FFh,0100h-01FFhx5 -ABANK0=060h-0FFh -ABANK1=0100h-01FFh \
  -ABANK2=0200h-02FFh -ABANK3=0300h-03FFh -ABANK4=0400h-04FFh \
  -ABANK5=0500h-05FFh -ASFR=0D00h-0DFFhx2,0F00h-0F5Fh,0F60h-0FFFh \
  -ABIGSFR=0D00h-0FFFh -ACONFIG=0300000h-030000Dh -AIDLOC=0200000h-0200007h \
  -AEEDATA=0F00000h-0F000FFh -peeprom_data=EEDATA \
  -preset_vec=00h,intcode,intcodelo,powerup,init -pramtop=0600h \
  -psmallconst=SMALLCONST -pmediumconst=MEDIUMCONST -pconst=CONST \
  -AFARRAM=00h-00h \
  -prdata=COMRAM,nvrram=COMRAM,nvbit=COMRAM,rbss=COMRAM,rbit=COMRAM \
  -pfarbss=FARRAM,fardata=FARRAM,nvFARRAM=FARRAM \
  -pintsave_regs=BIGRAM,bigbss=BIGRAM,bigdata=BIGRAM -pbss=RAM \
  -pidata=CODE,irdata=CODE,ibigdata=CODE,ifardata=CODE -prparam=COMRAM \
  C:\Users\lenovo\AppData\Local\Temp\xcAsfv8.o \
  dist/default/production\PWM_keypress_brightness_controll.X.production.o 

Object code version is 3.11

Machine type is 18F4580



                Name                               Link     Load   Length Selector   Space Scale
C:\Users\lenovo\AppData\Local\Temp\xcAsfv8.o
                idloc                            200000   200000        8        0       5
                config                           300000   300000        E        0       4
                init                                  0        0        4        0       0
dist/default/production\PWM_keypress_brightness_controll.X.production.o
                idloc                            200000   200000        8        0       5
                config                           300000   300000        E        0       4
                text4                              2E96     2E96        8     174B       0
                text3                              2E9E     2E9E       10     174F       0
                text2                              2EE2     2EE2       76     1771       0
                text1                              2F58     2F58       A8     17AC       0
                text0                              2EAE     2EAE       10     1757       0
                cstackCOMRAM                          6        6        2        1       1
                dataCOMRAM                            4        4        2        1       1
                bssCOMRAM                             1        1        3        1       1
                cinit                              2EBE     2EBE       24     175F       0
                idataCOMRAM                        2E94     2E94        2     2E94       0

TOTAL           Name                               Link     Load   Length     Space
        CLASS   CODE           
                init                                  0        0        4         0
                text4                              2E96     2E96        8         0
                text3                              2E9E     2E9E       10         0
                text2                              2EE2     2EE2       76         0
                text1                              2F58     2F58       A8         0
                text0                              2EAE     2EAE       10         0
                cinit                              2EBE     2EBE       24         0
                idataCOMRAM                        2E94     2E94        2         0

        CLASS   CONST          

        CLASS   SMALLCONST     

        CLASS   MEDIUMCONST    

        CLASS   COMRAM         
                cstackCOMRAM                          6        6        2         1
                dataCOMRAM                            4        4        2         1
                bssCOMRAM                             1        1        3         1

        CLASS   ABS1           

        CLASS   BIGRAM         

        CLASS   RAM            

        CLASS   BANK0          

        CLASS   BANK1          

        CLASS   BANK2          

        CLASS   BANK3          

        CLASS   BANK4          

        CLASS   BANK5          

        CLASS   SFR            

        CLASS   BIGSFR         

        CLASS   CONFIG         
                config                           300000   300000        E         4

        CLASS   IDLOC          
                idloc                            200000   200000        8         5

        CLASS   EEDATA         

        CLASS   FARRAM         

        CLASS   HEAP           

        CLASS   STACK          



SEGMENTS        Name                           Load    Length   Top    Selector   Space  Class

                reset_vec                      000000  000004  000004         0       0  CODE    
                bssCOMRAM                      000001  000007  000008         1       1  COMRAM  
                idataCOMRAM                    002E94  000002  002E96      2E94       0  CODE    
                text4                          002E96  000008  002E9E      174B       0  CODE    
                text3                          002E9E  000010  002EAE      174F       0  CODE    
                text0                          002EAE  000010  002EBE      1757       0  CODE    
                cinit                          002EBE  000024  002EE2      175F       0  CODE    
                text2                          002EE2  000076  002F58      1771       0  CODE    
                text1                          002F58  0000A8  003000      17AC       0  CODE    


UNUSED ADDRESS RANGES

        Name                Unused          Largest block    Delta
        BANK0            000060-0000FF               A0
        BANK1            000100-0001FF              100
        BANK2            000200-0002FF              100
        BANK3            000300-0003FF              100
        BANK4            000400-0004FF              100
        BANK5            000500-0005FF              100
        BIGRAM           000008-0005FF              5F8
        BIGSFR           000D00-000FFF              300
        CODE             000004-002E93             2E90
                         003000-003000                1
        COMRAM           000008-00005F               58
        CONST            000004-002E93             2E90
                         003000-003000                1
        EEDATA           F00000-F000FF              100
        MEDIUMCONST      000600-002E93             2894
                         003000-003000                1
        RAM              000060-0005FF              100
        SFR              000D00-000FFF              100
        SMALLCONST       000600-002E93              100
                         003000-003000                1

                                  Symbol Table

_ADCON1                            (abs)        000FC1
_PORTC                             (abs)        000F82
_RB0                               (abs)        007C08
_TRISB                             (abs)        000F93
_TRISC                             (abs)        000F94
__HRAM                             (abs)        000000
__Habs1                            abs1         000000
__Hbank0                           bank0        000000
__Hbank1                           bank1        000000
__Hbank2                           bank2        000000
__Hbank3                           bank3        000000
__Hbank4                           bank4        000000
__Hbank5                           bank5        000000
__Hbigbss                          bigbss       000000
__Hbigdata                         bigdata      000000
__Hbigram                          bigram       000000
__Hbigsfr                          bigsfr       000000
__Hbss                             bss          000000
__HbssCOMRAM                       bssCOMRAM    000000
__Hcinit                           cinit        000000
__Hclrtext                         clrtext      000000
__Hcomram                          comram       000000
__Hconfig                          config       30000E
__Hconst                           const        000000
__HcstackCOMRAM                    cstackCOMRAM 000000
__Hdata                            data         000000
__HdataCOMRAM                      dataCOMRAM   000000
__Heeprom_data                     eeprom_data  000000
__Hfarbss                          farbss       000000
__Hfardata                         fardata      000000
__Hheap                            heap         000000
__Hibigdata                        ibigdata     000000
__Hidata                           idata        000000
__HidataCOMRAM                     idataCOMRAM  000000
__Hidloc                           idloc        200008
__Hifardata                        ifardata     000000
__Hinit                            init         000004
__Hintcode                         intcode      000000
__Hintcode_body                    intcode_body 000000
__Hintcodelo                       intcodelo    000000
__Hintentry                        intentry     000000
__Hintret                          intret       000000
__Hintsave_regs                    intsave_regs 000000
__Hirdata                          irdata       000000
__Hmediumconst                     mediumconst  000000
__HnvFARRAM                        nvFARRAM     000000
__Hnvbit                           nvbit        000000
__Hnvrram                          nvrram       000000
__Hparam                           rparam       000000
__Hpowerup                         powerup      000000
__Hram                             ram          000000
__Hramtop                          ramtop       000600
__Hrbit                            rbit         000000
__Hrbss                            rbss         000000
__Hrdata                           rdata        000000
__Hreset_vec                       reset_vec    000000
__Hrparam                          rparam       000000
__Hsfr                             sfr          000000
__Hsmallconst                      smallconst   000000
__Hspace_0                         (abs)        003000
__Hspace_1                         (abs)        000008
__Hspace_2                         (abs)        000000
__Hspace_4                         (abs)        60000E
__Hstack                           stack        000000
__Hstruct                          struct       000000
__Htemp                            temp         000000
__Htext                            text         000000
__Htext0                           text0        000000
__Htext1                           text1        000000
__Htext2                           text2        000000
__Htext3                           text3        000000
__Htext4                           text4        000000
__LRAM                             (abs)        000001
__Labs1                            abs1         000000
__Lbank0                           bank0        000000
__Lbank1                           bank1        000000
__Lbank2                           bank2        000000
__Lbank3                           bank3        000000
__Lbank4                           bank4        000000
__Lbank5                           bank5        000000
__Lbigbss                          bigbss       000000
__Lbigdata                         bigdata      000000
__Lbigram                          bigram       000000
__Lbigsfr                          bigsfr       000000
__Lbss                             bss          000000
__LbssCOMRAM                       bssCOMRAM    000000
__Lcinit                           cinit        000000
__Lclrtext                         clrtext      000000
__Lcomram                          comram       000000
__Lconfig                          config       000000
__Lconst                           const        000000
__LcstackCOMRAM                    cstackCOMRAM 000000
__Ldata                            data         000000
__LdataCOMRAM                      dataCOMRAM   000000
__Leeprom_data                     eeprom_data  000000
__Lfarbss                          farbss       000000
__Lfardata                         fardata      000000
__Lheap                            heap         000000
__Libigdata                        ibigdata     000000
__Lidata                           idata        000000
__LidataCOMRAM                     idataCOMRAM  000000
__Lidloc                           idloc        000000
__Lifardata                        ifardata     000000
__Linit                            init         000000
__Lintcode                         intcode      000000
__Lintcode_body                    intcode_body 000000
__Lintcodelo                       intcodelo    000000
__Lintentry                        intentry     000000
__Lintret                          intret       000000
__Lintsave_regs                    intsave_regs 000000
__Lirdata                          irdata       000000
__Lmediumconst                     mediumconst  000000
__LnvFARRAM                        nvFARRAM     000000
__Lnvbit                           nvbit        000000
__Lnvrram                          nvrram       000000
__Lparam                           rparam       000000
__Lpowerup                         powerup      000000
__Lram                             ram          000000
__Lramtop                          ramtop       000600
__Lrbit                            rbit         000000
__Lrbss                            rbss         000000
__Lrdata                           rdata        000000
__Lreset_vec                       reset_vec    000000
__Lrparam                          rparam       000000
__Lsfr                             sfr          000000
__Lsmallconst                      smallconst   000000
__Lspace_0                         (abs)        000000
__Lspace_1                         (abs)        000000
__Lspace_2                         (abs)        000000
__Lspace_4                         (abs)        000000
__Lstack                           stack        000000
__Lstruct                          struct       000000
__Ltemp                            temp         000000
__Ltext                            text         000000
__Ltext0                           text0        000000
__Ltext1                           text1        000000
__Ltext2                           text2        000000
__Ltext3                           text3        000000
__Ltext4                           text4        000000
__S0                               (abs)        003000
__S1                               (abs)        000008
__S4                               (abs)        000000
__S5                               (abs)        000000
___heap_hi                         (abs)        000000
___heap_lo                         (abs)        000000
___inthi_sp                        stack        000000
___intlo_sp                        stack        000000
___param_bank                      (abs)        000000
___rparam_used                     (abs)        000001
___sp                              stack        000000
__accesstop                        (abs)        000060
__activetblptr                     (abs)        000000
__end_of__initialization           cinit        002EDC
__end_of_init_config               text3        002EAE
__end_of_init_digital_keypad       text4        002E9E
__end_of_main                      text0        002EBE
__end_of_read_digital_keypad       text2        002F58
__end_of_software_pwm              text1        003000
__initialization                   cinit        002EBE
__mediumconst                      mediumconst  000000
__pbssCOMRAM                       bssCOMRAM    000001
__pcinit                           cinit        002EBE
__pcstackCOMRAM                    cstackCOMRAM 000006
__pdataCOMRAM                      dataCOMRAM   000004
__pidataCOMRAM                     idataCOMRAM  002E94
__ptext0                           text0        002EAE
__ptext1                           text1        002F58
__ptext2                           text2        002EE2
__ptext3                           text3        002E9E
__ptext4                           text4        002E96
__ramtop                           ramtop       000600
__smallconst                       smallconst   000000
_init_config                       text3        002E9E
_init_digital_keypad               text4        002E96
_main                              text0        002EAE
_read_digital_keypad               text2        002EE2
_software_pwm                      text1        002F58
end_of_initialization              cinit        002EDC
intlevel0                          text         000000
intlevel1                          text         000000
intlevel2                          text         000000
intlevel3                          text         000000
isa$std                            (abs)        000001
isa$xinst                          (abs)        000000
read_digital_keypad@detection_type cstackCOMRAM 000006
read_digital_keypad@once           dataCOMRAM   000005
software_pwm@duty_change           dataCOMRAM   000004
software_pwm@key                   cstackCOMRAM 000007
software_pwm@prog_cycle            bssCOMRAM    000003
software_pwm@wait                  bssCOMRAM    000001
stackhi                            (abs)        000000
stacklo                            (abs)        000000
start                              init         000000
start_initialization               cinit        002EBE


MODULE INFORMATION

Module		Function		Class		Link	Load	Size
digital_keypad.c
		_init_digital_keypad		CODE           	2E96	0000	8
		_read_digital_keypad		CODE           	2EE2	0000	118

digital_keypad.c estimated size: 126

shared
		__initialization		CODE           	2EBE	0000	30

shared estimated size: 30

main.c
		_main          		CODE           	2EAE	0000	16
		_software_pwm  		CODE           	2F58	0000	168
		_init_config   		CODE           	2E9E	0000	16

main.c estimated size: 200

