Microchip MPLAB XC8 Compiler V2.41

Linker command line:

-W-3 \
  --edf=C:\Program Files\Microchip\xc8\v2.41\pic\dat\20230208172133_en.msgs \
  -cn -h+dist/default/production\8-PWM-TIMER2.X.X.production.sym \
  --cmf=dist/default/production\8-PWM-TIMER2.X.X.production.cmf -z \
  -Q18F4580 -oC:\Users\emertxe\AppData\Local\Temp\xcAsajo.\driver_tmp_3.o \
  --defsym=__MPLAB_BUILD=1 --fixupoverflow=error \
  -Mdist/default/production/8-PWM-TIMER2.X.X.production.map \
  --md=C:\Users\emertxe\AppData\Local\Temp\xcAsajo.\driver_tmp_0.dat -E1 \
  -ver=XC8 Compiler --acfsm=1493 -ACODE=00h-07FFFh -ACONST=00h-07FFFh \
  -ASMALLCONST=0600h-06FFhx122 -AMEDIUMCONST=0600h-07FFFh -ACOMRAM=01h-05Fh \
  -AABS1=00h-05FFh -ABIGRAM=01h-05FFh -ARAM=060h-0FFh,0100h-01FFhx5 \
  -ABANK0=060h-0FFh -ABANK1=0100h-01FFh -ABANK2=0200h-02FFh \
  -ABANK3=0300h-03FFh -ABANK4=0400h-04FFh -ABANK5=0500h-05FFh \
  -ASFR=0D00h-0DFFhx2,0F00h-0F5Fh,0F60h-0FFFh -ABIGSFR=0D00h-0FFFh \
  -ACONFIG=0300000h-030000Dh -AIDLOC=0200000h-0200007h \
  -AEEDATA=0F00000h-0F000FFh -peeprom_data=EEDATA \
  -preset_vec=00h,intcode,intcodelo,powerup,init -pramtop=0600h \
  -psmallconst=SMALLCONST -pmediumconst=MEDIUMCONST -pconst=CONST \
  -AFARRAM=00h-00h \
  -prdata=COMRAM,nvrram=COMRAM,nvbit=COMRAM,rbss=COMRAM,rbit=COMRAM \
  -pfarbss=FARRAM,fardata=FARRAM,nvFARRAM=FARRAM \
  -pintsave_regs=BIGRAM,bigbss=BIGRAM,bigdata=BIGRAM -pbss=RAM \
  -pidata=CODE,irdata=CODE,ibigdata=CODE,ifardata=CODE -prparam=COMRAM \
  C:\Users\emertxe\AppData\Local\Temp\xcAsajo.\driver_tmp_9.o \
  dist/default/production\8-PWM-TIMER2.X.X.production.o 

Object code version is 3.11

Machine type is 18F4580



                Name                               Link     Load   Length Selector   Space Scale
C:\Users\emertxe\AppData\Local\Temp\xcAsajo.\driver_tmp_9.o
                idloc                            200000   200000        8        0       5
                config                           300000   300000        E        0       4
                init                                  0        0        4        0       0
dist/default/production\8-PWM-TIMER2.X.X.production.o
                idloc                            200000   200000        8        0       5
                config                           300000   300000        E        0       4
                text3                              7FD4     7FD4       14     3FEA       0
                text2                              7FE8     7FE8       18     3FF4       0
                text1                              7FBE     7FBE        A     3FDF       0
                text0                              7FC8     7FC8        C     3FE4       0
                cinit                              7FB8     7FB8        6     3FDC       0

TOTAL           Name                               Link     Load   Length     Space
        CLASS   CODE           
                init                                  0        0        4         0
                text3                              7FD4     7FD4       14         0
                text2                              7FE8     7FE8       18         0
                text1                              7FBE     7FBE        A         0
                text0                              7FC8     7FC8        C         0
                cinit                              7FB8     7FB8        6         0

        CLASS   CONST          

        CLASS   SMALLCONST     

        CLASS   MEDIUMCONST    

        CLASS   COMRAM         

        CLASS   ABS1           

        CLASS   BIGRAM         

        CLASS   RAM            

        CLASS   BANK0          

        CLASS   BANK1          

        CLASS   BANK2          

        CLASS   BANK3          

        CLASS   BANK4          

        CLASS   BANK5          

        CLASS   SFR            

        CLASS   BIGSFR         

        CLASS   CONFIG         
                config                           300000   300000        E         4

        CLASS   IDLOC          
                idloc                            200000   200000        8         5

        CLASS   EEDATA         

        CLASS   FARRAM         

        CLASS   HEAP           

        CLASS   STACK          



SEGMENTS        Name                           Load    Length   Top    Selector   Space  Class

                reset_vec                      000000  000004  000004         0       0  CODE    
                cinit                          007FB8  000006  007FBE      3FDC       0  CODE    
                text1                          007FBE  00000A  007FC8      3FDF       0  CODE    
                text0                          007FC8  00000C  007FD4      3FE4       0  CODE    
                text3                          007FD4  000014  007FE8      3FEA       0  CODE    
                text2                          007FE8  000018  008000      3FF4       0  CODE    


UNUSED ADDRESS RANGES

        Name                Unused          Largest block    Delta
        BANK0            000060-0000FF               A0
        BANK1            000100-0001FF              100
        BANK2            000200-0002FF              100
        BANK3            000300-0003FF              100
        BANK4            000400-0004FF              100
        BANK5            000500-0005FF              100
        BIGRAM           000001-0005FF              5FF
        BIGSFR           000D00-000FFF              300
        CODE             000004-007FB7             7FB4
        COMRAM           000001-00005F               5F
        CONST            000004-007FB7             7FB4
        EEDATA           F00000-F000FF              100
        MEDIUMCONST      000600-007FB7             79B8
        RAM              000060-0005FF              100
        SFR              000D00-000FFF              100
        SMALLCONST       000600-007FB7              100

                                  Symbol Table

_CCP1M0                     (abs)        007DE8
_CCP1M1                     (abs)        007DE9
_CCP1M2                     (abs)        007DEA
_CCP1M3                     (abs)        007DEB
_CCPR1L                     (abs)        000FBE
_DC1B0                      (abs)        007DEC
_DC1B1                      (abs)        007DED
_PR2                        (abs)        000FCB
_T2CKPS0                    (abs)        007E50
_T2CKPS1                    (abs)        007E51
_T2OUTPS0                   (abs)        007E53
_T2OUTPS1                   (abs)        007E54
_T2OUTPS2                   (abs)        007E55
_T2OUTPS3                   (abs)        007E56
_TMR2                       (abs)        000FCC
_TMR2ON                     (abs)        007E52
_TRISCbits                  (abs)        000F94
__HRAM                      (abs)        000000
__H__absolute__             __absolute__ 000000
__Habs1                     abs1         000000
__Hbank0                    bank0        000000
__Hbank1                    bank1        000000
__Hbank2                    bank2        000000
__Hbank3                    bank3        000000
__Hbank4                    bank4        000000
__Hbank5                    bank5        000000
__Hbigbss                   bigbss       000000
__Hbigdata                  bigdata      000000
__Hbigram                   bigram       000000
__Hbigsfr                   bigsfr       000000
__Hbss                      bss          000000
__Hcinit                    cinit        000000
__Hclrtext                  clrtext      000000
__Hcomram                   comram       000000
__Hconfig                   config       30000E
__Hconst                    const        000000
__HcstackCOMRAM             cstackCOMRAM 000000
__Hdata                     data         000000
__Heeprom_data              eeprom_data  000000
__Hfarbss                   farbss       000000
__Hfardata                  fardata      000000
__Hheap                     heap         000000
__Hibigdata                 ibigdata     000000
__Hidata                    idata        000000
__Hidloc                    idloc        200008
__Hifardata                 ifardata     000000
__Hinit                     init         000004
__Hintcode                  intcode      000000
__Hintcode_body             intcode_body 000000
__Hintcodelo                intcodelo    000000
__Hintentry                 intentry     000000
__Hintret                   intret       000000
__Hintsave_regs             intsave_regs 000000
__Hirdata                   irdata       000000
__Hmediumconst              mediumconst  000000
__HnvFARRAM                 nvFARRAM     000000
__Hnvbit                    nvbit        000000
__Hnvrram                   nvrram       000000
__Hparam                    rparam       000000
__Hpowerup                  powerup      000000
__Hram                      ram          000000
__Hramtop                   ramtop       000600
__Hrbit                     rbit         000000
__Hrbss                     rbss         000000
__Hrdata                    rdata        000000
__Hreset_vec                reset_vec    000000
__Hrparam                   rparam       000000
__Hsfr                      sfr          000000
__Hsmallconst               smallconst   000000
__Hspace_0                  (abs)        008000
__Hspace_1                  (abs)        000000
__Hspace_2                  (abs)        000000
__Hspace_4                  (abs)        60000E
__Hstack                    stack        000000
__Hstruct                   struct       000000
__Htemp                     temp         000000
__Htext                     text         000000
__Htext0                    text0        000000
__Htext1                    text1        000000
__Htext2                    text2        000000
__Htext3                    text3        000000
__LRAM                      (abs)        000001
__L__absolute__             __absolute__ 000000
__Labs1                     abs1         000000
__Lbank0                    bank0        000000
__Lbank1                    bank1        000000
__Lbank2                    bank2        000000
__Lbank3                    bank3        000000
__Lbank4                    bank4        000000
__Lbank5                    bank5        000000
__Lbigbss                   bigbss       000000
__Lbigdata                  bigdata      000000
__Lbigram                   bigram       000000
__Lbigsfr                   bigsfr       000000
__Lbss                      bss          000000
__Lcinit                    cinit        000000
__Lclrtext                  clrtext      000000
__Lcomram                   comram       000000
__Lconfig                   config       000000
__Lconst                    const        000000
__LcstackCOMRAM             cstackCOMRAM 000000
__Ldata                     data         000000
__Leeprom_data              eeprom_data  000000
__Lfarbss                   farbss       000000
__Lfardata                  fardata      000000
__Lheap                     heap         000000
__Libigdata                 ibigdata     000000
__Lidata                    idata        000000
__Lidloc                    idloc        000000
__Lifardata                 ifardata     000000
__Linit                     init         000000
__Lintcode                  intcode      000000
__Lintcode_body             intcode_body 000000
__Lintcodelo                intcodelo    000000
__Lintentry                 intentry     000000
__Lintret                   intret       000000
__Lintsave_regs             intsave_regs 000000
__Lirdata                   irdata       000000
__Lmediumconst              mediumconst  000000
__LnvFARRAM                 nvFARRAM     000000
__Lnvbit                    nvbit        000000
__Lnvrram                   nvrram       000000
__Lparam                    rparam       000000
__Lpowerup                  powerup      000000
__Lram                      ram          000000
__Lramtop                   ramtop       000600
__Lrbit                     rbit         000000
__Lrbss                     rbss         000000
__Lrdata                    rdata        000000
__Lreset_vec                reset_vec    000000
__Lrparam                   rparam       000000
__Lsfr                      sfr          000000
__Lsmallconst               smallconst   000000
__Lspace_0                  (abs)        000000
__Lspace_1                  (abs)        000000
__Lspace_2                  (abs)        000000
__Lspace_4                  (abs)        000000
__Lstack                    stack        000000
__Lstruct                   struct       000000
__Ltemp                     temp         000000
__Ltext                     text         000000
__Ltext0                    text0        000000
__Ltext1                    text1        000000
__Ltext2                    text2        000000
__Ltext3                    text3        000000
__S0                        (abs)        008000
__S1                        (abs)        000000
__S4                        (abs)        000000
__S5                        (abs)        000000
___heap_hi                  (abs)        000000
___heap_lo                  (abs)        000000
___inthi_sp                 stack        000000
___intlo_sp                 stack        000000
___param_bank               (abs)        000000
___rparam_used              (abs)        000001
___sp                       stack        000000
__accesstop                 (abs)        000060
__activetblptr              (abs)        000000
__end_of__initialization    cinit        007FB8
__end_of_init_CCP_config    text3        007FE8
__end_of_init_config        text1        007FC8
__end_of_init_timer2_config text2        008000
__end_of_main               text0        007FD4
__initialization            cinit        007FB8
__mediumconst               mediumconst  000000
__pcinit                    cinit        007FB8
__pcstackCOMRAM             cstackCOMRAM 000000
__ptext0                    text0        007FC8
__ptext1                    text1        007FBE
__ptext2                    text2        007FE8
__ptext3                    text3        007FD4
__ramtop                    ramtop       000600
__smallconst                smallconst   000000
_init_CCP_config            text3        007FD4
_init_config                text1        007FBE
_init_timer2_config         text2        007FE8
_main                       text0        007FC8
end_of_initialization       cinit        007FB8
intlevel0                   text         000000
intlevel1                   text         000000
intlevel2                   text         000000
intlevel3                   text         000000
isa$std                     (abs)        000001
isa$xinst                   (abs)        000000
stackhi                     (abs)        000000
stacklo                     (abs)        000000
start                       init         000000
start_initialization        cinit        007FB8


MODULE INFORMATION

Module		Function		Class		Link	Load	Size
init_CCP_config.c
		_init_CCP_config		CODE           	7FD4	0000	20

init_CCP_config.c estimated size: 20

shared
		__initialization		CODE           	7FB8	0000	1

shared estimated size: 1

init_timer2_config.c
		_init_timer2_config		CODE           	7FE8	0000	24

init_timer2_config.c estimated size: 24

main.c
		_main          		CODE           	7FC8	0000	12
		_init_config   		CODE           	7FBE	0000	10

main.c estimated size: 22

