

Microchip MPLAB XC8 Assembler V2.41 build 20230208172133 
                                                                                               Mon Jun 12 12:10:47 2023

Microchip MPLAB XC8 C Compiler v2.41 (Free license) build 20230208172133 Og1 
     1                           	processor	18F4580
     2                           	fnconf	rparam,??,?,0
     3                           	pagewidth 120
     4                           	opt	flic
     5                           	psect	cinit,global,reloc=2,class=CODE,delta=1
     6                           	psect	cstackCOMRAM,global,class=COMRAM,space=1,delta=1,lowdata,noexec
     7                           	psect	text0,global,reloc=2,class=CODE,delta=1
     8                           	psect	text1,global,reloc=2,class=CODE,delta=1
     9                           	psect	text2,global,reloc=2,class=CODE,delta=1
    10                           	psect	text3,global,reloc=2,class=CODE,delta=1
    11                           	psect	intsave_regs,global,class=BIGRAM,space=1,delta=1,noexec
    12                           	psect	rparam,global,class=COMRAM,space=1,delta=1,noexec
    13                           	psect	idloc,global,abs,ovrld,class=IDLOC,space=5,delta=1,noexec
    14                           	psect	config,global,abs,ovrld,class=CONFIG,space=4,delta=1,noexec
    15   000000                     
    16                           ; Version 2.20
    17                           ; Generated 12/02/2020 GMT
    18                           ; 
    19                           ; Copyright © 2020, Microchip Technology Inc. and its subsidiaries ("Microchip")
    20                           ; All rights reserved.
    21                           ; 
    22                           ; This software is developed by Microchip Technology Inc. and its subsidiaries ("Microch
      +                          ip").
    23                           ; 
    24                           ; Redistribution and use in source and binary forms, with or without modification, are
    25                           ; permitted provided that the following conditions are met:
    26                           ; 
    27                           ;     1. Redistributions of source code must retain the above copyright notice, this lis
      +                          t of
    28                           ;        conditions and the following disclaimer.
    29                           ; 
    30                           ;     2. Redistributions in binary form must reproduce the above copyright notice, this 
      +                          list
    31                           ;        of conditions and the following disclaimer in the documentation and/or other
    32                           ;        materials provided with the distribution.
    33                           ; 
    34                           ;     3. Microchip's name may not be used to endorse or promote products derived from th
      +                          is
    35                           ;        software without specific prior written permission.
    36                           ; 
    37                           ; THIS SOFTWARE IS PROVIDED BY MICROCHIP "AS IS" AND ANY EXPRESS OR IMPLIED WARRANTIES,
    38                           ; INCLUDING, BUT NOT LIMITED TO, THE IMPLIED WARRANTIES OF MERCHANTABILITY AND FITNESS F
      +                          OR
    39                           ; PURPOSE ARE DISCLAIMED.  IN NO EVENT SHALL MICROCHIP BE LIABLE FOR ANY DIRECT, INDIREC
      +                          T,
    40                           ; INCIDENTAL, SPECIAL, EXEMPLARY, OR CONSEQUENTIAL DAMAGES (INCLUDING BUT NOT LIMITED TO
    41                           ; PROCUREMENT OF SUBSTITUTE GOODS OR SERVICES; LOSS OF USE, DATA OR PROFITS; OR BUSINESS
    42                           ; INTERRUPTION) HOWSOEVER CAUSED AND ON ANY THEORY OF LIABILITY, WHETHER IN CONTRACT, ST
      +                          RICT
    43                           ; LIABILITY, OR TORT (INCLUDING NEGLIGENCE OR OTHERWISE) ARISING IN ANY WAY OUT OF THE U
      +                          SE OF
    44                           ; THIS SOFTWARE, EVEN IF ADVISED OF THE POSSIBILITY OF SUCH DAMAGE.
    45                           ; 
    46                           ; 
    47                           ; Code-generator required, PIC18F4580 Definitions
    48                           ; 
    49                           ; SFR Addresses
    50   000000                     _T2CKPS0	set	32336
    51   000000                     _T2CKPS1	set	32337
    52   000000                     _TMR2ON	set	32338
    53   000000                     _T2OUTPS0	set	32339
    54   000000                     _T2OUTPS1	set	32340
    55   000000                     _T2OUTPS2	set	32341
    56   000000                     _DC1B0	set	32236
    57   000000                     _DC1B1	set	32237
    58   000000                     _CCP1M0	set	32232
    59   000000                     _CCP1M1	set	32233
    60   000000                     _CCP1M2	set	32234
    61   000000                     _TRISCbits	set	3988
    62   000000                     _CCP1M3	set	32235
    63   000000                     _CCPR1L	set	4030
    64   000000                     _T2OUTPS3	set	32342
    65   000000                     _TMR2	set	4044
    66   000000                     _PR2	set	4043
    67                           
    68                           ; #config settings
    69                           
    70                           	psect	cinit
    71   007FB8                     __pcinit:
    72                           	callstack 0
    73   007FB8                     start_initialization:
    74                           	callstack 0
    75   007FB8                     __initialization:
    76                           	callstack 0
    77   007FB8                     end_of_initialization:
    78                           	callstack 0
    79   007FB8                     __end_of__initialization:
    80                           	callstack 0
    81   007FB8  0100               	movlb	0
    82   007FBA  EFE4  F03F         	goto	_main	;jump to C main() function
    83                           
    84                           	psect	cstackCOMRAM
    85   000000                     __pcstackCOMRAM:
    86                           	callstack 0
    87   000000                     
    88                           ; 1 bytes @ 0x0
    89 ;;
    90 ;;Main: autosize = 0, tempsize = 0, incstack = 0, save=0
    91 ;;
    92 ;; *************** function _main *****************
    93 ;; Defined at:
    94 ;;		line 15 in file "main.c"
    95 ;; Parameters:    Size  Location     Type
    96 ;;		None
    97 ;; Auto vars:     Size  Location     Type
    98 ;;		None
    99 ;; Return value:  Size  Location     Type
   100 ;;                  1    wreg      void 
   101 ;; Registers used:
   102 ;;		wreg, status,2, cstack
   103 ;; Tracked objects:
   104 ;;		On entry : 0/0
   105 ;;		On exit  : 0/0
   106 ;;		Unchanged: 0/0
   107 ;; Data sizes:     COMRAM   BANK0   BANK1   BANK2   BANK3   BANK4   BANK5
   108 ;;      Params:         0       0       0       0       0       0       0
   109 ;;      Locals:         0       0       0       0       0       0       0
   110 ;;      Temps:          0       0       0       0       0       0       0
   111 ;;      Totals:         0       0       0       0       0       0       0
   112 ;;Total ram usage:        0 bytes
   113 ;; Hardware stack levels required when called: 2
   114 ;; This function calls:
   115 ;;		_init_config
   116 ;; This function is called by:
   117 ;;		Startup code after reset
   118 ;; This function uses a non-reentrant model
   119 ;;
   120                           
   121                           	psect	text0
   122   007FC8                     __ptext0:
   123                           	callstack 0
   124   007FC8                     _main:
   125                           	callstack 29
   126   007FC8                     
   127                           ;main.c: 17:  init_config();
   128   007FC8  ECDF  F03F         	call	_init_config	;wreg free
   129   007FCC                     l52:
   130   007FCC  EFE6  F03F         	goto	l52
   131   007FD0  EF00  F000         	goto	start
   132   007FD4                     __end_of_main:
   133                           	callstack 0
   134                           
   135 ;; *************** function _init_config *****************
   136 ;; Defined at:
   137 ;;		line 9 in file "main.c"
   138 ;; Parameters:    Size  Location     Type
   139 ;;		None
   140 ;; Auto vars:     Size  Location     Type
   141 ;;		None
   142 ;; Return value:  Size  Location     Type
   143 ;;                  1    wreg      void 
   144 ;; Registers used:
   145 ;;		wreg, status,2, cstack
   146 ;; Tracked objects:
   147 ;;		On entry : 0/0
   148 ;;		On exit  : 0/0
   149 ;;		Unchanged: 0/0
   150 ;; Data sizes:     COMRAM   BANK0   BANK1   BANK2   BANK3   BANK4   BANK5
   151 ;;      Params:         0       0       0       0       0       0       0
   152 ;;      Locals:         0       0       0       0       0       0       0
   153 ;;      Temps:          0       0       0       0       0       0       0
   154 ;;      Totals:         0       0       0       0       0       0       0
   155 ;;Total ram usage:        0 bytes
   156 ;; Hardware stack levels used: 1
   157 ;; Hardware stack levels required when called: 1
   158 ;; This function calls:
   159 ;;		_init_CCP_config
   160 ;;		_init_timer2_config
   161 ;; This function is called by:
   162 ;;		_main
   163 ;; This function uses a non-reentrant model
   164 ;;
   165                           
   166                           	psect	text1
   167   007FBE                     __ptext1:
   168                           	callstack 0
   169   007FBE                     _init_config:
   170                           	callstack 29
   171   007FBE                     
   172                           ;main.c: 11:  init_CCP_config();
   173   007FBE  ECEA  F03F         	call	_init_CCP_config	;wreg free
   174                           
   175                           ;main.c: 12:  init_timer2_config();
   176   007FC2  ECF4  F03F         	call	_init_timer2_config	;wreg free
   177   007FC6  0012               	return		;funcret
   178   007FC8                     __end_of_init_config:
   179                           	callstack 0
   180                           
   181 ;; *************** function _init_timer2_config *****************
   182 ;; Defined at:
   183 ;;		line 3 in file "init_timer2_config.c"
   184 ;; Parameters:    Size  Location     Type
   185 ;;		None
   186 ;; Auto vars:     Size  Location     Type
   187 ;;		None
   188 ;; Return value:  Size  Location     Type
   189 ;;                  1    wreg      void 
   190 ;; Registers used:
   191 ;;		wreg, status,2
   192 ;; Tracked objects:
   193 ;;		On entry : 0/0
   194 ;;		On exit  : 0/0
   195 ;;		Unchanged: 0/0
   196 ;; Data sizes:     COMRAM   BANK0   BANK1   BANK2   BANK3   BANK4   BANK5
   197 ;;      Params:         0       0       0       0       0       0       0
   198 ;;      Locals:         0       0       0       0       0       0       0
   199 ;;      Temps:          0       0       0       0       0       0       0
   200 ;;      Totals:         0       0       0       0       0       0       0
   201 ;;Total ram usage:        0 bytes
   202 ;; Hardware stack levels used: 1
   203 ;; This function calls:
   204 ;;		Nothing
   205 ;; This function is called by:
   206 ;;		_init_config
   207 ;; This function uses a non-reentrant model
   208 ;;
   209                           
   210                           	psect	text2
   211   007FE8                     __ptext2:
   212                           	callstack 0
   213   007FE8                     _init_timer2_config:
   214                           	callstack 29
   215   007FE8                     
   216                           ;init_timer2_config.c: 7:  T2OUTPS3 = 0;
   217   007FE8  9CCA               	bcf	4042,6,c	;volatile
   218                           
   219                           ;init_timer2_config.c: 8:  T2OUTPS2 = 0;
   220   007FEA  9ACA               	bcf	4042,5,c	;volatile
   221                           
   222                           ;init_timer2_config.c: 9:  T2OUTPS1 = 0;
   223   007FEC  98CA               	bcf	4042,4,c	;volatile
   224                           
   225                           ;init_timer2_config.c: 10:  T2OUTPS0 = 0;
   226   007FEE  96CA               	bcf	4042,3,c	;volatile
   227                           
   228                           ;init_timer2_config.c: 14:  TMR2ON = 1;
   229   007FF0  84CA               	bsf	4042,2,c	;volatile
   230                           
   231                           ;init_timer2_config.c: 18:  T2CKPS1 = 1;
   232   007FF2  82CA               	bsf	4042,1,c	;volatile
   233                           
   234                           ;init_timer2_config.c: 19:  T2CKPS0 = 0;
   235   007FF4  90CA               	bcf	4042,0,c	;volatile
   236   007FF6                     
   237                           ;init_timer2_config.c: 26:  PR2 = 124;
   238   007FF6  0E7C               	movlw	124
   239   007FF8  6ECB               	movwf	203,c	;volatile
   240                           
   241                           ;init_timer2_config.c: 29:  TMR2 = 0;
   242   007FFA  0E00               	movlw	0
   243   007FFC  6ECC               	movwf	204,c	;volatile
   244   007FFE  0012               	return		;funcret
   245   008000                     __end_of_init_timer2_config:
   246                           	callstack 0
   247                           
   248 ;; *************** function _init_CCP_config *****************
   249 ;; Defined at:
   250 ;;		line 3 in file "init_CCP_config.c"
   251 ;; Parameters:    Size  Location     Type
   252 ;;		None
   253 ;; Auto vars:     Size  Location     Type
   254 ;;		None
   255 ;; Return value:  Size  Location     Type
   256 ;;                  1    wreg      void 
   257 ;; Registers used:
   258 ;;		wreg, status,2
   259 ;; Tracked objects:
   260 ;;		On entry : 0/0
   261 ;;		On exit  : 0/0
   262 ;;		Unchanged: 0/0
   263 ;; Data sizes:     COMRAM   BANK0   BANK1   BANK2   BANK3   BANK4   BANK5
   264 ;;      Params:         0       0       0       0       0       0       0
   265 ;;      Locals:         0       0       0       0       0       0       0
   266 ;;      Temps:          0       0       0       0       0       0       0
   267 ;;      Totals:         0       0       0       0       0       0       0
   268 ;;Total ram usage:        0 bytes
   269 ;; Hardware stack levels used: 1
   270 ;; This function calls:
   271 ;;		Nothing
   272 ;; This function is called by:
   273 ;;		_init_config
   274 ;; This function uses a non-reentrant model
   275 ;;
   276                           
   277                           	psect	text3
   278   007FD4                     __ptext3:
   279                           	callstack 0
   280   007FD4                     _init_CCP_config:
   281                           	callstack 29
   282   007FD4                     
   283                           ;init_CCP_config.c: 9:  CCP1M3 = 1;
   284   007FD4  86BD               	bsf	4029,3,c	;volatile
   285                           
   286                           ;init_CCP_config.c: 10:  CCP1M2 = 1;
   287   007FD6  84BD               	bsf	4029,2,c	;volatile
   288                           
   289                           ;init_CCP_config.c: 11:  CCP1M1 = 0;
   290   007FD8  92BD               	bcf	4029,1,c	;volatile
   291                           
   292                           ;init_CCP_config.c: 12:  CCP1M0 = 0;
   293   007FDA  90BD               	bcf	4029,0,c	;volatile
   294                           
   295                           ;init_CCP_config.c: 15:  DC1B1 = 0;
   296   007FDC  9ABD               	bcf	4029,5,c	;volatile
   297                           
   298                           ;init_CCP_config.c: 16:  DC1B0 = 0;
   299   007FDE  98BD               	bcf	4029,4,c	;volatile
   300   007FE0                     
   301                           ;init_CCP_config.c: 19:  CCPR1L = 62;
   302   007FE0  0E3E               	movlw	62
   303   007FE2  6EBE               	movwf	190,c	;volatile
   304   007FE4                     
   305                           ;init_CCP_config.c: 24:  TRISCbits.TRISC2 = 0;
   306   007FE4  9494               	bcf	148,2,c	;volatile
   307   007FE6  0012               	return		;funcret
   308   007FE8                     __end_of_init_CCP_config:
   309                           	callstack 0
   310   000000                     
   311                           	psect	rparam
   312   000000                     
   313                           	psect	idloc
   314                           
   315                           ;Config register IDLOC0 @ 0x200000
   316                           ;	unspecified, using default values
   317   200000                     	org	2097152
   318   200000  FF                 	db	255
   319                           
   320                           ;Config register IDLOC1 @ 0x200001
   321                           ;	unspecified, using default values
   322   200001                     	org	2097153
   323   200001  FF                 	db	255
   324                           
   325                           ;Config register IDLOC2 @ 0x200002
   326                           ;	unspecified, using default values
   327   200002                     	org	2097154
   328   200002  FF                 	db	255
   329                           
   330                           ;Config register IDLOC3 @ 0x200003
   331                           ;	unspecified, using default values
   332   200003                     	org	2097155
   333   200003  FF                 	db	255
   334                           
   335                           ;Config register IDLOC4 @ 0x200004
   336                           ;	unspecified, using default values
   337   200004                     	org	2097156
   338   200004  FF                 	db	255
   339                           
   340                           ;Config register IDLOC5 @ 0x200005
   341                           ;	unspecified, using default values
   342   200005                     	org	2097157
   343   200005  FF                 	db	255
   344                           
   345                           ;Config register IDLOC6 @ 0x200006
   346                           ;	unspecified, using default values
   347   200006                     	org	2097158
   348   200006  FF                 	db	255
   349                           
   350                           ;Config register IDLOC7 @ 0x200007
   351                           ;	unspecified, using default values
   352   200007                     	org	2097159
   353   200007  FF                 	db	255
   354                           
   355                           	psect	config
   356                           
   357                           ; Padding undefined space
   358   300000                     	org	3145728
   359   300000  FF                 	db	255
   360                           
   361                           ;Config register CONFIG1H @ 0x300001
   362                           ;	unspecified, using default values
   363                           ;	Oscillator Selection bits
   364                           ;	OSC = 0x7, unprogrammed default
   365                           ;	Fail-Safe Clock Monitor Enable bit
   366                           ;	FCMEN = 0x0, unprogrammed default
   367                           ;	Internal/External Oscillator Switchover bit
   368                           ;	IESO = 0x0, unprogrammed default
   369   300001                     	org	3145729
   370   300001  07                 	db	7
   371                           
   372                           ;Config register CONFIG2L @ 0x300002
   373                           ;	unspecified, using default values
   374                           ;	Power-up Timer Enable bit
   375                           ;	PWRT = 0x1, unprogrammed default
   376                           ;	Brown-out Reset Enable bits
   377                           ;	BOREN = 0x3, unprogrammed default
   378                           ;	Brown-out Reset Voltage bits
   379                           ;	BORV = 0x3, unprogrammed default
   380   300002                     	org	3145730
   381   300002  1F                 	db	31
   382                           
   383                           ;Config register CONFIG2H @ 0x300003
   384                           ;	unspecified, using default values
   385                           ;	Watchdog Timer Enable bit
   386                           ;	WDT = 0x1, unprogrammed default
   387                           ;	Watchdog Timer Postscale Select bits
   388                           ;	WDTPS = 0xF, unprogrammed default
   389   300003                     	org	3145731
   390   300003  1F                 	db	31
   391                           
   392                           ; Padding undefined space
   393   300004                     	org	3145732
   394   300004  FF                 	db	255
   395                           
   396                           ;Config register CONFIG3H @ 0x300005
   397                           ;	unspecified, using default values
   398                           ;	PORTB A/D Enable bit
   399                           ;	PBADEN = 0x1, unprogrammed default
   400                           ;	Low-Power Timer 1 Oscillator Enable bit
   401                           ;	LPT1OSC = 0x0, unprogrammed default
   402                           ;	MCLR Pin Enable bit
   403                           ;	MCLRE = 0x1, unprogrammed default
   404   300005                     	org	3145733
   405   300005  82                 	db	130
   406                           
   407                           ;Config register CONFIG4L @ 0x300006
   408                           ;	unspecified, using default values
   409                           ;	Stack Full/Underflow Reset Enable bit
   410                           ;	STVREN = 0x1, unprogrammed default
   411                           ;	Single-Supply ICSP Enable bit
   412                           ;	LVP = 0x1, unprogrammed default
   413                           ;	Boot Block Size Select bit
   414                           ;	BBSIZ = 0x0, unprogrammed default
   415                           ;	Extended Instruction Set Enable bit
   416                           ;	XINST = 0x0, unprogrammed default
   417                           ;	Background Debugger Enable bit
   418                           ;	DEBUG = 0x1, unprogrammed default
   419   300006                     	org	3145734
   420   300006  85                 	db	133
   421                           
   422                           ; Padding undefined space
   423   300007                     	org	3145735
   424   300007  FF                 	db	255
   425                           
   426                           ;Config register CONFIG5L @ 0x300008
   427                           ;	unspecified, using default values
   428                           ;	Code Protection bit
   429                           ;	CP0 = 0x1, unprogrammed default
   430                           ;	Code Protection bit
   431                           ;	CP1 = 0x1, unprogrammed default
   432                           ;	Code Protection bit
   433                           ;	CP2 = 0x1, unprogrammed default
   434                           ;	Code Protection bit
   435                           ;	CP3 = 0x1, unprogrammed default
   436   300008                     	org	3145736
   437   300008  0F                 	db	15
   438                           
   439                           ;Config register CONFIG5H @ 0x300009
   440                           ;	unspecified, using default values
   441                           ;	Boot Block Code Protection bit
   442                           ;	CPB = 0x1, unprogrammed default
   443                           ;	Data EEPROM Code Protection bit
   444                           ;	CPD = 0x1, unprogrammed default
   445   300009                     	org	3145737
   446   300009  C0                 	db	192
   447                           
   448                           ;Config register CONFIG6L @ 0x30000A
   449                           ;	unspecified, using default values
   450                           ;	Write Protection bit
   451                           ;	WRT0 = 0x1, unprogrammed default
   452                           ;	Write Protection bit
   453                           ;	WRT1 = 0x1, unprogrammed default
   454                           ;	Write Protection bit
   455                           ;	WRT2 = 0x1, unprogrammed default
   456                           ;	Write Protection bit
   457                           ;	WRT3 = 0x1, unprogrammed default
   458   30000A                     	org	3145738
   459   30000A  0F                 	db	15
   460                           
   461                           ;Config register CONFIG6H @ 0x30000B
   462                           ;	unspecified, using default values
   463                           ;	Configuration Register Write Protection bit
   464                           ;	WRTC = 0x1, unprogrammed default
   465                           ;	Boot Block Write Protection bit
   466                           ;	WRTB = 0x1, unprogrammed default
   467                           ;	Data EEPROM Write Protection bit
   468                           ;	WRTD = 0x1, unprogrammed default
   469   30000B                     	org	3145739
   470   30000B  E0                 	db	224
   471                           
   472                           ;Config register CONFIG7L @ 0x30000C
   473                           ;	unspecified, using default values
   474                           ;	Table Read Protection bit
   475                           ;	EBTR0 = 0x1, unprogrammed default
   476                           ;	Table Read Protection bit
   477                           ;	EBTR1 = 0x1, unprogrammed default
   478                           ;	Table Read Protection bit
   479                           ;	EBTR2 = 0x1, unprogrammed default
   480                           ;	Table Read Protection bit
   481                           ;	EBTR3 = 0x1, unprogrammed default
   482   30000C                     	org	3145740
   483   30000C  0F                 	db	15
   484                           
   485                           ;Config register CONFIG7H @ 0x30000D
   486                           ;	unspecified, using default values
   487                           ;	Boot Block Table Read Protection bit
   488                           ;	EBTRB = 0x1, unprogrammed default
   489   30000D                     	org	3145741
   490   30000D  40                 	db	64
   491                           tosu	equ	0xFFF
   492                           tosh	equ	0xFFE
   493                           tosl	equ	0xFFD
   494                           stkptr	equ	0xFFC
   495                           pclatu	equ	0xFFB
   496                           pclath	equ	0xFFA
   497                           pcl	equ	0xFF9
   498                           tblptru	equ	0xFF8
   499                           tblptrh	equ	0xFF7
   500                           tblptrl	equ	0xFF6
   501                           tablat	equ	0xFF5
   502                           prodh	equ	0xFF4
   503                           prodl	equ	0xFF3
   504                           indf0	equ	0xFEF
   505                           postinc0	equ	0xFEE
   506                           postdec0	equ	0xFED
   507                           preinc0	equ	0xFEC
   508                           plusw0	equ	0xFEB
   509                           fsr0h	equ	0xFEA
   510                           fsr0l	equ	0xFE9
   511                           wreg	equ	0xFE8
   512                           indf1	equ	0xFE7
   513                           postinc1	equ	0xFE6
   514                           postdec1	equ	0xFE5
   515                           preinc1	equ	0xFE4
   516                           plusw1	equ	0xFE3
   517                           fsr1h	equ	0xFE2
   518                           fsr1l	equ	0xFE1
   519                           bsr	equ	0xFE0
   520                           indf2	equ	0xFDF
   521                           postinc2	equ	0xFDE
   522                           postdec2	equ	0xFDD
   523                           preinc2	equ	0xFDC
   524                           plusw2	equ	0xFDB
   525                           fsr2h	equ	0xFDA
   526                           fsr2l	equ	0xFD9
   527                           status	equ	0xFD8

Data Sizes:
    Strings     0
    Constant    0
    Data        0
    BSS         0
    Persistent  0
    Stack       0

Auto Spaces:
    Space          Size  Autos    Used
    COMRAM           95      0       0
    BANK0           160      0       0
    BANK1           256      0       0
    BANK2           256      0       0
    BANK3           256      0       0
    BANK4           256      0       0
    BANK5           256      0       0

Pointer List with Targets:

    None.

Critical Paths under _main in COMRAM

    None.

Critical Paths under _main in BANK0

    None.

Critical Paths under _main in BANK1

    None.

Critical Paths under _main in BANK2

    None.

Critical Paths under _main in BANK3

    None.

Critical Paths under _main in BANK4

    None.

Critical Paths under _main in BANK5

    None.

Call Graph Tables:

 ---------------------------------------------------------------------------------
 (Depth) Function   	        Calls       Base Space   Used Autos Params    Refs
 ---------------------------------------------------------------------------------
 (0) _main                                                 0     0      0       0
                        _init_config
 ---------------------------------------------------------------------------------
 (1) _init_config                                          0     0      0       0
                    _init_CCP_config
                 _init_timer2_config
 ---------------------------------------------------------------------------------
 (2) _init_timer2_config                                   0     0      0       0
 ---------------------------------------------------------------------------------
 (2) _init_CCP_config                                      0     0      0       0
 ---------------------------------------------------------------------------------
 Estimated maximum stack depth 2
 ---------------------------------------------------------------------------------

 Call Graph Graphs:

 _main (ROOT)
   _init_config
     _init_CCP_config
     _init_timer2_config

 Address spaces:
Name               Size   Autos  Total    Cost      Usage
BITCOMRAM           5F      0       0       0        0.0%
EEDATA             100      0       0       0        0.0%
NULL                 0      0       0       0        0.0%
CODE                 0      0       0       0        0.0%
COMRAM              5F      0       0       1        0.0%
STACK                0      0       0       2        0.0%
DATA                 0      0       0       3        0.0%
BITBANK0            A0      0       0       4        0.0%
BANK0               A0      0       0       5        0.0%
BITBANK1           100      0       0       6        0.0%
BANK1              100      0       0       7        0.0%
BITBANK2           100      0       0       8        0.0%
BANK2              100      0       0       9        0.0%
BITBANK3           100      0       0      10        0.0%
BANK3              100      0       0      11        0.0%
BITBANK4           100      0       0      12        0.0%
BANK4              100      0       0      13        0.0%
BITBANK5           100      0       0      14        0.0%
BANK5              100      0       0      15        0.0%
BITBIGSFRhh         33      0       0      16        0.0%
BITBIGSFRhl          B      0       0      17        0.0%
BITBIGSFRlh         28      0       0      18        0.0%
BITBIGSFRll        294      0       0      19        0.0%
ABS                  0      0       0      20        0.0%
BIGRAM             5FF      0       0      21        0.0%
BIGSFR               0      0       0     200        0.0%
BITSFR_3             0      0       0     200        0.0%
SFR_3                0      0       0     200        0.0%
BITSFR_2             0      0       0     200        0.0%
SFR_2                0      0       0     200        0.0%
BITSFR_1             0      0       0     200        0.0%
SFR_1                0      0       0     200        0.0%
BITSFR               0      0       0     200        0.0%
SFR                  0      0       0     200        0.0%


Microchip Technology PIC18 Macro Assembler V2.41 build 20230208172133 
Symbol Table                                                                                   Mon Jun 12 12:10:47 2023

                        l40 7FFE                          l19 7FE6                          l52 7FCC  
                        l53 7FCC                          l47 7FC6                         l731 7FD4  
                       l733 7FE0                         l741 7FBE                         l735 7FE4  
                       l743 7FC8                         l737 7FE8                         l739 7FF6  
                       _PR2 0FCB                        _TMR2 0FCC                        _main 7FC8  
                      start 0000                ___param_bank 0000                       _DC1B0 7DEC  
                     _DC1B1 7DED                       ?_main 0000                ?_init_config 0000  
__end_of_init_timer2_config 8000             __initialization 7FB8                __end_of_main 7FD4  
                    ??_main 0000               __activetblptr 0000                      _CCP1M0 7DE8  
                    _CCP1M1 7DE9                      _CCP1M2 7DEA                      _CCP1M3 7DEB  
                    _CCPR1L 0FBE                      _TMR2ON 7E52                      isa$std 0001  
                __accesstop 0060     __end_of__initialization 7FB8               ___rparam_used 0001  
            __pcstackCOMRAM 0000                     _T2CKPS0 7E50                     _T2CKPS1 7E51  
                   __Hparam 0000                     __Lparam 0000                     __pcinit 7FB8  
                   __ramtop 0600                     __ptext0 7FC8                     __ptext1 7FBE  
                   __ptext2 7FE8                     __ptext3 7FD4          _init_timer2_config 7FE8  
         ??_init_CCP_config 0000         ?_init_timer2_config 0000        end_of_initialization 7FB8  
      ??_init_timer2_config 0000                   _TRISCbits 0F94         start_initialization 7FB8  
             ??_init_config 0000             _init_CCP_config 7FD4         __end_of_init_config 7FC8  
                  _T2OUTPS0 7E53                    _T2OUTPS1 7E54                    _T2OUTPS2 7E55  
                  _T2OUTPS3 7E56     __end_of_init_CCP_config 7FE8                    __Hrparam 0000  
                  __Lrparam 0000                 _init_config 7FBE                    isa$xinst 0000  
          ?_init_CCP_config 0000  
