

Microchip MPLAB XC8 Assembler V2.40 build 20220703182018 
                                                                                               Wed Jul 19 12:04:21 2023

Microchip MPLAB XC8 C Compiler v2.40 (Free license) build 20220703182018 Og1 
     1                           	processor	18F4580
     2                           	fnconf	rparam,??,?,0
     3                           	pagewidth 120
     4                           	opt	flic
     5                           	psect	cinit,global,reloc=2,class=CODE,delta=1
     6                           	psect	bssCOMRAM,global,class=COMRAM,space=1,delta=1,lowdata,noexec
     7                           	psect	cstackCOMRAM,global,class=COMRAM,space=1,delta=1,lowdata,noexec
     8                           	psect	text0,global,reloc=2,class=CODE,delta=1
     9                           	psect	text1,global,reloc=2,class=CODE,delta=1
    10                           	psect	text2,global,reloc=2,class=CODE,delta=1
    11                           	psect	intcode,global,reloc=2,class=CODE,delta=1
    12                           	psect	intcode_body,global,reloc=2,class=CODE,delta=1
    13                           	psect	intsave_regs,global,class=BIGRAM,space=1,delta=1,noexec
    14                           	psect	rparam,global,class=COMRAM,space=1,delta=1,noexec
    15                           	psect	temp,global,ovrld,common,class=COMRAM,space=1,delta=1
    16                           	psect	idloc,global,abs,ovrld,class=IDLOC,space=5,delta=1,noexec
    17                           	psect	config,global,abs,ovrld,class=CONFIG,space=4,delta=1,noexec
    18   000000                     
    19                           ; Version 2.20
    20                           ; Generated 12/02/2020 GMT
    21                           ; 
    22                           ; Copyright © 2020, Microchip Technology Inc. and its subsidiaries ("Microchip")
    23                           ; All rights reserved.
    24                           ; 
    25                           ; This software is developed by Microchip Technology Inc. and its subsidiaries ("Microch
      +                          ip").
    26                           ; 
    27                           ; Redistribution and use in source and binary forms, with or without modification, are
    28                           ; permitted provided that the following conditions are met:
    29                           ; 
    30                           ;     1. Redistributions of source code must retain the above copyright notice, this lis
      +                          t of
    31                           ;        conditions and the following disclaimer.
    32                           ; 
    33                           ;     2. Redistributions in binary form must reproduce the above copyright notice, this 
      +                          list
    34                           ;        of conditions and the following disclaimer in the documentation and/or other
    35                           ;        materials provided with the distribution.
    36                           ; 
    37                           ;     3. Microchip's name may not be used to endorse or promote products derived from th
      +                          is
    38                           ;        software without specific prior written permission.
    39                           ; 
    40                           ; THIS SOFTWARE IS PROVIDED BY MICROCHIP "AS IS" AND ANY EXPRESS OR IMPLIED WARRANTIES,
    41                           ; INCLUDING, BUT NOT LIMITED TO, THE IMPLIED WARRANTIES OF MERCHANTABILITY AND FITNESS F
      +                          OR
    42                           ; PURPOSE ARE DISCLAIMED.  IN NO EVENT SHALL MICROCHIP BE LIABLE FOR ANY DIRECT, INDIREC
      +                          T,
    43                           ; INCIDENTAL, SPECIAL, EXEMPLARY, OR CONSEQUENTIAL DAMAGES (INCLUDING BUT NOT LIMITED TO
    44                           ; PROCUREMENT OF SUBSTITUTE GOODS OR SERVICES; LOSS OF USE, DATA OR PROFITS; OR BUSINESS
    45                           ; INTERRUPTION) HOWSOEVER CAUSED AND ON ANY THEORY OF LIABILITY, WHETHER IN CONTRACT, ST
      +                          RICT
    46                           ; LIABILITY, OR TORT (INCLUDING NEGLIGENCE OR OTHERWISE) ARISING IN ANY WAY OUT OF THE U
      +                          SE OF
    47                           ; THIS SOFTWARE, EVEN IF ADVISED OF THE POSSIBILITY OF SUCH DAMAGE.
    48                           ; 
    49                           ; 
    50                           ; Code-generator required, PIC18F4580 Definitions
    51                           ; 
    52                           ; SFR Addresses
    53   000000                     _INT0E	set	32660
    54   000000                     _INT0F	set	32657
    55   000000                     _GIE	set	32663
    56   000000                     _TRISB0	set	31896
    57   000000                     _ADCON1	set	4033
    58   000000                     _RB6	set	31758
    59   000000                     _TRISB6	set	31902
    60   000000                     _PEIE	set	32662
    61   000000                     _INTEDG0	set	32654
    62                           
    63                           ; #config settings
    64                           
    65                           	psect	cinit
    66   00007A                     __pcinit:
    67                           	callstack 0
    68   00007A                     start_initialization:
    69                           	callstack 0
    70   00007A                     __initialization:
    71                           	callstack 0
    72                           
    73                           ; Clear objects allocated to COMRAM (2 bytes)
    74   00007A  6A02               	clrf	(__pbssCOMRAM+1)& (0+255),c
    75   00007C  6A01               	clrf	__pbssCOMRAM& (0+255),c
    76   00007E                     end_of_initialization:
    77                           	callstack 0
    78   00007E                     __end_of__initialization:
    79                           	callstack 0
    80   00007E  9003               	bcf	int$flags,0,c	;clear compiler interrupt flag (level 1)
    81   000080  9203               	bcf	int$flags,1,c	;clear compiler interrupt flag (level 2)
    82   000082  0100               	movlb	0
    83   000084  EF09  F000         	goto	_main	;jump to C main() function
    84                           
    85                           	psect	bssCOMRAM
    86   000001                     __pbssCOMRAM:
    87                           	callstack 0
    88   000001                     _key_detected:
    89                           	callstack 0
    90   000001                     	ds	2
    91                           
    92                           	psect	cstackCOMRAM
    93   000000                     __pcstackCOMRAM:
    94                           	callstack 0
    95   000000                     
    96                           ; 1 bytes @ 0x0
    97 ;;
    98 ;;Main: autosize = 0, tempsize = 0, incstack = 0, save=0
    99 ;;
   100 ;; *************** function _main *****************
   101 ;; Defined at:
   102 ;;		line 25 in file "main.c"
   103 ;; Parameters:    Size  Location     Type
   104 ;;		None
   105 ;; Auto vars:     Size  Location     Type
   106 ;;  wait2           4    0        unsigned long 
   107 ;;  once            2    0        unsigned short 
   108 ;;  wait1           2    0        unsigned short 
   109 ;; Return value:  Size  Location     Type
   110 ;;                  1    wreg      void 
   111 ;; Registers used:
   112 ;;		wreg, status,2, status,0, cstack
   113 ;; Tracked objects:
   114 ;;		On entry : 0/0
   115 ;;		On exit  : 0/0
   116 ;;		Unchanged: 0/0
   117 ;; Data sizes:     COMRAM   BANK0   BANK1   BANK2   BANK3   BANK4   BANK5
   118 ;;      Params:         0       0       0       0       0       0       0
   119 ;;      Locals:         0       0       0       0       0       0       0
   120 ;;      Temps:          0       0       0       0       0       0       0
   121 ;;      Totals:         0       0       0       0       0       0       0
   122 ;;Total ram usage:        0 bytes
   123 ;; Hardware stack levels required when called: 3
   124 ;; This function calls:
   125 ;;		_init_config
   126 ;; This function is called by:
   127 ;;		Startup code after reset
   128 ;; This function uses a non-reentrant model
   129 ;;
   130                           
   131                           	psect	text0
   132   000012                     __ptext0:
   133                           	callstack 0
   134   000012                     _main:
   135                           	callstack 28
   136   000012                     
   137                           ;main.c: 31:  init_config();
   138   000012  EC34  F000         	call	_init_config	;wreg free
   139   000016                     l741:
   140                           
   141                           ;main.c: 34:  {;main.c: 36:   if (key_detected)
   142   000016  5001               	movf	_key_detected^0,w,c
   143   000018  1002               	iorwf	(_key_detected+1)^0,w,c
   144   00001A  B4D8               	btfsc	status,2,c
   145   00001C  EF12  F000         	goto	u11
   146   000020  EF14  F000         	goto	u10
   147   000024                     u11:
   148   000024  EF0B  F000         	goto	l741
   149   000028                     u10:
   150   000028                     
   151                           ;main.c: 37:   {;main.c: 38:    key_detected = 0;
   152   000028  0E00               	movlw	0
   153   00002A  6E02               	movwf	(_key_detected+1)^0,c
   154   00002C  0E00               	movlw	0
   155   00002E  6E01               	movwf	_key_detected^0,c
   156   000030                     
   157                           ;main.c: 39:    RB6 = !RB6 ;
   158   000030  AC81               	btfss	3969,6,c	;volatile
   159   000032  EF1D  F000         	goto	u21
   160   000036  EF20  F000         	goto	u20
   161   00003A                     u21:
   162   00003A  8C81               	bsf	3969,6,c	;volatile
   163   00003C  EF21  F000         	goto	u35
   164   000040                     u20:
   165   000040  9C81               	bcf	3969,6,c	;volatile
   166   000042                     u35:
   167   000042  EF0B  F000         	goto	l741
   168   000046  EF07  F000         	goto	start
   169   00004A                     __end_of_main:
   170                           	callstack 0
   171                           
   172 ;; *************** function _init_config *****************
   173 ;; Defined at:
   174 ;;		line 10 in file "main.c"
   175 ;; Parameters:    Size  Location     Type
   176 ;;		None
   177 ;; Auto vars:     Size  Location     Type
   178 ;;		None
   179 ;; Return value:  Size  Location     Type
   180 ;;                  1    wreg      void 
   181 ;; Registers used:
   182 ;;		wreg, status,2, cstack
   183 ;; Tracked objects:
   184 ;;		On entry : 0/0
   185 ;;		On exit  : 0/0
   186 ;;		Unchanged: 0/0
   187 ;; Data sizes:     COMRAM   BANK0   BANK1   BANK2   BANK3   BANK4   BANK5
   188 ;;      Params:         0       0       0       0       0       0       0
   189 ;;      Locals:         0       0       0       0       0       0       0
   190 ;;      Temps:          0       0       0       0       0       0       0
   191 ;;      Totals:         0       0       0       0       0       0       0
   192 ;;Total ram usage:        0 bytes
   193 ;; Hardware stack levels used: 1
   194 ;; Hardware stack levels required when called: 2
   195 ;; This function calls:
   196 ;;		_init_external_interrupt
   197 ;; This function is called by:
   198 ;;		_main
   199 ;; This function uses a non-reentrant model
   200 ;;
   201                           
   202                           	psect	text1
   203   000068                     __ptext1:
   204                           	callstack 0
   205   000068                     _init_config:
   206                           	callstack 28
   207   000068                     
   208                           ;main.c: 12:         PEIE= 1;
   209   000068  8CF2               	bsf	4082,6,c	;volatile
   210   00006A                     
   211                           ;main.c: 13:  ADCON1 = 0x0F;
   212   00006A  0E0F               	movlw	15
   213   00006C  6EC1               	movwf	193,c	;volatile
   214   00006E                     
   215                           ;main.c: 15:  TRISB6 = 0;
   216   00006E  9C93               	bcf	3987,6,c	;volatile
   217   000070                     
   218                           ;main.c: 16:  TRISB0 = 1;
   219   000070  8093               	bsf	3987,0,c	;volatile
   220   000072                     
   221                           ;main.c: 18:  init_external_interrupt();
   222   000072  EC44  F000         	call	_init_external_interrupt	;wreg free
   223   000076                     
   224                           ;main.c: 20:  GIE = 1;
   225   000076  8EF2               	bsf	4082,7,c	;volatile
   226   000078  0012               	return		;funcret
   227   00007A                     __end_of_init_config:
   228                           	callstack 0
   229                           
   230 ;; *************** function _init_external_interrupt *****************
   231 ;; Defined at:
   232 ;;		line 4 in file "interupt.c"
   233 ;; Parameters:    Size  Location     Type
   234 ;;		None
   235 ;; Auto vars:     Size  Location     Type
   236 ;;		None
   237 ;; Return value:  Size  Location     Type
   238 ;;                  1    wreg      void 
   239 ;; Registers used:
   240 ;;		None
   241 ;; Tracked objects:
   242 ;;		On entry : 0/0
   243 ;;		On exit  : 0/0
   244 ;;		Unchanged: 0/0
   245 ;; Data sizes:     COMRAM   BANK0   BANK1   BANK2   BANK3   BANK4   BANK5
   246 ;;      Params:         0       0       0       0       0       0       0
   247 ;;      Locals:         0       0       0       0       0       0       0
   248 ;;      Temps:          0       0       0       0       0       0       0
   249 ;;      Totals:         0       0       0       0       0       0       0
   250 ;;Total ram usage:        0 bytes
   251 ;; Hardware stack levels used: 1
   252 ;; Hardware stack levels required when called: 1
   253 ;; This function calls:
   254 ;;		Nothing
   255 ;; This function is called by:
   256 ;;		_init_config
   257 ;; This function uses a non-reentrant model
   258 ;;
   259                           
   260                           	psect	text2
   261   000088                     __ptext2:
   262                           	callstack 0
   263   000088                     _init_external_interrupt:
   264                           	callstack 28
   265   000088                     
   266                           ;interupt.c: 6:  INTEDG0 = 1;
   267   000088  8CF1               	bsf	4081,6,c	;volatile
   268                           
   269                           ;interupt.c: 8:  INT0F = 0;
   270   00008A  92F2               	bcf	4082,1,c	;volatile
   271                           
   272                           ;interupt.c: 10:  INT0E = 1;
   273   00008C  88F2               	bsf	4082,4,c	;volatile
   274   00008E  0012               	return		;funcret
   275   000090                     __end_of_init_external_interrupt:
   276                           	callstack 0
   277                           
   278 ;; *************** function _isr *****************
   279 ;; Defined at:
   280 ;;		line 6 in file "isr.c"
   281 ;; Parameters:    Size  Location     Type
   282 ;;		None
   283 ;; Auto vars:     Size  Location     Type
   284 ;;		None
   285 ;; Return value:  Size  Location     Type
   286 ;;                  1    wreg      void 
   287 ;; Registers used:
   288 ;;		wreg, status,2
   289 ;; Tracked objects:
   290 ;;		On entry : 0/0
   291 ;;		On exit  : 0/0
   292 ;;		Unchanged: 0/0
   293 ;; Data sizes:     COMRAM   BANK0   BANK1   BANK2   BANK3   BANK4   BANK5
   294 ;;      Params:         0       0       0       0       0       0       0
   295 ;;      Locals:         0       0       0       0       0       0       0
   296 ;;      Temps:          0       0       0       0       0       0       0
   297 ;;      Totals:         0       0       0       0       0       0       0
   298 ;;Total ram usage:        0 bytes
   299 ;; Hardware stack levels used: 1
   300 ;; This function calls:
   301 ;;		Nothing
   302 ;; This function is called by:
   303 ;;		Interrupt level 2
   304 ;; This function uses a non-reentrant model
   305 ;;
   306                           
   307                           	psect	intcode
   308   000008                     __pintcode:
   309                           	callstack 0
   310   000008                     _isr:
   311                           	callstack 28
   312                           
   313                           ;incstack = 0
   314   000008  8203               	bsf	int$flags,1,c	;set compiler interrupt flag (level 2)
   315   00000A  ED25  F000         	call	int_func,f	;refresh shadow registers
   316                           
   317                           	psect	intcode_body
   318   00004A                     __pintcode_body:
   319                           	callstack 28
   320   00004A                     int_func:
   321                           	callstack 28
   322   00004A  0006               	pop		; remove dummy address from shadow register refresh
   323   00004C                     
   324                           ;isr.c: 8:  if (INT0F == 1)
   325   00004C  A2F2               	btfss	4082,1,c	;volatile
   326   00004E  EF2B  F000         	goto	i2u4_41
   327   000052  EF2D  F000         	goto	i2u4_40
   328   000056                     i2u4_41:
   329   000056  EF32  F000         	goto	i2l38
   330   00005A                     i2u4_40:
   331   00005A                     
   332                           ;isr.c: 9:  {;isr.c: 10:   key_detected = 1;
   333   00005A  0E00               	movlw	0
   334   00005C  6E02               	movwf	(_key_detected+1)^0,c
   335   00005E  0E01               	movlw	1
   336   000060  6E01               	movwf	_key_detected^0,c
   337   000062                     
   338                           ;isr.c: 12:   INT0F = 0;
   339   000062  92F2               	bcf	4082,1,c	;volatile
   340   000064                     i2l38:
   341   000064  9203               	bcf	int$flags,1,c	;clear compiler interrupt flag (level 2)
   342   000066  0011               	retfie		f
   343   000068                     __end_of_isr:
   344                           	callstack 0
   345   000000                     
   346                           	psect	rparam
   347   000000                     
   348                           	psect	temp
   349   000003                     btemp:
   350                           	callstack 0
   351   000003                     	ds	1
   352   000000                     int$flags	set	btemp
   353   000000                     wtemp8	set	btemp+1
   354   000000                     ttemp5	set	btemp+1
   355   000000                     ttemp6	set	btemp+4
   356   000000                     ttemp7	set	btemp+8
   357                           
   358                           	psect	idloc
   359                           
   360                           ;Config register IDLOC0 @ 0x200000
   361                           ;	unspecified, using default values
   362   200000                     	org	2097152
   363   200000  FF                 	db	255
   364                           
   365                           ;Config register IDLOC1 @ 0x200001
   366                           ;	unspecified, using default values
   367   200001                     	org	2097153
   368   200001  FF                 	db	255
   369                           
   370                           ;Config register IDLOC2 @ 0x200002
   371                           ;	unspecified, using default values
   372   200002                     	org	2097154
   373   200002  FF                 	db	255
   374                           
   375                           ;Config register IDLOC3 @ 0x200003
   376                           ;	unspecified, using default values
   377   200003                     	org	2097155
   378   200003  FF                 	db	255
   379                           
   380                           ;Config register IDLOC4 @ 0x200004
   381                           ;	unspecified, using default values
   382   200004                     	org	2097156
   383   200004  FF                 	db	255
   384                           
   385                           ;Config register IDLOC5 @ 0x200005
   386                           ;	unspecified, using default values
   387   200005                     	org	2097157
   388   200005  FF                 	db	255
   389                           
   390                           ;Config register IDLOC6 @ 0x200006
   391                           ;	unspecified, using default values
   392   200006                     	org	2097158
   393   200006  FF                 	db	255
   394                           
   395                           ;Config register IDLOC7 @ 0x200007
   396                           ;	unspecified, using default values
   397   200007                     	org	2097159
   398   200007  FF                 	db	255
   399                           
   400                           	psect	config
   401                           
   402                           ; Padding undefined space
   403   300000                     	org	3145728
   404   300000  FF                 	db	255
   405                           
   406                           ;Config register CONFIG1H @ 0x300001
   407                           ;	unspecified, using default values
   408                           ;	Oscillator Selection bits
   409                           ;	OSC = 0x7, unprogrammed default
   410                           ;	Fail-Safe Clock Monitor Enable bit
   411                           ;	FCMEN = 0x0, unprogrammed default
   412                           ;	Internal/External Oscillator Switchover bit
   413                           ;	IESO = 0x0, unprogrammed default
   414   300001                     	org	3145729
   415   300001  07                 	db	7
   416                           
   417                           ;Config register CONFIG2L @ 0x300002
   418                           ;	unspecified, using default values
   419                           ;	Power-up Timer Enable bit
   420                           ;	PWRT = 0x1, unprogrammed default
   421                           ;	Brown-out Reset Enable bits
   422                           ;	BOREN = 0x3, unprogrammed default
   423                           ;	Brown-out Reset Voltage bits
   424                           ;	BORV = 0x3, unprogrammed default
   425   300002                     	org	3145730
   426   300002  1F                 	db	31
   427                           
   428                           ;Config register CONFIG2H @ 0x300003
   429                           ;	unspecified, using default values
   430                           ;	Watchdog Timer Enable bit
   431                           ;	WDT = 0x1, unprogrammed default
   432                           ;	Watchdog Timer Postscale Select bits
   433                           ;	WDTPS = 0xF, unprogrammed default
   434   300003                     	org	3145731
   435   300003  1F                 	db	31
   436                           
   437                           ; Padding undefined space
   438   300004                     	org	3145732
   439   300004  FF                 	db	255
   440                           
   441                           ;Config register CONFIG3H @ 0x300005
   442                           ;	unspecified, using default values
   443                           ;	PORTB A/D Enable bit
   444                           ;	PBADEN = 0x1, unprogrammed default
   445                           ;	Low-Power Timer 1 Oscillator Enable bit
   446                           ;	LPT1OSC = 0x0, unprogrammed default
   447                           ;	MCLR Pin Enable bit
   448                           ;	MCLRE = 0x1, unprogrammed default
   449   300005                     	org	3145733
   450   300005  82                 	db	130
   451                           
   452                           ;Config register CONFIG4L @ 0x300006
   453                           ;	unspecified, using default values
   454                           ;	Stack Full/Underflow Reset Enable bit
   455                           ;	STVREN = 0x1, unprogrammed default
   456                           ;	Single-Supply ICSP Enable bit
   457                           ;	LVP = 0x1, unprogrammed default
   458                           ;	Boot Block Size Select bit
   459                           ;	BBSIZ = 0x0, unprogrammed default
   460                           ;	Extended Instruction Set Enable bit
   461                           ;	XINST = 0x0, unprogrammed default
   462                           ;	Background Debugger Enable bit
   463                           ;	DEBUG = 0x1, unprogrammed default
   464   300006                     	org	3145734
   465   300006  85                 	db	133
   466                           
   467                           ; Padding undefined space
   468   300007                     	org	3145735
   469   300007  FF                 	db	255
   470                           
   471                           ;Config register CONFIG5L @ 0x300008
   472                           ;	unspecified, using default values
   473                           ;	Code Protection bit
   474                           ;	CP0 = 0x1, unprogrammed default
   475                           ;	Code Protection bit
   476                           ;	CP1 = 0x1, unprogrammed default
   477                           ;	Code Protection bit
   478                           ;	CP2 = 0x1, unprogrammed default
   479                           ;	Code Protection bit
   480                           ;	CP3 = 0x1, unprogrammed default
   481   300008                     	org	3145736
   482   300008  0F                 	db	15
   483                           
   484                           ;Config register CONFIG5H @ 0x300009
   485                           ;	unspecified, using default values
   486                           ;	Boot Block Code Protection bit
   487                           ;	CPB = 0x1, unprogrammed default
   488                           ;	Data EEPROM Code Protection bit
   489                           ;	CPD = 0x1, unprogrammed default
   490   300009                     	org	3145737
   491   300009  C0                 	db	192
   492                           
   493                           ;Config register CONFIG6L @ 0x30000A
   494                           ;	unspecified, using default values
   495                           ;	Write Protection bit
   496                           ;	WRT0 = 0x1, unprogrammed default
   497                           ;	Write Protection bit
   498                           ;	WRT1 = 0x1, unprogrammed default
   499                           ;	Write Protection bit
   500                           ;	WRT2 = 0x1, unprogrammed default
   501                           ;	Write Protection bit
   502                           ;	WRT3 = 0x1, unprogrammed default
   503   30000A                     	org	3145738
   504   30000A  0F                 	db	15
   505                           
   506                           ;Config register CONFIG6H @ 0x30000B
   507                           ;	unspecified, using default values
   508                           ;	Configuration Register Write Protection bit
   509                           ;	WRTC = 0x1, unprogrammed default
   510                           ;	Boot Block Write Protection bit
   511                           ;	WRTB = 0x1, unprogrammed default
   512                           ;	Data EEPROM Write Protection bit
   513                           ;	WRTD = 0x1, unprogrammed default
   514   30000B                     	org	3145739
   515   30000B  E0                 	db	224
   516                           
   517                           ;Config register CONFIG7L @ 0x30000C
   518                           ;	unspecified, using default values
   519                           ;	Table Read Protection bit
   520                           ;	EBTR0 = 0x1, unprogrammed default
   521                           ;	Table Read Protection bit
   522                           ;	EBTR1 = 0x1, unprogrammed default
   523                           ;	Table Read Protection bit
   524                           ;	EBTR2 = 0x1, unprogrammed default
   525                           ;	Table Read Protection bit
   526                           ;	EBTR3 = 0x1, unprogrammed default
   527   30000C                     	org	3145740
   528   30000C  0F                 	db	15
   529                           
   530                           ;Config register CONFIG7H @ 0x30000D
   531                           ;	unspecified, using default values
   532                           ;	Boot Block Table Read Protection bit
   533                           ;	EBTRB = 0x1, unprogrammed default
   534   30000D                     	org	3145741
   535   30000D  40                 	db	64
   536                           tosu	equ	0xFFF
   537                           tosh	equ	0xFFE
   538                           tosl	equ	0xFFD
   539                           stkptr	equ	0xFFC
   540                           pclatu	equ	0xFFB
   541                           pclath	equ	0xFFA
   542                           pcl	equ	0xFF9
   543                           tblptru	equ	0xFF8
   544                           tblptrh	equ	0xFF7
   545                           tblptrl	equ	0xFF6
   546                           tablat	equ	0xFF5
   547                           prodh	equ	0xFF4
   548                           prodl	equ	0xFF3
   549                           indf0	equ	0xFEF
   550                           postinc0	equ	0xFEE
   551                           postdec0	equ	0xFED
   552                           preinc0	equ	0xFEC
   553                           plusw0	equ	0xFEB
   554                           fsr0h	equ	0xFEA
   555                           fsr0l	equ	0xFE9
   556                           wreg	equ	0xFE8
   557                           indf1	equ	0xFE7
   558                           postinc1	equ	0xFE6
   559                           postdec1	equ	0xFE5
   560                           preinc1	equ	0xFE4
   561                           plusw1	equ	0xFE3
   562                           fsr1h	equ	0xFE2
   563                           fsr1l	equ	0xFE1
   564                           bsr	equ	0xFE0
   565                           indf2	equ	0xFDF
   566                           postinc2	equ	0xFDE
   567                           postdec2	equ	0xFDD
   568                           preinc2	equ	0xFDC
   569                           plusw2	equ	0xFDB
   570                           fsr2h	equ	0xFDA
   571                           fsr2l	equ	0xFD9
   572                           status	equ	0xFD8

Data Sizes:
    Strings     0
    Constant    0
    Data        0
    BSS         2
    Persistent  0
    Stack       0

Auto Spaces:
    Space          Size  Autos    Used
    COMRAM           94      0       2
    BANK0           160      0       0
    BANK1           256      0       0
    BANK2           256      0       0
    BANK3           256      0       0
    BANK4           256      0       0
    BANK5           256      0       0

Pointer List with Targets:

    None.

Critical Paths under _main in COMRAM

    None.

Critical Paths under _isr in COMRAM

    None.

Critical Paths under _main in BANK0

    None.

Critical Paths under _isr in BANK0

    None.

Critical Paths under _main in BANK1

    None.

Critical Paths under _isr in BANK1

    None.

Critical Paths under _main in BANK2

    None.

Critical Paths under _isr in BANK2

    None.

Critical Paths under _main in BANK3

    None.

Critical Paths under _isr in BANK3

    None.

Critical Paths under _main in BANK4

    None.

Critical Paths under _isr in BANK4

    None.

Critical Paths under _main in BANK5

    None.

Critical Paths under _isr in BANK5

    None.

Call Graph Tables:

 ---------------------------------------------------------------------------------
 (Depth) Function   	        Calls       Base Space   Used Autos Params    Refs
 ---------------------------------------------------------------------------------
 (0) _main                                                 8     8      0       0
                        _init_config
 ---------------------------------------------------------------------------------
 (1) _init_config                                          0     0      0       0
            _init_external_interrupt
 ---------------------------------------------------------------------------------
 (2) _init_external_interrupt                              0     0      0       0
 ---------------------------------------------------------------------------------
 Estimated maximum stack depth 2
 ---------------------------------------------------------------------------------
 (Depth) Function   	        Calls       Base Space   Used Autos Params    Refs
 ---------------------------------------------------------------------------------
 (3) _isr                                                  0     0      0       0
 ---------------------------------------------------------------------------------
 Estimated maximum stack depth 3
 ---------------------------------------------------------------------------------

 Call Graph Graphs:

 _main (ROOT)
   _init_config
     _init_external_interrupt

 _isr (ROOT)

 Address spaces:
Name               Size   Autos  Total    Cost      Usage
BIGRAM             5FF      0       0      22        0.0%
BITBIGSFRllll      281      0       0      20        0.0%
EEDATA             100      0       0       0        0.0%
BITBANK5           100      0       0      14        0.0%
BANK5              100      0       0      15        0.0%
BITBANK4           100      0       0      12        0.0%
BANK4              100      0       0      13        0.0%
BITBANK3           100      0       0      10        0.0%
BANK3              100      0       0      11        0.0%
BITBANK2           100      0       0       8        0.0%
BANK2              100      0       0       9        0.0%
BITBANK1           100      0       0       6        0.0%
BANK1              100      0       0       7        0.0%
BITBANK0            A0      0       0       4        0.0%
BANK0               A0      0       0       5        0.0%
BITCOMRAM           5E      0       0       0        0.0%
COMRAM              5E      0       2       1        2.1%
BITBIGSFRlh         2F      0       0      17        0.0%
BITBIGSFRllh        2D      0       0      18        0.0%
BITBIGSFRlllh       11      0       0      19        0.0%
BITBIGSFRh           D      0       0      16        0.0%
BIGSFR               0      0       0     200        0.0%
BITSFR_3             0      0       0     200        0.0%
SFR_3                0      0       0     200        0.0%
BITSFR_2             0      0       0     200        0.0%
SFR_2                0      0       0     200        0.0%
BITSFR_1             0      0       0     200        0.0%
SFR_1                0      0       0     200        0.0%
BITSFR               0      0       0     200        0.0%
SFR                  0      0       0     200        0.0%
STACK                0      0       0       2        0.0%
NULL                 0      0       0       0        0.0%
ABS                  0      0       2      21        0.0%
DATA                 0      0       2       3        0.0%
CODE                 0      0       0       0        0.0%


Microchip Technology PIC18 Macro Assembler V2.40 build 20220703182018 
Symbol Table                                                                                   Wed Jul 19 12:04:21 2023

                             l19 0078                               l47 008E  
                             u10 0028                               u11 0024  
                             u20 0040                               u21 003A  
                             u35 0042                              l723 0088  
                            l731 0070                              l733 0072  
                            l725 0068                              l741 0016  
                            l735 0076                              l727 006A  
                            l743 0028                              l729 006E  
                            l745 0030                              l737 0012  
                            l739 0012                              _GIE 007F97  
                            _RB6 007C0E                              _isr 0008  
                           ?_isr 0000                             _PEIE 007F96  
                           i2l38 0064                             _main 0012  
                           btemp 0003                             start 000E  
                   ___param_bank 000000                            ??_isr 0000  
                          ?_main 0000                            _INT0E 007F94  
                          _INT0F 007F91                     ?_init_config 0000  
                          i2l751 0062                            i2l747 004C  
                          i2l749 005A                            ttemp5 0004  
                          ttemp6 0007                            ttemp7 000B  
                          status 000FD8                            wtemp8 0004  
                __initialization 007A                     __end_of_main 004A  
                         ??_main 0000                    __activetblptr 000000  
                         _ADCON1 000FC1                           i2u4_40 005A  
                         i2u4_41 0056                           _TRISB0 007C98  
                         _TRISB6 007C9E                           isa$std 000001  
        _init_external_interrupt 0088                       __accesstop 0060  
        __end_of__initialization 007E                    ___rparam_used 000001  
                 __pcstackCOMRAM 0000        ??_init_external_interrupt 0000  
                        _INTEDG0 007F8E                          __Hparam 0000  
                        __Lparam 0000                          __pcinit 007A  
                        __ramtop 0600                          __ptext0 0012  
                        __ptext1 0068                          __ptext2 0088  
__end_of_init_external_interrupt 0090                   __pintcode_body 004A  
           end_of_initialization 007E                          int_func 004A  
            start_initialization 007A                      __end_of_isr 0068  
                  ??_init_config 0000                     _key_detected 0001  
                    __pbssCOMRAM 0001                        __pintcode 0008  
            __end_of_init_config 007A         ?_init_external_interrupt 0000  
                       __Hrparam 0000                         __Lrparam 0000  
                    _init_config 0068                         isa$xinst 000000  
                       int$flags 0003                         intlevel2 0000  
