Microchip MPLAB XC8 Compiler V2.41

Linker command line:

-W-3 \
  --edf=C:\Program Files\Microchip\xc8\v2.41\pic\dat\20230208172133_en.msgs \
  -cn -h+dist/default/production\I2C.X.production.sym \
  --cmf=dist/default/production\I2C.X.production.cmf -z -Q18F4580 \
  -oC:\Users\emertxe\AppData\Local\Temp\xcAsa5o.\driver_tmp_3.o \
  --defsym=__MPLAB_BUILD=1 --fixupoverflow=error \
  -Mdist/default/production/I2C.X.production.map \
  --md=C:\Users\emertxe\AppData\Local\Temp\xcAsa5o.\driver_tmp_0.dat -E1 \
  -ver=XC8 Compiler --acfsm=1493 -ACODE=00h-07FFFh -ACONST=00h-07FFFh \
  -ASMALLCONST=0600h-06FFhx122 -AMEDIUMCONST=0600h-07FFFh -ACOMRAM=01h-05Fh \
  -AABS1=00h-05FFh -ABIGRAM=01h-05FFh -ARAM=060h-0FFh,0100h-01FFhx5 \
  -ABANK0=060h-0FFh -ABANK1=0100h-01FFh -ABANK2=0200h-02FFh \
  -ABANK3=0300h-03FFh -ABANK4=0400h-04FFh -ABANK5=0500h-05FFh \
  -ASFR=0D00h-0DFFhx2,0F00h-0F5Fh,0F60h-0FFFh -ABIGSFR=0D00h-0FFFh \
  -ACONFIG=0300000h-030000Dh -AIDLOC=0200000h-0200007h \
  -AEEDATA=0F00000h-0F000FFh -peeprom_data=EEDATA \
  -preset_vec=00h,intcode,intcodelo,powerup,init -pramtop=0600h \
  -psmallconst=SMALLCONST -pmediumconst=MEDIUMCONST -pconst=CONST \
  -AFARRAM=00h-00h \
  -prdata=COMRAM,nvrram=COMRAM,nvbit=COMRAM,rbss=COMRAM,rbit=COMRAM \
  -pfarbss=FARRAM,fardata=FARRAM,nvFARRAM=FARRAM \
  -pintsave_regs=BIGRAM,bigbss=BIGRAM,bigdata=BIGRAM -pbss=RAM \
  -pidata=CODE,irdata=CODE,ibigdata=CODE,ifardata=CODE -prparam=COMRAM \
  C:\Users\emertxe\AppData\Local\Temp\xcAsa5o.\driver_tmp_9.o \
  dist/default/production\I2C.X.production.o 

Object code version is 3.11

Machine type is 18F4580



                Name                               Link     Load   Length Selector   Space Scale
C:\Users\emertxe\AppData\Local\Temp\xcAsa5o.\driver_tmp_9.o
                idloc                            200000   200000        8        0       5
                config                           300000   300000        E        0       4
                init                                  0        0        4        0       0
dist/default/production\I2C.X.production.o
                idloc                            200000   200000        8        0       5
                config                           300000   300000        E        0       4
                smallconst                          600      600       1A      300       0
                text18                              7A0      7A0       3A      30D       0
                text17                              69A      69A       6C      30D       0
                text16                              706      706       52      30D       0
                text15                              900      900        6      30D       0
                text14                              8B6      8B6       12      30D       0
                text13                              8F8      8F8        8      30D       0
                text12                              8D4      8D4        C      30D       0
                text11                              8F0      8F0        8      30D       0
                text10                              8E8      8E8        8      30D       0
                text9                               8E0      8E0        8      30D       0
                text8                               8C8      8C8        C      30D       0
                text7                               810      810       2A      30D       0
                text6                               61A      61A       80      30D       0
                text5                               7DA      7DA       36      30D       0
                text4                               858      858       1E      30D       0
                text3                               758      758       48      30D       0
                text2                               88C      88C       16      30D       0
                text1                               83A      83A       1E      30D       0
                text0                               8A2      8A2       14      30D       0
                cstackCOMRAM                         1C       1C        5        1       1
                bssCOMRAM                             1        1       1B        1       1
                cinit                               876      876       16      30D       0

TOTAL           Name                               Link     Load   Length     Space
        CLASS   CODE           
                init                                  0        0        4         0
                text18                              7A0      7A0       3A         0
                text17                              69A      69A       6C         0
                text16                              706      706       52         0
                text15                              900      900        6         0
                text14                              8B6      8B6       12         0
                text13                              8F8      8F8        8         0
                text12                              8D4      8D4        C         0
                text11                              8F0      8F0        8         0
                text10                              8E8      8E8        8         0
                text9                               8E0      8E0        8         0
                text8                               8C8      8C8        C         0
                text7                               810      810       2A         0
                text6                               61A      61A       80         0
                text5                               7DA      7DA       36         0
                text4                               858      858       1E         0
                text3                               758      758       48         0
                text2                               88C      88C       16         0
                text1                               83A      83A       1E         0
                text0                               8A2      8A2       14         0
                cinit                               876      876       16         0

        CLASS   CONST          

        CLASS   SMALLCONST     
                smallconst                          600      600       1A         0

        CLASS   MEDIUMCONST    

        CLASS   COMRAM         
                cstackCOMRAM                         1C       1C        5         1
                bssCOMRAM                             1        1       1B         1

        CLASS   ABS1           

        CLASS   BIGRAM         

        CLASS   RAM            

        CLASS   BANK0          

        CLASS   BANK1          

        CLASS   BANK2          

        CLASS   BANK3          

        CLASS   BANK4          

        CLASS   BANK5          

        CLASS   SFR            

        CLASS   BIGSFR         

        CLASS   CONFIG         
                config                           300000   300000        E         4

        CLASS   IDLOC          
                idloc                            200000   200000        8         5

        CLASS   EEDATA         

        CLASS   FARRAM         

        CLASS   HEAP           

        CLASS   STACK          



SEGMENTS        Name                           Load    Length   Top    Selector   Space  Class

                reset_vec                      000000  000004  000004         0       0  CODE    
                bssCOMRAM                      000001  000020  000021         1       1  COMRAM  
                smallconst                     000600  00001A  00061A       300       0  SMALLCON
                text6                          00061A  0002EC  000906       30D       0  CODE    


UNUSED ADDRESS RANGES

        Name                Unused          Largest block    Delta
        BANK0            000060-0000FF               A0
        BANK1            000100-0001FF              100
        BANK2            000200-0002FF              100
        BANK3            000300-0003FF              100
        BANK4            000400-0004FF              100
        BANK5            000500-0005FF              100
        BIGRAM           000021-0005FF              5DF
        BIGSFR           000D00-000FFF              300
        CODE             000004-0005FF              5FC
                         000906-007FFF             76FA
        COMRAM           000021-00005F               3F
        CONST            000004-0005FF              5FC
                         000906-007FFF             76FA
        EEDATA           F00000-F000FF              100
        MEDIUMCONST      000906-007FFF             76FA
        RAM              000060-0005FF              100
        SFR              000D00-000FFF              100
        SMALLCONST       000906-007FFF              100

                                  Symbol Table

_ACKDT                   (abs)        007E2D
_ACKEN                   (abs)        007E2C
_ACKSTAT                 (abs)        007E2E
_BCLIF                   (abs)        007D0B
_CKE                     (abs)        007E3E
_PEN                     (abs)        007E2A
_PORTD                   (abs)        000F83
_RC0                     (abs)        007C10
_RC1                     (abs)        007C11
_RC2                     (abs)        007C12
_RCEN                    (abs)        007E2B
_RD7                     (abs)        007C1F
_RSEN                    (abs)        007E29
_SEN                     (abs)        007E28
_SMP                     (abs)        007E3F
_SSPADD                  (abs)        000FC8
_SSPBUF                  (abs)        000FC9
_SSPCON1                 (abs)        000FC6
_SSPIF                   (abs)        007CF3
_TRISC                   (abs)        000F94
_TRISC3                  (abs)        007CA3
_TRISC4                  (abs)        007CA4
_TRISD                   (abs)        000F95
_TRISD7                  (abs)        007CAF
__HRAM                   (abs)        000000
__H__absolute__          __absolute__ 000000
__Habs1                  abs1         000000
__Hbank0                 bank0        000000
__Hbank1                 bank1        000000
__Hbank2                 bank2        000000
__Hbank3                 bank3        000000
__Hbank4                 bank4        000000
__Hbank5                 bank5        000000
__Hbigbss                bigbss       000000
__Hbigdata               bigdata      000000
__Hbigram                bigram       000000
__Hbigsfr                bigsfr       000000
__Hbss                   bss          000000
__HbssCOMRAM             bssCOMRAM    000000
__Hcinit                 cinit        000000
__Hclrtext               clrtext      000000
__Hcomram                comram       000000
__Hconfig                config       30000E
__Hconst                 const        000000
__HcstackCOMRAM          cstackCOMRAM 000000
__Hdata                  data         000000
__Heeprom_data           eeprom_data  000000
__Hfarbss                farbss       000000
__Hfardata               fardata      000000
__Hheap                  heap         000000
__Hibigdata              ibigdata     000000
__Hidata                 idata        000000
__Hidloc                 idloc        200008
__Hifardata              ifardata     000000
__Hinit                  init         000004
__Hintcode               intcode      000000
__Hintcode_body          intcode_body 000000
__Hintcodelo             intcodelo    000000
__Hintentry              intentry     000000
__Hintret                intret       000000
__Hintsave_regs          intsave_regs 000000
__Hirdata                irdata       000000
__Hmediumconst           mediumconst  000000
__HnvFARRAM              nvFARRAM     000000
__Hnvbit                 nvbit        000000
__Hnvrram                nvrram       000000
__Hparam                 rparam       000000
__Hpowerup               powerup      000000
__Hram                   ram          000000
__Hramtop                ramtop       000600
__Hrbit                  rbit         000000
__Hrbss                  rbss         000000
__Hrdata                 rdata        000000
__Hreset_vec             reset_vec    000000
__Hrparam                rparam       000000
__Hsfr                   sfr          000000
__Hsmallconst            smallconst   00061A
__Hspace_0               (abs)        000906
__Hspace_1               (abs)        000021
__Hspace_2               (abs)        000000
__Hspace_4               (abs)        60000E
__Hstack                 stack        000000
__Hstruct                struct       000000
__Htemp                  temp         000000
__Htext                  text         000000
__Htext0                 text0        000000
__Htext1                 text1        000000
__Htext10                text10       000000
__Htext11                text11       000000
__Htext12                text12       000000
__Htext13                text13       000000
__Htext14                text14       000000
__Htext15                text15       000000
__Htext16                text16       000000
__Htext17                text17       000000
__Htext18                text18       000000
__Htext2                 text2        000000
__Htext3                 text3        000000
__Htext4                 text4        000000
__Htext5                 text5        000000
__Htext6                 text6        000000
__Htext7                 text7        000000
__Htext8                 text8        000000
__Htext9                 text9        000000
__LRAM                   (abs)        000001
__L__absolute__          __absolute__ 000000
__Labs1                  abs1         000000
__Lbank0                 bank0        000000
__Lbank1                 bank1        000000
__Lbank2                 bank2        000000
__Lbank3                 bank3        000000
__Lbank4                 bank4        000000
__Lbank5                 bank5        000000
__Lbigbss                bigbss       000000
__Lbigdata               bigdata      000000
__Lbigram                bigram       000000
__Lbigsfr                bigsfr       000000
__Lbss                   bss          000000
__LbssCOMRAM             bssCOMRAM    000000
__Lcinit                 cinit        000000
__Lclrtext               clrtext      000000
__Lcomram                comram       000000
__Lconfig                config       000000
__Lconst                 const        000000
__LcstackCOMRAM          cstackCOMRAM 000000
__Ldata                  data         000000
__Leeprom_data           eeprom_data  000000
__Lfarbss                farbss       000000
__Lfardata               fardata      000000
__Lheap                  heap         000000
__Libigdata              ibigdata     000000
__Lidata                 idata        000000
__Lidloc                 idloc        000000
__Lifardata              ifardata     000000
__Linit                  init         000000
__Lintcode               intcode      000000
__Lintcode_body          intcode_body 000000
__Lintcodelo             intcodelo    000000
__Lintentry              intentry     000000
__Lintret                intret       000000
__Lintsave_regs          intsave_regs 000000
__Lirdata                irdata       000000
__Lmediumconst           mediumconst  000000
__LnvFARRAM              nvFARRAM     000000
__Lnvbit                 nvbit        000000
__Lnvrram                nvrram       000000
__Lparam                 rparam       000000
__Lpowerup               powerup      000000
__Lram                   ram          000000
__Lramtop                ramtop       000600
__Lrbit                  rbit         000000
__Lrbss                  rbss         000000
__Lrdata                 rdata        000000
__Lreset_vec             reset_vec    000000
__Lrparam                rparam       000000
__Lsfr                   sfr          000000
__Lsmallconst            smallconst   000600
__Lspace_0               (abs)        000000
__Lspace_1               (abs)        000000
__Lspace_2               (abs)        000000
__Lspace_4               (abs)        000000
__Lstack                 stack        000000
__Lstruct                struct       000000
__Ltemp                  temp         000000
__Ltext                  text         000000
__Ltext0                 text0        000000
__Ltext1                 text1        000000
__Ltext10                text10       000000
__Ltext11                text11       000000
__Ltext12                text12       000000
__Ltext13                text13       000000
__Ltext14                text14       000000
__Ltext15                text15       000000
__Ltext16                text16       000000
__Ltext17                text17       000000
__Ltext18                text18       000000
__Ltext2                 text2        000000
__Ltext3                 text3        000000
__Ltext4                 text4        000000
__Ltext5                 text5        000000
__Ltext6                 text6        000000
__Ltext7                 text7        000000
__Ltext8                 text8        000000
__Ltext9                 text9        000000
__S0                     (abs)        000906
__S1                     (abs)        000021
__S4                     (abs)        000000
__S5                     (abs)        000000
___heap_hi               (abs)        000000
___heap_lo               (abs)        000000
___inthi_sp              stack        000000
___intlo_sp              stack        000000
___param_bank            (abs)        000000
___rparam_used           (abs)        000001
___sp                    stack        000000
__accesstop              (abs)        000060
__activetblptr           (abs)        000002
__end_of__initialization cinit        000882
__end_of_clcd_print      text17       000706
__end_of_clcd_write      text18       0007DA
__end_of_display_time    text16       000758
__end_of_get_time        text6        00069A
__end_of_i2c_idle        text14       0008C8
__end_of_i2c_no_ack      text15       000906
__end_of_i2c_read        text12       0008E0
__end_of_i2c_rep_start   text11       0008F8
__end_of_i2c_rx_mode     text13       000900
__end_of_i2c_start       text10       0008F0
__end_of_i2c_stop        text9        0008E8
__end_of_i2c_write       text8        0008D4
__end_of_init_clcd       text5        000810
__end_of_init_config     text1        000858
__end_of_init_ds1307     text3        0007A0
__end_of_init_i2c        text2        0008A2
__end_of_main            text0        0008B6
__end_of_read_ds1307     text7        00083A
__end_of_write_ds1307    text4        000876
__initialization         cinit        000876
__mediumconst            mediumconst  000000
__pbssCOMRAM             bssCOMRAM    000001
__pcinit                 cinit        000876
__pcstackCOMRAM          cstackCOMRAM 00001C
__psmallconst            smallconst   000600
__ptext0                 text0        0008A2
__ptext1                 text1        00083A
__ptext10                text10       0008E8
__ptext11                text11       0008F0
__ptext12                text12       0008D4
__ptext13                text13       0008F8
__ptext14                text14       0008B6
__ptext15                text15       000900
__ptext16                text16       000706
__ptext17                text17       00069A
__ptext18                text18       0007A0
__ptext2                 text2        00088C
__ptext3                 text3        000758
__ptext4                 text4        000858
__ptext5                 text5        0007DA
__ptext6                 text6        00061A
__ptext7                 text7        000810
__ptext8                 text8        0008C8
__ptext9                 text9        0008E0
__ramtop                 ramtop       000600
__smallconst             smallconst   000600
_calender_reg            bssCOMRAM    000001
_clcd_print              text17       00069A
_clcd_write              text18       0007A0
_clock_reg               bssCOMRAM    000005
_date                    bssCOMRAM    000008
_display_time            text16       000706
_get_time                text6        00061A
_i2c_idle                text14       0008B6
_i2c_no_ack              text15       000900
_i2c_read                text12       0008D4
_i2c_rep_start           text11       0008F0
_i2c_rx_mode             text13       0008F8
_i2c_start               text10       0008E8
_i2c_stop                text9        0008E0
_i2c_write               text8        0008C8
_init_clcd               text5        0007DA
_init_config             text1        00083A
_init_ds1307             text3        000758
_init_i2c                text2        00088C
_main                    text0        0008A2
_read_ds1307             text7        000810
_time                    bssCOMRAM    000013
_write_ds1307            text4        000858
clcd_print@addr          cstackCOMRAM 000020
clcd_print@data          cstackCOMRAM 00001E
clcd_write@byte          cstackCOMRAM 00001D
clcd_write@control_bit   cstackCOMRAM 00001C
end_of_initialization    cinit        000882
i2c_write@data           cstackCOMRAM 00001C
init_ds1307@dummy        cstackCOMRAM 00001F
intlevel0                text         000000
intlevel1                text         000000
intlevel2                text         000000
intlevel3                text         000000
isa$std                  (abs)        000001
isa$xinst                (abs)        000000
read_ds1307@address      cstackCOMRAM 00001D
read_ds1307@data         cstackCOMRAM 00001E
stackhi                  (abs)        000000
stacklo                  (abs)        000000
start                    init         000000
start_initialization     cinit        000876
write_ds1307@address     cstackCOMRAM 00001E
write_ds1307@data        cstackCOMRAM 00001D


MODULE INFORMATION

Module		Function		Class		Link	Load	Size
i2c.c
		_i2c_start     		CODE           	08E8	0000	8
		_i2c_no_ack    		CODE           	0900	0000	6
		_i2c_rep_start 		CODE           	08F0	0000	8
		_i2c_idle      		CODE           	08B6	0000	18
		_i2c_write     		CODE           	08C8	0000	12
		_i2c_stop      		CODE           	08E0	0000	8
		_i2c_read      		CODE           	08D4	0000	12
		_init_i2c      		CODE           	088C	0000	22
		_i2c_rx_mode   		CODE           	08F8	0000	8

i2c.c estimated size: 102

ds1307.c
		_read_ds1307   		CODE           	0810	0000	42
		_write_ds1307  		CODE           	0858	0000	30
		_init_ds1307   		CODE           	0758	0000	72

ds1307.c estimated size: 144

shared
		__initialization		CODE           	0876	0000	12

shared estimated size: 12

clcd.c
		_clcd_write    		CODE           	07A0	0000	58
		_clcd_print    		CODE           	069A	0000	108
		_init_clcd     		CODE           	07DA	0000	54

clcd.c estimated size: 220

main.c
		_display_time  		CODE           	0706	0000	82
		_main          		CODE           	08A2	0000	20
		_get_time      		CODE           	061A	0000	128
		_init_config   		CODE           	083A	0000	30

main.c estimated size: 260

