Microchip MPLAB XC8 Compiler V2.40

Linker command line:

-W-3 \
  --edf=C:\Program Files\Microchip\xc8\v2.40\pic\dat\20220703182018_en.msgs \
  -cn -h+dist/default/production\9-Matrix_keypad.X.production.sym \
  --cmf=dist/default/production\9-Matrix_keypad.X.production.cmf -z \
  -Q18F4580 -oC:\Users\lenovo\AppData\Local\Temp\xcAs97s.4 \
  --defsym=__MPLAB_BUILD=1 --fixupoverflow=error \
  -Mdist/default/production/9-Matrix_keypad.X.production.map \
  --md=C:\Users\lenovo\AppData\Local\Temp\xcAs97s.dat -E1 -ver=XC8 Compiler \
  --acfsm=1493 -ACODE=00h-03000h -ACONST=00h-03000h \
  -ASMALLCONST=0600h-06FFhx42,03000h-03000h -AMEDIUMCONST=0600h-03000h \
  -ACOMRAM=01h-05Fh -AABS1=00h-05FFh -ABIGRAM=01h-05FFh \
  -ARAM=060h-0FFh,0100h-01FFhx5 -ABANK0=060h-0FFh -ABANK1=0100h-01FFh \
  -ABANK2=0200h-02FFh -ABANK3=0300h-03FFh -ABANK4=0400h-04FFh \
  -ABANK5=0500h-05FFh -ASFR=0D00h-0DFFhx2,0F00h-0F5Fh,0F60h-0FFFh \
  -ABIGSFR=0D00h-0FFFh -ACONFIG=0300000h-030000Dh -AIDLOC=0200000h-0200007h \
  -AEEDATA=0F00000h-0F000FFh -peeprom_data=EEDATA \
  -preset_vec=00h,intcode,intcodelo,powerup,init -pramtop=0600h \
  -psmallconst=SMALLCONST -pmediumconst=MEDIUMCONST -pconst=CONST \
  -AFARRAM=00h-00h \
  -prdata=COMRAM,nvrram=COMRAM,nvbit=COMRAM,rbss=COMRAM,rbit=COMRAM \
  -pfarbss=FARRAM,fardata=FARRAM,nvFARRAM=FARRAM \
  -pintsave_regs=BIGRAM,bigbss=BIGRAM,bigdata=BIGRAM -pbss=RAM \
  -pidata=CODE,irdata=CODE,ibigdata=CODE,ifardata=CODE -prparam=COMRAM \
  C:\Users\lenovo\AppData\Local\Temp\xcAs97s.o \
  dist/default/production\9-Matrix_keypad.X.production.o 

Object code version is 3.11

Machine type is 18F4580



                Name                               Link     Load   Length Selector   Space Scale
C:\Users\lenovo\AppData\Local\Temp\xcAs97s.o
                idloc                            200000   200000        8        0       5
                config                           300000   300000        E        0       4
                init                                  0        0        4        0       0
dist/default/production\9-Matrix_keypad.X.production.o
                idloc                            200000   200000        8        0       5
                config                           300000   300000        E        0       4
                smallconst                          600      600       2A      300       0
                text11                              732      732       C4      315       0
                text10                              7F6      7F6       B0      315       0
                text9                               A0C      A0C       3A      315       0
                text8                               9C8      9C8       44      315       0
                text7                               ABC      ABC       18      315       0
                text6                               62A      62A      108      315       0
                text5                               952      952       76      315       0
                text4                               8A6      8A6       AC      315       0
                text3                               A46      A46       36      315       0
                text2                               AD4      AD4       12      315       0
                text1                               AA2      AA2       1A      315       0
                text0                               AE6      AE6       10      315       0
                cstackCOMRAM                          1        1        B        1       1
                dataCOMRAM                            F        F        1        1       1
                bssCOMRAM                             C        C        3        1       1
                cinit                               A7C      A7C       26      315       0
                idataCOMRAM                         AF6      AF6        1      315       0

TOTAL           Name                               Link     Load   Length     Space
        CLASS   CODE           
                init                                  0        0        4         0
                text11                              732      732       C4         0
                text10                              7F6      7F6       B0         0
                text9                               A0C      A0C       3A         0
                text8                               9C8      9C8       44         0
                text7                               ABC      ABC       18         0
                text6                               62A      62A      108         0
                text5                               952      952       76         0
                text4                               8A6      8A6       AC         0
                text3                               A46      A46       36         0
                text2                               AD4      AD4       12         0
                text1                               AA2      AA2       1A         0
                text0                               AE6      AE6       10         0
                cinit                               A7C      A7C       26         0
                idataCOMRAM                         AF6      AF6        1         0

        CLASS   CONST          

        CLASS   SMALLCONST     
                smallconst                          600      600       2A         0

        CLASS   MEDIUMCONST    

        CLASS   COMRAM         
                cstackCOMRAM                          1        1        B         1
                dataCOMRAM                            F        F        1         1
                bssCOMRAM                             C        C        3         1

        CLASS   ABS1           

        CLASS   BIGRAM         

        CLASS   RAM            

        CLASS   BANK0          

        CLASS   BANK1          

        CLASS   BANK2          

        CLASS   BANK3          

        CLASS   BANK4          

        CLASS   BANK5          

        CLASS   SFR            

        CLASS   BIGSFR         

        CLASS   CONFIG         
                config                           300000   300000        E         4

        CLASS   IDLOC          
                idloc                            200000   200000        8         5

        CLASS   EEDATA         

        CLASS   FARRAM         

        CLASS   HEAP           

        CLASS   STACK          



SEGMENTS        Name                           Load    Length   Top    Selector   Space  Class

                reset_vec                      000000  000004  000004         0       0  CODE    
                cstackCOMRAM                   000001  00000F  000010         1       1  COMRAM  
                smallconst                     000600  00002A  00062A       300       0  SMALLCON
                text6                          00062A  0004CD  000AF7       315       0  CODE    


UNUSED ADDRESS RANGES

        Name                Unused          Largest block    Delta
        BANK0            000060-0000FF               A0
        BANK1            000100-0001FF              100
        BANK2            000200-0002FF              100
        BANK3            000300-0003FF              100
        BANK4            000400-0004FF              100
        BANK5            000500-0005FF              100
        BIGRAM           000010-0005FF              5F0
        BIGSFR           000D00-000FFF              300
        CODE             000004-0005FF              5FC
                         000AF7-003000             250A
        COMRAM           000010-00005F               50
        CONST            000004-0005FF              5FC
                         000AF7-003000             250A
        EEDATA           F00000-F000FF              100
        MEDIUMCONST      000AF7-003000             250A
        RAM              000060-0005FF              100
        SFR              000D00-000FFF              100
        SMALLCONST       000AF7-003000              100

                                  Symbol Table

?___awdiv                    cstackCOMRAM 000001
?___awmod                    cstackCOMRAM 000001
_ADCON1                      (abs)        000FC1
_PORTB                       (abs)        000F81
_PORTBbits                   (abs)        000F81
_PORTD                       (abs)        000F83
_RBPU                        (abs)        007F8F
_RC0                         (abs)        007C10
_RC1                         (abs)        007C11
_RC2                         (abs)        007C12
_RD7                         (abs)        007C1F
_TRISB                       (abs)        000F93
_TRISC                       (abs)        000F94
_TRISD                       (abs)        000F95
_TRISD7                      (abs)        007CAF
__HRAM                       (abs)        000000
__Habs1                      abs1         000000
__Hbank0                     bank0        000000
__Hbank1                     bank1        000000
__Hbank2                     bank2        000000
__Hbank3                     bank3        000000
__Hbank4                     bank4        000000
__Hbank5                     bank5        000000
__Hbigbss                    bigbss       000000
__Hbigdata                   bigdata      000000
__Hbigram                    bigram       000000
__Hbigsfr                    bigsfr       000000
__Hbss                       bss          000000
__HbssCOMRAM                 bssCOMRAM    000000
__Hcinit                     cinit        000000
__Hclrtext                   clrtext      000000
__Hcomram                    comram       000000
__Hconfig                    config       30000E
__Hconst                     const        000000
__HcstackCOMRAM              cstackCOMRAM 000000
__Hdata                      data         000000
__HdataCOMRAM                dataCOMRAM   000000
__Heeprom_data               eeprom_data  000000
__Hfarbss                    farbss       000000
__Hfardata                   fardata      000000
__Hheap                      heap         000000
__Hibigdata                  ibigdata     000000
__Hidata                     idata        000000
__HidataCOMRAM               idataCOMRAM  000000
__Hidloc                     idloc        200008
__Hifardata                  ifardata     000000
__Hinit                      init         000004
__Hintcode                   intcode      000000
__Hintcode_body              intcode_body 000000
__Hintcodelo                 intcodelo    000000
__Hintentry                  intentry     000000
__Hintret                    intret       000000
__Hintsave_regs              intsave_regs 000000
__Hirdata                    irdata       000000
__Hmediumconst               mediumconst  000000
__HnvFARRAM                  nvFARRAM     000000
__Hnvbit                     nvbit        000000
__Hnvrram                    nvrram       000000
__Hparam                     rparam       000000
__Hpowerup                   powerup      000000
__Hram                       ram          000000
__Hramtop                    ramtop       000600
__Hrbit                      rbit         000000
__Hrbss                      rbss         000000
__Hrdata                     rdata        000000
__Hreset_vec                 reset_vec    000000
__Hrparam                    rparam       000000
__Hsfr                       sfr          000000
__Hsmallconst                smallconst   00062A
__Hspace_0                   (abs)        000AF7
__Hspace_1                   (abs)        000010
__Hspace_2                   (abs)        000000
__Hspace_4                   (abs)        60000E
__Hstack                     stack        000000
__Hstruct                    struct       000000
__Htemp                      temp         000000
__Htext                      text         000000
__Htext0                     text0        000000
__Htext1                     text1        000000
__Htext10                    text10       000000
__Htext11                    text11       000000
__Htext2                     text2        000000
__Htext3                     text3        000000
__Htext4                     text4        000000
__Htext5                     text5        000000
__Htext6                     text6        000000
__Htext7                     text7        000000
__Htext8                     text8        000000
__Htext9                     text9        000000
__LRAM                       (abs)        000001
__Labs1                      abs1         000000
__Lbank0                     bank0        000000
__Lbank1                     bank1        000000
__Lbank2                     bank2        000000
__Lbank3                     bank3        000000
__Lbank4                     bank4        000000
__Lbank5                     bank5        000000
__Lbigbss                    bigbss       000000
__Lbigdata                   bigdata      000000
__Lbigram                    bigram       000000
__Lbigsfr                    bigsfr       000000
__Lbss                       bss          000000
__LbssCOMRAM                 bssCOMRAM    000000
__Lcinit                     cinit        000000
__Lclrtext                   clrtext      000000
__Lcomram                    comram       000000
__Lconfig                    config       000000
__Lconst                     const        000000
__LcstackCOMRAM              cstackCOMRAM 000000
__Ldata                      data         000000
__LdataCOMRAM                dataCOMRAM   000000
__Leeprom_data               eeprom_data  000000
__Lfarbss                    farbss       000000
__Lfardata                   fardata      000000
__Lheap                      heap         000000
__Libigdata                  ibigdata     000000
__Lidata                     idata        000000
__LidataCOMRAM               idataCOMRAM  000000
__Lidloc                     idloc        000000
__Lifardata                  ifardata     000000
__Linit                      init         000000
__Lintcode                   intcode      000000
__Lintcode_body              intcode_body 000000
__Lintcodelo                 intcodelo    000000
__Lintentry                  intentry     000000
__Lintret                    intret       000000
__Lintsave_regs              intsave_regs 000000
__Lirdata                    irdata       000000
__Lmediumconst               mediumconst  000000
__LnvFARRAM                  nvFARRAM     000000
__Lnvbit                     nvbit        000000
__Lnvrram                    nvrram       000000
__Lparam                     rparam       000000
__Lpowerup                   powerup      000000
__Lram                       ram          000000
__Lramtop                    ramtop       000600
__Lrbit                      rbit         000000
__Lrbss                      rbss         000000
__Lrdata                     rdata        000000
__Lreset_vec                 reset_vec    000000
__Lrparam                    rparam       000000
__Lsfr                       sfr          000000
__Lsmallconst                smallconst   000600
__Lspace_0                   (abs)        000000
__Lspace_1                   (abs)        000000
__Lspace_2                   (abs)        000000
__Lspace_4                   (abs)        000000
__Lstack                     stack        000000
__Lstruct                    struct       000000
__Ltemp                      temp         000000
__Ltext                      text         000000
__Ltext0                     text0        000000
__Ltext1                     text1        000000
__Ltext10                    text10       000000
__Ltext11                    text11       000000
__Ltext2                     text2        000000
__Ltext3                     text3        000000
__Ltext4                     text4        000000
__Ltext5                     text5        000000
__Ltext6                     text6        000000
__Ltext7                     text7        000000
__Ltext8                     text8        000000
__Ltext9                     text9        000000
__S0                         (abs)        000AF7
__S1                         (abs)        000010
__S4                         (abs)        000000
__S5                         (abs)        000000
___awdiv                     text11       000732
___awdiv@counter             cstackCOMRAM 000005
___awdiv@dividend            cstackCOMRAM 000001
___awdiv@divisor             cstackCOMRAM 000003
___awdiv@quotient            cstackCOMRAM 000007
___awdiv@sign                cstackCOMRAM 000006
___awmod                     text10       0007F6
___awmod@counter             cstackCOMRAM 000005
___awmod@dividend            cstackCOMRAM 000001
___awmod@divisor             cstackCOMRAM 000003
___awmod@sign                cstackCOMRAM 000006
___heap_hi                   (abs)        000000
___heap_lo                   (abs)        000000
___inthi_sp                  stack        000000
___intlo_sp                  stack        000000
___param_bank                (abs)        000000
___rparam_used               (abs)        000001
___sp                        stack        000000
__accesstop                  (abs)        000060
__activetblptr               (abs)        000001
__end_of___awdiv             text11       0007F6
__end_of___awmod             text10       0008A6
__end_of__initialization     cinit        000A94
__end_of_check_matrix_keypad text4        000952
__end_of_clcd_print          text8        000A0C
__end_of_clcd_putch          text7        000AD4
__end_of_clcd_write          text9        000A46
__end_of_init_clcd           text3        000A7C
__end_of_init_config         text1        000ABC
__end_of_init_matrix_keypad  text2        000AE6
__end_of_main                text0        000AF6
__end_of_read_switches       text5        0009C8
__end_of_scan_key            text6        000732
__initialization             cinit        000A7C
__mediumconst                mediumconst  000000
__pbssCOMRAM                 bssCOMRAM    00000C
__pcinit                     cinit        000A7C
__pcstackCOMRAM              cstackCOMRAM 000001
__pdataCOMRAM                dataCOMRAM   00000F
__pidataCOMRAM               idataCOMRAM  000AF6
__psmallconst                smallconst   000600
__ptext0                     text0        000AE6
__ptext1                     text1        000AA2
__ptext10                    text10       0007F6
__ptext11                    text11       000732
__ptext2                     text2        000AD4
__ptext3                     text3        000A46
__ptext4                     text4        0008A6
__ptext5                     text5        000952
__ptext6                     text6        00062A
__ptext7                     text7        000ABC
__ptext8                     text8        0009C8
__ptext9                     text9        000A0C
__ramtop                     ramtop       000600
__smallconst                 smallconst   000600
_check_matrix_keypad         text4        0008A6
_clcd_print                  text8        0009C8
_clcd_putch                  text7        000ABC
_clcd_write                  text9        000A0C
_init_clcd                   text3        000A46
_init_config                 text1        000AA2
_init_matrix_keypad          text2        000AD4
_main                        text0        000AE6
_read_switches               text5        000952
_scan_key                    text6        00062A
check_matrix_keypad@i        bssCOMRAM    00000C
check_matrix_keypad@key      cstackCOMRAM 00000B
clcd_print@addr              cstackCOMRAM 000005
clcd_print@data              cstackCOMRAM 000003
clcd_putch@addr              cstackCOMRAM 000009
clcd_putch@data              cstackCOMRAM 00000A
clcd_write@byte              cstackCOMRAM 000002
clcd_write@control_bit       cstackCOMRAM 000001
end_of_initialization        cinit        000A94
intlevel0                    text         000000
intlevel1                    text         000000
intlevel2                    text         000000
intlevel3                    text         000000
isa$std                      (abs)        000001
isa$xinst                    (abs)        000000
read_switches@detection_type cstackCOMRAM 000001
read_switches@key            bssCOMRAM    00000E
read_switches@once           dataCOMRAM   00000F
stackhi                      (abs)        000000
stacklo                      (abs)        000000
start                        init         000000
start_initialization         cinit        000A7C


MODULE INFORMATION

Module		Function		Class		Link	Load	Size
C:\Program Files\Microchip\xc8\v2.40\pic\sources\c99\common\awdiv.c
		___awdiv       		CODE           	0732	0000	196

C:\Program Files\Microchip\xc8\v2.40\pic\sources\c99\common\awdiv.c estimated size: 196

matrix_keypad.c
		_init_matrix_keypad		CODE           	0AD4	0000	18
		_read_switches 		CODE           	0952	0000	118
		_scan_key      		CODE           	062A	0000	264

matrix_keypad.c estimated size: 400

shared
		__initialization		CODE           	0A7C	0000	24

shared estimated size: 24

clcd.c
		_clcd_write    		CODE           	0A0C	0000	58
		_clcd_print    		CODE           	09C8	0000	68
		_clcd_putch    		CODE           	0ABC	0000	24
		_init_clcd     		CODE           	0A46	0000	54

clcd.c estimated size: 204

C:\Program Files\Microchip\xc8\v2.40\pic\sources\c99\common\awmod.c
		___awmod       		CODE           	07F6	0000	176

C:\Program Files\Microchip\xc8\v2.40\pic\sources\c99\common\awmod.c estimated size: 176

main.c
		_check_matrix_keypad		CODE           	08A6	0000	172
		_main          		CODE           	0AE6	0000	16
		_init_config   		CODE           	0AA2	0000	26

main.c estimated size: 214

