

Microchip MPLAB XC8 Assembler V2.36 build 20220127204148 
                                                                                               Wed Jun 28 12:55:11 2023

Microchip MPLAB XC8 C Compiler v2.36 (Free license) build 20220127204148 Og1 
     1                           	processor	18F4580
     2                           	fnconf	rparam,??,?,0
     3                           	pagewidth 120
     4                           	opt	flic
     5                           	psect	smallconst,global,reloc=2,class=SMALLCONST,delta=1,noexec
     6                           	psect	cinit,global,reloc=2,class=CODE,delta=1
     7                           	psect	bssCOMRAM,global,class=COMRAM,space=1,delta=1,lowdata,noexec
     8                           	psect	cstackCOMRAM,global,class=COMRAM,space=1,delta=1,lowdata,noexec
     9                           	psect	text0,global,reloc=2,class=CODE,delta=1
    10                           	psect	text1,global,reloc=2,class=CODE,delta=1
    11                           	psect	text2,global,reloc=2,class=CODE,delta=1
    12                           	psect	text3,global,reloc=2,class=CODE,delta=1
    13                           	psect	text4,global,reloc=2,class=CODE,delta=1
    14                           	psect	text5,global,reloc=2,class=CODE,delta=1
    15                           	psect	intcode,global,reloc=2,class=CODE,delta=1
    16                           	psect	intcode_body,global,reloc=2,class=CODE,delta=1
    17                           	psect	intsave_regs,global,class=BIGRAM,space=1,delta=1,noexec
    18                           	psect	rparam,global,class=COMRAM,space=1,delta=1,noexec
    19                           	psect	temp,global,ovrld,common,class=COMRAM,space=1,delta=1
    20                           	psect	idloc,global,abs,ovrld,class=IDLOC,space=5,delta=1,noexec
    21                           	psect	config,global,abs,ovrld,class=CONFIG,space=4,delta=1,noexec
    22  0000                     
    23                           ; Version 2.20
    24                           ; Generated 12/02/2020 GMT
    25                           ; 
    26                           ; Copyright © 2020, Microchip Technology Inc. and its subsidiaries ("Microchip")
    27                           ; All rights reserved.
    28                           ; 
    29                           ; This software is developed by Microchip Technology Inc. and its subsidiaries ("Microch
      +                          ip").
    30                           ; 
    31                           ; Redistribution and use in source and binary forms, with or without modification, are
    32                           ; permitted provided that the following conditions are met:
    33                           ; 
    34                           ;     1. Redistributions of source code must retain the above copyright notice, this lis
      +                          t of
    35                           ;        conditions and the following disclaimer.
    36                           ; 
    37                           ;     2. Redistributions in binary form must reproduce the above copyright notice, this 
      +                          list
    38                           ;        of conditions and the following disclaimer in the documentation and/or other
    39                           ;        materials provided with the distribution.
    40                           ; 
    41                           ;     3. Microchip's name may not be used to endorse or promote products derived from th
      +                          is
    42                           ;        software without specific prior written permission.
    43                           ; 
    44                           ; THIS SOFTWARE IS PROVIDED BY MICROCHIP "AS IS" AND ANY EXPRESS OR IMPLIED WARRANTIES,
    45                           ; INCLUDING, BUT NOT LIMITED TO, THE IMPLIED WARRANTIES OF MERCHANTABILITY AND FITNESS F
      +                          OR
    46                           ; PURPOSE ARE DISCLAIMED.  IN NO EVENT SHALL MICROCHIP BE LIABLE FOR ANY DIRECT, INDIREC
      +                          T,
    47                           ; INCIDENTAL, SPECIAL, EXEMPLARY, OR CONSEQUENTIAL DAMAGES (INCLUDING BUT NOT LIMITED TO
    48                           ; PROCUREMENT OF SUBSTITUTE GOODS OR SERVICES; LOSS OF USE, DATA OR PROFITS; OR BUSINESS
    49                           ; INTERRUPTION) HOWSOEVER CAUSED AND ON ANY THEORY OF LIABILITY, WHETHER IN CONTRACT, ST
      +                          RICT
    50                           ; LIABILITY, OR TORT (INCLUDING NEGLIGENCE OR OTHERWISE) ARISING IN ANY WAY OUT OF THE U
      +                          SE OF
    51                           ; THIS SOFTWARE, EVEN IF ADVISED OF THE POSSIBILITY OF SUCH DAMAGE.
    52                           ; 
    53                           ; 
    54                           ; Code-generator required, PIC18F4580 Definitions
    55                           ; 
    56                           ; SFR Addresses
    57  0000                     _RCREG	set	4014
    58  0000                     _TXREG	set	4013
    59  0000                     _SPBRG	set	4015
    60  0000                     _OERR	set	32089
    61  0000                     _RCIF	set	31989
    62  0000                     _CREN	set	32092
    63  0000                     _TRISC6	set	31910
    64  0000                     _GIE	set	32663
    65  0000                     _TRISC7	set	31911
    66  0000                     _PEIE	set	32662
    67  0000                     _RCIE	set	31981
    68  0000                     _SPEN	set	32095
    69  0000                     _BRGH	set	32098
    70  0000                     _TXIF	set	31988
    71                           
    72                           	psect	smallconst
    73  000600                     __psmallconst:
    74                           	callstack 0
    75  000600  00                 	db	0
    76  000601                     STR_1:
    77  000601  45                 	db	69	;'E'
    78  000602  6D                 	db	109	;'m'
    79  000603  65                 	db	101	;'e'
    80  000604  72                 	db	114	;'r'
    81  000605  74                 	db	116	;'t'
    82  000606  78                 	db	120	;'x'
    83  000607  65                 	db	101	;'e'
    84  000608  20                 	db	32
    85  000609  49                 	db	73	;'I'
    86  00060A  6E                 	db	110	;'n'
    87  00060B  66                 	db	102	;'f'
    88  00060C  6F                 	db	111	;'o'
    89  00060D  72                 	db	114	;'r'
    90  00060E  6D                 	db	109	;'m'
    91  00060F  61                 	db	97	;'a'
    92  000610  74                 	db	116	;'t'
    93  000611  69                 	db	105	;'i'
    94  000612  6F                 	db	111	;'o'
    95  000613  6E                 	db	110	;'n'
    96  000614  20                 	db	32
    97  000615  54                 	db	84	;'T'
    98  000616  65                 	db	101	;'e'
    99  000617  63                 	db	99	;'c'
   100  000618  68                 	db	104	;'h'
   101  000619  6E                 	db	110	;'n'
   102  00061A  6F                 	db	111	;'o'
   103  00061B  6C                 	db	108	;'l'
   104  00061C  6F                 	db	111	;'o'
   105  00061D  67                 	db	103	;'g'
   106  00061E  69                 	db	105	;'i'
   107  00061F  65                 	db	101	;'e'
   108  000620  73                 	db	115	;'s'
   109  000621  2E                 	db	46
   110  000622  20                 	db	32
   111  000623  50                 	db	80	;'P'
   112  000624  72                 	db	114	;'r'
   113  000625  65                 	db	101	;'e'
   114  000626  73                 	db	115	;'s'
   115  000627  73                 	db	115	;'s'
   116  000628  20                 	db	32
   117  000629  61                 	db	97	;'a'
   118  00062A  6E                 	db	110	;'n'
   119  00062B  79                 	db	121	;'y'
   120  00062C  20                 	db	32
   121  00062D  6B                 	db	107	;'k'
   122  00062E  65                 	db	101	;'e'
   123  00062F  79                 	db	121	;'y'
   124  000630  20                 	db	32
   125  000631  74                 	db	116	;'t'
   126  000632  6F                 	db	111	;'o'
   127  000633  20                 	db	32
   128  000634  63                 	db	99	;'c'
   129  000635  6F                 	db	111	;'o'
   130  000636  6E                 	db	110	;'n'
   131  000637  74                 	db	116	;'t'
   132  000638  69                 	db	105	;'i'
   133  000639  6E                 	db	110	;'n'
   134  00063A  75                 	db	117	;'u'
   135  00063B  65                 	db	101	;'e'
   136  00063C  0A                 	db	10
   137  00063D  0D                 	db	13
   138  00063E  00                 	db	0
   139  00063F                     STR_3:
   140  00063F  59                 	db	89	;'Y'
   141  000640  6F                 	db	111	;'o'
   142  000641  75                 	db	117	;'u'
   143  000642  20                 	db	32
   144  000643  73                 	db	115	;'s'
   145  000644  68                 	db	104	;'h'
   146  000645  6F                 	db	111	;'o'
   147  000646  75                 	db	117	;'u'
   148  000647  6C                 	db	108	;'l'
   149  000648  64                 	db	100	;'d'
   150  000649  20                 	db	32
   151  00064A  67                 	db	103	;'g'
   152  00064B  65                 	db	101	;'e'
   153  00064C  74                 	db	116	;'t'
   154  00064D  20                 	db	32
   155  00064E  62                 	db	98	;'b'
   156  00064F  61                 	db	97	;'a'
   157  000650  63                 	db	99	;'c'
   158  000651  6B                 	db	107	;'k'
   159  000652  20                 	db	32
   160  000653  77                 	db	119	;'w'
   161  000654  68                 	db	104	;'h'
   162  000655  61                 	db	97	;'a'
   163  000656  74                 	db	116	;'t'
   164  000657  65                 	db	101	;'e'
   165  000658  76                 	db	118	;'v'
   166  000659  65                 	db	101	;'e'
   167  00065A  72                 	db	114	;'r'
   168  00065B  20                 	db	32
   169  00065C  79                 	db	121	;'y'
   170  00065D  6F                 	db	111	;'o'
   171  00065E  75                 	db	117	;'u'
   172  00065F  20                 	db	32
   173  000660  74                 	db	116	;'t'
   174  000661  79                 	db	121	;'y'
   175  000662  70                 	db	112	;'p'
   176  000663  65                 	db	101	;'e'
   177  000664  3A                 	db	58	;':'
   178  000665  0A                 	db	10
   179  000666  0D                 	db	13
   180  000667  00                 	db	0
   181  000668                     STR_2:
   182  000668  57                 	db	87	;'W'
   183  000669  65                 	db	101	;'e'
   184  00066A  6C                 	db	108	;'l'
   185  00066B  63                 	db	99	;'c'
   186  00066C  6F                 	db	111	;'o'
   187  00066D  6D                 	db	109	;'m'
   188  00066E  65                 	db	101	;'e'
   189  00066F  2E                 	db	46
   190  000670  20                 	db	32
   191  000671  54                 	db	84	;'T'
   192  000672  68                 	db	104	;'h'
   193  000673  69                 	db	105	;'i'
   194  000674  73                 	db	115	;'s'
   195  000675  20                 	db	32
   196  000676  69                 	db	105	;'i'
   197  000677  73                 	db	115	;'s'
   198  000678  20                 	db	32
   199  000679  55                 	db	85	;'U'
   200  00067A  41                 	db	65	;'A'
   201  00067B  52                 	db	82	;'R'
   202  00067C  54                 	db	84	;'T'
   203  00067D  20                 	db	32
   204  00067E  54                 	db	84	;'T'
   205  00067F  65                 	db	101	;'e'
   206  000680  73                 	db	115	;'s'
   207  000681  74                 	db	116	;'t'
   208  000682  20                 	db	32
   209  000683  43                 	db	67	;'C'
   210  000684  6F                 	db	111	;'o'
   211  000685  64                 	db	100	;'d'
   212  000686  65                 	db	101	;'e'
   213  000687  2E                 	db	46
   214  000688  0A                 	db	10
   215  000689  0D                 	db	13
   216  00068A  00                 	db	0
   217  00068B  00                 	db	0	; dummy byte at the end
   218  0000                     
   219                           ; #config settings
   220                           
   221                           	psect	cinit
   222  00075A                     __pcinit:
   223                           	callstack 0
   224  00075A                     start_initialization:
   225                           	callstack 0
   226  00075A                     __initialization:
   227                           	callstack 0
   228                           
   229                           ; Clear objects allocated to COMRAM (1 bytes)
   230  00075A  6A04               	clrf	__pbssCOMRAM& (0+255),c
   231  00075C                     end_of_initialization:
   232                           	callstack 0
   233  00075C                     __end_of__initialization:
   234                           	callstack 0
   235  00075C  9005               	bcf	int$flags,0,c	;clear compiler interrupt flag (level 1)
   236  00075E  9205               	bcf	int$flags,1,c	;clear compiler interrupt flag (level 2)
   237  000760  0E00               	movlw	low (__Lsmallconst shr (0+16))
   238  000762  6EF8               	movwf	tblptru,c
   239  000764  0E06               	movlw	high __Lsmallconst
   240  000766  6EF7               	movwf	tblptrh,c
   241  000768  0100               	movlb	0
   242  00076A  EF46  F003         	goto	_main	;jump to C main() function
   243                           
   244                           	psect	bssCOMRAM
   245  000004                     __pbssCOMRAM:
   246                           	callstack 0
   247  000004                     _ch:
   248                           	callstack 0
   249  000004                     	ds	1
   250                           
   251                           	psect	cstackCOMRAM
   252  000001                     __pcstackCOMRAM:
   253                           	callstack 0
   254  000001                     putch@byte:
   255                           	callstack 0
   256                           
   257                           ; 1 bytes @ 0x0
   258  000001                     	ds	1
   259  000002                     puts@s:
   260                           	callstack 0
   261                           
   262                           ; 2 bytes @ 0x1
   263  000002                     	ds	2
   264  000004                     
   265                           ; 1 bytes @ 0x3
   266 ;;
   267 ;;Main: autosize = 0, tempsize = 0, incstack = 0, save=0
   268 ;;
   269 ;; *************** function _main *****************
   270 ;; Defined at:
   271 ;;		line 20 in file "main.c"
   272 ;; Parameters:    Size  Location     Type
   273 ;;		None
   274 ;; Auto vars:     Size  Location     Type
   275 ;;  c               1    0        unsigned char 
   276 ;; Return value:  Size  Location     Type
   277 ;;                  1    wreg      void 
   278 ;; Registers used:
   279 ;;		wreg, status,2, status,0, tblptrl, tblptrh, tblptru, cstack
   280 ;; Tracked objects:
   281 ;;		On entry : 0/0
   282 ;;		On exit  : 0/0
   283 ;;		Unchanged: 0/0
   284 ;; Data sizes:     COMRAM   BANK0   BANK1   BANK2   BANK3   BANK4   BANK5
   285 ;;      Params:         0       0       0       0       0       0       0
   286 ;;      Locals:         0       0       0       0       0       0       0
   287 ;;      Temps:          0       0       0       0       0       0       0
   288 ;;      Totals:         0       0       0       0       0       0       0
   289 ;;Total ram usage:        0 bytes
   290 ;; Hardware stack levels required when called: 4
   291 ;; This function calls:
   292 ;;		_init_config
   293 ;;		_putch
   294 ;;		_puts
   295 ;; This function is called by:
   296 ;;		Startup code after reset
   297 ;; This function uses a non-reentrant model
   298 ;;
   299                           
   300                           	psect	text0
   301  00068C                     __ptext0:
   302                           	callstack 0
   303  00068C                     _main:
   304                           	callstack 27
   305  00068C                     
   306                           ;main.c: 22:  char c;;main.c: 24:  init_config();
   307  00068C  EC95  F003         	call	_init_config	;wreg free
   308                           
   309                           ;main.c: 26:  puts("Welcome. This is UART Test Code.\n\r");
   310  000690  0E68               	movlw	low STR_2
   311  000692  6E02               	movwf	puts@s^0,c
   312  000694  0E06               	movlw	high STR_2
   313  000696  6E03               	movwf	(puts@s+1)^0,c
   314  000698  EC65  F003         	call	_puts	;wreg free
   315                           
   316                           ;main.c: 27:  puts("You should get back whatever you type:\n\r");
   317  00069C  0E3F               	movlw	low STR_3
   318  00069E  6E02               	movwf	puts@s^0,c
   319  0006A0  0E06               	movlw	high STR_3
   320  0006A2  6E03               	movwf	(puts@s+1)^0,c
   321  0006A4  EC65  F003         	call	_puts	;wreg free
   322  0006A8                     l835:
   323                           
   324                           ;main.c: 31:  {;main.c: 32:   if (ch != '\0')
   325  0006A8  5004               	movf	_ch^0,w,c
   326  0006AA  B4D8               	btfsc	status,2,c
   327  0006AC  EF5A  F003         	goto	u81
   328  0006B0  EF5C  F003         	goto	u80
   329  0006B4                     u81:
   330  0006B4  EF54  F003         	goto	l835
   331  0006B8                     u80:
   332  0006B8                     
   333                           ;main.c: 33:         {;main.c: 34:             putch(ch);
   334  0006B8  5004               	movf	_ch^0,w,c
   335  0006BA  ECA2  F003         	call	_putch
   336  0006BE                     
   337                           ;main.c: 36:             ch = '\0';
   338  0006BE  0E00               	movlw	0
   339  0006C0  6E04               	movwf	_ch^0,c
   340  0006C2  EF54  F003         	goto	l835
   341  0006C6  EF07  F000         	goto	start
   342  0006CA                     __end_of_main:
   343                           	callstack 0
   344                           
   345 ;; *************** function _init_config *****************
   346 ;; Defined at:
   347 ;;		line 7 in file "main.c"
   348 ;; Parameters:    Size  Location     Type
   349 ;;		None
   350 ;; Auto vars:     Size  Location     Type
   351 ;;		None
   352 ;; Return value:  Size  Location     Type
   353 ;;                  1    wreg      void 
   354 ;; Registers used:
   355 ;;		wreg, status,2, status,0, tblptrl, tblptrh, tblptru, cstack
   356 ;; Tracked objects:
   357 ;;		On entry : 0/0
   358 ;;		On exit  : 0/0
   359 ;;		Unchanged: 0/0
   360 ;; Data sizes:     COMRAM   BANK0   BANK1   BANK2   BANK3   BANK4   BANK5
   361 ;;      Params:         0       0       0       0       0       0       0
   362 ;;      Locals:         0       0       0       0       0       0       0
   363 ;;      Temps:          0       0       0       0       0       0       0
   364 ;;      Totals:         0       0       0       0       0       0       0
   365 ;;Total ram usage:        0 bytes
   366 ;; Hardware stack levels used: 1
   367 ;; Hardware stack levels required when called: 3
   368 ;; This function calls:
   369 ;;		_getch
   370 ;;		_init_uart
   371 ;;		_puts
   372 ;; This function is called by:
   373 ;;		_main
   374 ;; This function uses a non-reentrant model
   375 ;;
   376                           
   377                           	psect	text1
   378  00072A                     __ptext1:
   379                           	callstack 0
   380  00072A                     _init_config:
   381                           	callstack 27
   382  00072A                     
   383                           ;main.c: 9:  init_uart();
   384  00072A  ECB7  F003         	call	_init_uart	;wreg free
   385  00072E                     
   386                           ;main.c: 11:  puts("Emertxe Information Technologies. Press any key to continue\n\r");
   387  00072E  0E01               	movlw	low STR_1
   388  000730  6E02               	movwf	puts@s^0,c
   389  000732  0E06               	movlw	high STR_1
   390  000734  6E03               	movwf	(puts@s+1)^0,c
   391  000736  EC65  F003         	call	_puts	;wreg free
   392  00073A                     
   393                           ;main.c: 12:  getch();
   394  00073A  ECC0  F003         	call	_getch	;wreg free
   395  00073E                     
   396                           ;main.c: 14:    PEIE = 1;
   397  00073E  8CF2               	bsf	4082,6,c	;volatile
   398  000740                     
   399                           ;main.c: 17:    GIE = 1;
   400  000740  8EF2               	bsf	4082,7,c	;volatile
   401  000742  0012               	return		;funcret
   402  000744                     __end_of_init_config:
   403                           	callstack 0
   404                           
   405 ;; *************** function _puts *****************
   406 ;; Defined at:
   407 ;;		line 40 in file "uart.c"
   408 ;; Parameters:    Size  Location     Type
   409 ;;  s               2    1[COMRAM] PTR const unsigned char 
   410 ;;		 -> STR_3(41), STR_2(35), STR_1(62), 
   411 ;; Auto vars:     Size  Location     Type
   412 ;;		None
   413 ;; Return value:  Size  Location     Type
   414 ;;                  2    1[COMRAM] int 
   415 ;; Registers used:
   416 ;;		wreg, status,2, status,0, tblptrl, tblptrh, tblptru, cstack
   417 ;; Tracked objects:
   418 ;;		On entry : 0/0
   419 ;;		On exit  : 0/0
   420 ;;		Unchanged: 0/0
   421 ;; Data sizes:     COMRAM   BANK0   BANK1   BANK2   BANK3   BANK4   BANK5
   422 ;;      Params:         2       0       0       0       0       0       0
   423 ;;      Locals:         0       0       0       0       0       0       0
   424 ;;      Temps:          0       0       0       0       0       0       0
   425 ;;      Totals:         2       0       0       0       0       0       0
   426 ;;Total ram usage:        2 bytes
   427 ;; Hardware stack levels used: 1
   428 ;; Hardware stack levels required when called: 2
   429 ;; This function calls:
   430 ;;		_putch
   431 ;; This function is called by:
   432 ;;		_init_config
   433 ;;		_main
   434 ;; This function uses a non-reentrant model
   435 ;;
   436                           
   437                           	psect	text2
   438  0006CA                     __ptext2:
   439                           	callstack 0
   440  0006CA                     _puts:
   441                           	callstack 28
   442  0006CA                     
   443                           ;uart.c: 40: int puts(const char *s);uart.c: 41: {;uart.c: 42:  while(*s)
   444  0006CA  EF71  F003         	goto	l821
   445  0006CE                     l817:
   446                           
   447                           ;uart.c: 43:  {;uart.c: 44:   putch(*s++);
   448  0006CE  C002  FFF6         	movff	puts@s,tblptrl
   449  0006D2  C003  FFF7         	movff	puts@s+1,tblptrh
   450  0006D6                     	if	0	;tblptru may be non-zero
   451  0006D6                     	endif
   452  0006D6                     	if	0	;tblptru may be non-zero
   453  0006D6                     	endif
   454  0006D6  0008               	tblrd		*
   455  0006D8  50F5               	movf	tablat,w,c
   456  0006DA  ECA2  F003         	call	_putch
   457  0006DE  4A02               	infsnz	puts@s^0,f,c
   458  0006E0  2A03               	incf	(puts@s+1)^0,f,c
   459  0006E2                     l821:
   460                           
   461                           ;uart.c: 42:  while(*s)
   462  0006E2  C002  FFF6         	movff	puts@s,tblptrl
   463  0006E6  C003  FFF7         	movff	puts@s+1,tblptrh
   464  0006EA                     	if	0	;tblptru may be non-zero
   465  0006EA                     	endif
   466  0006EA                     	if	0	;tblptru may be non-zero
   467  0006EA                     	endif
   468  0006EA  0008               	tblrd		*
   469  0006EC  50F5               	movf	tablat,w,c
   470  0006EE  0900               	iorlw	0
   471  0006F0  A4D8               	btfss	status,2,c
   472  0006F2  EF7D  F003         	goto	u71
   473  0006F6  EF7F  F003         	goto	u70
   474  0006FA                     u71:
   475  0006FA  EF67  F003         	goto	l817
   476  0006FE                     u70:
   477  0006FE  0012               	return		;funcret
   478  000700                     __end_of_puts:
   479                           	callstack 0
   480                           
   481 ;; *************** function _putch *****************
   482 ;; Defined at:
   483 ;;		line 29 in file "uart.c"
   484 ;; Parameters:    Size  Location     Type
   485 ;;  byte            1    wreg     unsigned char 
   486 ;; Auto vars:     Size  Location     Type
   487 ;;  byte            1    0[COMRAM] unsigned char 
   488 ;; Return value:  Size  Location     Type
   489 ;;                  1    wreg      void 
   490 ;; Registers used:
   491 ;;		wreg
   492 ;; Tracked objects:
   493 ;;		On entry : 0/0
   494 ;;		On exit  : 0/0
   495 ;;		Unchanged: 0/0
   496 ;; Data sizes:     COMRAM   BANK0   BANK1   BANK2   BANK3   BANK4   BANK5
   497 ;;      Params:         0       0       0       0       0       0       0
   498 ;;      Locals:         1       0       0       0       0       0       0
   499 ;;      Temps:          0       0       0       0       0       0       0
   500 ;;      Totals:         1       0       0       0       0       0       0
   501 ;;Total ram usage:        1 bytes
   502 ;; Hardware stack levels used: 1
   503 ;; Hardware stack levels required when called: 1
   504 ;; This function calls:
   505 ;;		Nothing
   506 ;; This function is called by:
   507 ;;		_main
   508 ;;		_puts
   509 ;;		_getche
   510 ;; This function uses a non-reentrant model
   511 ;;
   512                           
   513                           	psect	text3
   514  000744                     __ptext3:
   515                           	callstack 0
   516  000744                     _putch:
   517                           	callstack 28
   518                           
   519                           ;incstack = 0
   520                           ;putch@byte stored from wreg
   521  000744  6E01               	movwf	putch@byte^0,c
   522  000746                     l54:
   523                           
   524                           ;uart.c: 33:  while(!TXIF)
   525  000746  A89E               	btfss	3998,4,c	;volatile
   526  000748  EFA8  F003         	goto	u11
   527  00074C  EFAA  F003         	goto	u10
   528  000750                     u11:
   529  000750  EFA3  F003         	goto	l54
   530  000754                     u10:
   531  000754                     
   532                           ;uart.c: 37:  TXREG = byte;
   533  000754  C001  FFAD         	movff	putch@byte,4013	;volatile
   534  000758  0012               	return		;funcret
   535  00075A                     __end_of_putch:
   536                           	callstack 0
   537                           
   538 ;; *************** function _init_uart *****************
   539 ;; Defined at:
   540 ;;		line 4 in file "uart.c"
   541 ;; Parameters:    Size  Location     Type
   542 ;;		None
   543 ;; Auto vars:     Size  Location     Type
   544 ;;		None
   545 ;; Return value:  Size  Location     Type
   546 ;;                  1    wreg      void 
   547 ;; Registers used:
   548 ;;		wreg, status,2
   549 ;; Tracked objects:
   550 ;;		On entry : 0/0
   551 ;;		On exit  : 0/0
   552 ;;		Unchanged: 0/0
   553 ;; Data sizes:     COMRAM   BANK0   BANK1   BANK2   BANK3   BANK4   BANK5
   554 ;;      Params:         0       0       0       0       0       0       0
   555 ;;      Locals:         0       0       0       0       0       0       0
   556 ;;      Temps:          0       0       0       0       0       0       0
   557 ;;      Totals:         0       0       0       0       0       0       0
   558 ;;Total ram usage:        0 bytes
   559 ;; Hardware stack levels used: 1
   560 ;; Hardware stack levels required when called: 1
   561 ;; This function calls:
   562 ;;		Nothing
   563 ;; This function is called by:
   564 ;;		_init_config
   565 ;; This function uses a non-reentrant model
   566 ;;
   567                           
   568                           	psect	text4
   569  00076E                     __ptext4:
   570                           	callstack 0
   571  00076E                     _init_uart:
   572                           	callstack 28
   573  00076E                     
   574                           ;uart.c: 7:  TRISC7 = 1;
   575  00076E  8E94               	bsf	3988,7,c	;volatile
   576                           
   577                           ;uart.c: 8:  TRISC6 = 0;
   578  000770  9C94               	bcf	3988,6,c	;volatile
   579                           
   580                           ;uart.c: 11:  BRGH = 1;
   581  000772  84AC               	bsf	4012,2,c	;volatile
   582                           
   583                           ;uart.c: 12:  SPEN = 1;
   584  000774  8EAB               	bsf	4011,7,c	;volatile
   585                           
   586                           ;uart.c: 16:  CREN = 1;
   587  000776  88AB               	bsf	4011,4,c	;volatile
   588  000778                     
   589                           ;uart.c: 22:  SPBRG = 129;
   590  000778  0E81               	movlw	129
   591  00077A  6EAF               	movwf	175,c	;volatile
   592  00077C                     
   593                           ;uart.c: 24:     RCIE = 1;
   594  00077C  8A9D               	bsf	3997,5,c	;volatile
   595  00077E  0012               	return		;funcret
   596  000780                     __end_of_init_uart:
   597                           	callstack 0
   598                           
   599 ;; *************** function _getch *****************
   600 ;; Defined at:
   601 ;;		line 50 in file "uart.c"
   602 ;; Parameters:    Size  Location     Type
   603 ;;		None
   604 ;; Auto vars:     Size  Location     Type
   605 ;;		None
   606 ;; Return value:  Size  Location     Type
   607 ;;                  1    wreg      unsigned char 
   608 ;; Registers used:
   609 ;;		wreg, status,2
   610 ;; Tracked objects:
   611 ;;		On entry : 0/0
   612 ;;		On exit  : 0/0
   613 ;;		Unchanged: 0/0
   614 ;; Data sizes:     COMRAM   BANK0   BANK1   BANK2   BANK3   BANK4   BANK5
   615 ;;      Params:         0       0       0       0       0       0       0
   616 ;;      Locals:         0       0       0       0       0       0       0
   617 ;;      Temps:          0       0       0       0       0       0       0
   618 ;;      Totals:         0       0       0       0       0       0       0
   619 ;;Total ram usage:        0 bytes
   620 ;; Hardware stack levels used: 1
   621 ;; Hardware stack levels required when called: 1
   622 ;; This function calls:
   623 ;;		Nothing
   624 ;; This function is called by:
   625 ;;		_init_config
   626 ;;		_getche
   627 ;; This function uses a non-reentrant model
   628 ;;
   629                           
   630                           	psect	text5
   631  000780                     __ptext5:
   632                           	callstack 0
   633  000780                     _getch:
   634                           	callstack 28
   635  000780                     l66:
   636                           
   637                           ;uart.c: 54:  while(!RCIF)
   638  000780  AA9E               	btfss	3998,5,c	;volatile
   639  000782  EFC5  F003         	goto	u31
   640  000786  EFC7  F003         	goto	u30
   641  00078A                     u31:
   642  00078A  EFC0  F003         	goto	l66
   643  00078E                     u30:
   644  00078E                     
   645                           ;uart.c: 59:  return RCREG;
   646  00078E  50AE               	movf	174,w,c	;volatile
   647  000790  0012               	return		;funcret
   648  000792                     __end_of_getch:
   649                           	callstack 0
   650                           
   651 ;; *************** function _isr *****************
   652 ;; Defined at:
   653 ;;		line 5 in file "isr.c"
   654 ;; Parameters:    Size  Location     Type
   655 ;;		None
   656 ;; Auto vars:     Size  Location     Type
   657 ;;		None
   658 ;; Return value:  Size  Location     Type
   659 ;;                  1    wreg      void 
   660 ;; Registers used:
   661 ;;		None
   662 ;; Tracked objects:
   663 ;;		On entry : 0/0
   664 ;;		On exit  : 0/0
   665 ;;		Unchanged: 0/0
   666 ;; Data sizes:     COMRAM   BANK0   BANK1   BANK2   BANK3   BANK4   BANK5
   667 ;;      Params:         0       0       0       0       0       0       0
   668 ;;      Locals:         0       0       0       0       0       0       0
   669 ;;      Temps:          0       0       0       0       0       0       0
   670 ;;      Totals:         0       0       0       0       0       0       0
   671 ;;Total ram usage:        0 bytes
   672 ;; Hardware stack levels used: 1
   673 ;; This function calls:
   674 ;;		Nothing
   675 ;; This function is called by:
   676 ;;		Interrupt level 2
   677 ;; This function uses a non-reentrant model
   678 ;;
   679                           
   680                           	psect	intcode
   681  000008                     __pintcode:
   682                           	callstack 0
   683  000008                     _isr:
   684                           	callstack 27
   685                           
   686                           ;incstack = 0
   687  000008  8205               	bsf	int$flags,1,c	;set compiler interrupt flag (level 2)
   688  00000A  ED80  F003         	call	int_func,f	;refresh shadow registers
   689                           
   690                           	psect	intcode_body
   691  000700                     __pintcode_body:
   692                           	callstack 27
   693  000700                     int_func:
   694                           	callstack 27
   695  000700  0006               	pop		; remove dummy address from shadow register refresh
   696  000702                     
   697                           ;isr.c: 7:     if (RCIF == 1)
   698  000702  AA9E               	btfss	3998,5,c	;volatile
   699  000704  EF86  F003         	goto	i2u5_41
   700  000708  EF88  F003         	goto	i2u5_40
   701  00070C                     i2u5_41:
   702  00070C  EF93  F003         	goto	i2l87
   703  000710                     i2u5_40:
   704  000710                     
   705                           ;isr.c: 8:     {;isr.c: 9:         if (OERR == 1)
   706  000710  A2AB               	btfss	4011,1,c	;volatile
   707  000712  EF8D  F003         	goto	i2u6_41
   708  000716  EF8F  F003         	goto	i2u6_40
   709  00071A                     i2u6_41:
   710  00071A  EF90  F003         	goto	i2l86
   711  00071E                     i2u6_40:
   712  00071E                     
   713                           ;isr.c: 10:             OERR = 0;
   714  00071E  92AB               	bcf	4011,1,c	;volatile
   715  000720                     i2l86:
   716                           
   717                           ;isr.c: 12:         ch = RCREG;
   718  000720  CFAE F004          	movff	4014,_ch	;volatile
   719                           
   720                           ;isr.c: 14:         RCIF = 0;
   721  000724  9A9E               	bcf	3998,5,c	;volatile
   722  000726                     i2l87:
   723  000726  9205               	bcf	int$flags,1,c	;clear compiler interrupt flag (level 2)
   724  000728  0011               	retfie		f
   725  00072A                     __end_of_isr:
   726                           	callstack 0
   727                           
   728                           	psect	rparam
   729  0000                     
   730                           	psect	temp
   731  000005                     btemp:
   732                           	callstack 0
   733  000005                     	ds	1
   734  0000                     int$flags	set	btemp
   735  0000                     wtemp8	set	btemp+1
   736  0000                     ttemp5	set	btemp+1
   737  0000                     ttemp6	set	btemp+4
   738  0000                     ttemp7	set	btemp+8
   739                           
   740                           	psect	idloc
   741                           
   742                           ;Config register IDLOC0 @ 0x200000
   743                           ;	unspecified, using default values
   744  200000                     	org	2097152
   745  200000  FF                 	db	255
   746                           
   747                           ;Config register IDLOC1 @ 0x200001
   748                           ;	unspecified, using default values
   749  200001                     	org	2097153
   750  200001  FF                 	db	255
   751                           
   752                           ;Config register IDLOC2 @ 0x200002
   753                           ;	unspecified, using default values
   754  200002                     	org	2097154
   755  200002  FF                 	db	255
   756                           
   757                           ;Config register IDLOC3 @ 0x200003
   758                           ;	unspecified, using default values
   759  200003                     	org	2097155
   760  200003  FF                 	db	255
   761                           
   762                           ;Config register IDLOC4 @ 0x200004
   763                           ;	unspecified, using default values
   764  200004                     	org	2097156
   765  200004  FF                 	db	255
   766                           
   767                           ;Config register IDLOC5 @ 0x200005
   768                           ;	unspecified, using default values
   769  200005                     	org	2097157
   770  200005  FF                 	db	255
   771                           
   772                           ;Config register IDLOC6 @ 0x200006
   773                           ;	unspecified, using default values
   774  200006                     	org	2097158
   775  200006  FF                 	db	255
   776                           
   777                           ;Config register IDLOC7 @ 0x200007
   778                           ;	unspecified, using default values
   779  200007                     	org	2097159
   780  200007  FF                 	db	255
   781                           
   782                           	psect	config
   783                           
   784                           ; Padding undefined space
   785  300000                     	org	3145728
   786  300000  FF                 	db	255
   787                           
   788                           ;Config register CONFIG1H @ 0x300001
   789                           ;	unspecified, using default values
   790                           ;	Oscillator Selection bits
   791                           ;	OSC = 0x7, unprogrammed default
   792                           ;	Fail-Safe Clock Monitor Enable bit
   793                           ;	FCMEN = 0x0, unprogrammed default
   794                           ;	Internal/External Oscillator Switchover bit
   795                           ;	IESO = 0x0, unprogrammed default
   796  300001                     	org	3145729
   797  300001  07                 	db	7
   798                           
   799                           ;Config register CONFIG2L @ 0x300002
   800                           ;	unspecified, using default values
   801                           ;	Power-up Timer Enable bit
   802                           ;	PWRT = 0x1, unprogrammed default
   803                           ;	Brown-out Reset Enable bits
   804                           ;	BOREN = 0x3, unprogrammed default
   805                           ;	Brown-out Reset Voltage bits
   806                           ;	BORV = 0x3, unprogrammed default
   807  300002                     	org	3145730
   808  300002  1F                 	db	31
   809                           
   810                           ;Config register CONFIG2H @ 0x300003
   811                           ;	unspecified, using default values
   812                           ;	Watchdog Timer Enable bit
   813                           ;	WDT = 0x1, unprogrammed default
   814                           ;	Watchdog Timer Postscale Select bits
   815                           ;	WDTPS = 0xF, unprogrammed default
   816  300003                     	org	3145731
   817  300003  1F                 	db	31
   818                           
   819                           ; Padding undefined space
   820  300004                     	org	3145732
   821  300004  FF                 	db	255
   822                           
   823                           ;Config register CONFIG3H @ 0x300005
   824                           ;	unspecified, using default values
   825                           ;	PORTB A/D Enable bit
   826                           ;	PBADEN = 0x1, unprogrammed default
   827                           ;	Low-Power Timer 1 Oscillator Enable bit
   828                           ;	LPT1OSC = 0x0, unprogrammed default
   829                           ;	MCLR Pin Enable bit
   830                           ;	MCLRE = 0x1, unprogrammed default
   831  300005                     	org	3145733
   832  300005  82                 	db	130
   833                           
   834                           ;Config register CONFIG4L @ 0x300006
   835                           ;	unspecified, using default values
   836                           ;	Stack Full/Underflow Reset Enable bit
   837                           ;	STVREN = 0x1, unprogrammed default
   838                           ;	Single-Supply ICSP Enable bit
   839                           ;	LVP = 0x1, unprogrammed default
   840                           ;	Boot Block Size Select bit
   841                           ;	BBSIZ = 0x0, unprogrammed default
   842                           ;	Extended Instruction Set Enable bit
   843                           ;	XINST = 0x0, unprogrammed default
   844                           ;	Background Debugger Enable bit
   845                           ;	DEBUG = 0x1, unprogrammed default
   846  300006                     	org	3145734
   847  300006  85                 	db	133
   848                           
   849                           ; Padding undefined space
   850  300007                     	org	3145735
   851  300007  FF                 	db	255
   852                           
   853                           ;Config register CONFIG5L @ 0x300008
   854                           ;	unspecified, using default values
   855                           ;	Code Protection bit
   856                           ;	CP0 = 0x1, unprogrammed default
   857                           ;	Code Protection bit
   858                           ;	CP1 = 0x1, unprogrammed default
   859                           ;	Code Protection bit
   860                           ;	CP2 = 0x1, unprogrammed default
   861                           ;	Code Protection bit
   862                           ;	CP3 = 0x1, unprogrammed default
   863  300008                     	org	3145736
   864  300008  0F                 	db	15
   865                           
   866                           ;Config register CONFIG5H @ 0x300009
   867                           ;	unspecified, using default values
   868                           ;	Boot Block Code Protection bit
   869                           ;	CPB = 0x1, unprogrammed default
   870                           ;	Data EEPROM Code Protection bit
   871                           ;	CPD = 0x1, unprogrammed default
   872  300009                     	org	3145737
   873  300009  C0                 	db	192
   874                           
   875                           ;Config register CONFIG6L @ 0x30000A
   876                           ;	unspecified, using default values
   877                           ;	Write Protection bit
   878                           ;	WRT0 = 0x1, unprogrammed default
   879                           ;	Write Protection bit
   880                           ;	WRT1 = 0x1, unprogrammed default
   881                           ;	Write Protection bit
   882                           ;	WRT2 = 0x1, unprogrammed default
   883                           ;	Write Protection bit
   884                           ;	WRT3 = 0x1, unprogrammed default
   885  30000A                     	org	3145738
   886  30000A  0F                 	db	15
   887                           
   888                           ;Config register CONFIG6H @ 0x30000B
   889                           ;	unspecified, using default values
   890                           ;	Configuration Register Write Protection bit
   891                           ;	WRTC = 0x1, unprogrammed default
   892                           ;	Boot Block Write Protection bit
   893                           ;	WRTB = 0x1, unprogrammed default
   894                           ;	Data EEPROM Write Protection bit
   895                           ;	WRTD = 0x1, unprogrammed default
   896  30000B                     	org	3145739
   897  30000B  E0                 	db	224
   898                           
   899                           ;Config register CONFIG7L @ 0x30000C
   900                           ;	unspecified, using default values
   901                           ;	Table Read Protection bit
   902                           ;	EBTR0 = 0x1, unprogrammed default
   903                           ;	Table Read Protection bit
   904                           ;	EBTR1 = 0x1, unprogrammed default
   905                           ;	Table Read Protection bit
   906                           ;	EBTR2 = 0x1, unprogrammed default
   907                           ;	Table Read Protection bit
   908                           ;	EBTR3 = 0x1, unprogrammed default
   909  30000C                     	org	3145740
   910  30000C  0F                 	db	15
   911                           
   912                           ;Config register CONFIG7H @ 0x30000D
   913                           ;	unspecified, using default values
   914                           ;	Boot Block Table Read Protection bit
   915                           ;	EBTRB = 0x1, unprogrammed default
   916  30000D                     	org	3145741
   917  30000D  40                 	db	64
   918                           tosu	equ	0xFFF
   919                           tosh	equ	0xFFE
   920                           tosl	equ	0xFFD
   921                           stkptr	equ	0xFFC
   922                           pclatu	equ	0xFFB
   923                           pclath	equ	0xFFA
   924                           pcl	equ	0xFF9
   925                           tblptru	equ	0xFF8
   926                           tblptrh	equ	0xFF7
   927                           tblptrl	equ	0xFF6
   928                           tablat	equ	0xFF5
   929                           prodh	equ	0xFF4
   930                           prodl	equ	0xFF3
   931                           indf0	equ	0xFEF
   932                           postinc0	equ	0xFEE
   933                           postdec0	equ	0xFED
   934                           preinc0	equ	0xFEC
   935                           plusw0	equ	0xFEB
   936                           fsr0h	equ	0xFEA
   937                           fsr0l	equ	0xFE9
   938                           wreg	equ	0xFE8
   939                           indf1	equ	0xFE7
   940                           postinc1	equ	0xFE6
   941                           postdec1	equ	0xFE5
   942                           preinc1	equ	0xFE4
   943                           plusw1	equ	0xFE3
   944                           fsr1h	equ	0xFE2
   945                           fsr1l	equ	0xFE1
   946                           bsr	equ	0xFE0
   947                           indf2	equ	0xFDF
   948                           postinc2	equ	0xFDE
   949                           postdec2	equ	0xFDD
   950                           preinc2	equ	0xFDC
   951                           plusw2	equ	0xFDB
   952                           fsr2h	equ	0xFDA
   953                           fsr2l	equ	0xFD9
   954                           status	equ	0xFD8

Data Sizes:
    Strings     138
    Constant    0
    Data        0
    BSS         1
    Persistent  0
    Stack       0

Auto Spaces:
    Space          Size  Autos    Used
    COMRAM           94      3       4
    BANK0           160      0       0
    BANK1           256      0       0
    BANK2           256      0       0
    BANK3           256      0       0
    BANK4           256      0       0
    BANK5           256      0       0

Pointer List with Targets:

    puts@s	PTR const unsigned char  size(2) Largest target is 62
		 -> STR_3(CODE[41]), STR_2(CODE[35]), STR_1(CODE[62]), 


Critical Paths under _main in COMRAM

    _main->_puts
    _init_config->_puts
    _puts->_putch

Critical Paths under _isr in COMRAM

    None.

Critical Paths under _main in BANK0

    None.

Critical Paths under _isr in BANK0

    None.

Critical Paths under _main in BANK1

    None.

Critical Paths under _isr in BANK1

    None.

Critical Paths under _main in BANK2

    None.

Critical Paths under _isr in BANK2

    None.

Critical Paths under _main in BANK3

    None.

Critical Paths under _isr in BANK3

    None.

Critical Paths under _main in BANK4

    None.

Critical Paths under _isr in BANK4

    None.

Critical Paths under _main in BANK5

    None.

Critical Paths under _isr in BANK5

    None.

Call Graph Tables:

 ---------------------------------------------------------------------------------
 (Depth) Function   	        Calls       Base Space   Used Autos Params    Refs
 ---------------------------------------------------------------------------------
 (0) _main                                                 1     1      0     591
                        _init_config
                              _putch
                               _puts
 ---------------------------------------------------------------------------------
 (1) _init_config                                          0     0      0     288
                              _getch
                          _init_uart
                               _puts
 ---------------------------------------------------------------------------------
 (1) _puts                                                 2     0      2     288
                                              1 COMRAM     2     0      2
                              _putch
 ---------------------------------------------------------------------------------
 (2) _putch                                                1     1      0      15
                                              0 COMRAM     1     1      0
 ---------------------------------------------------------------------------------
 (2) _init_uart                                            0     0      0       0
 ---------------------------------------------------------------------------------
 (2) _getch                                                0     0      0       0
 ---------------------------------------------------------------------------------
 Estimated maximum stack depth 2
 ---------------------------------------------------------------------------------
 (Depth) Function   	        Calls       Base Space   Used Autos Params    Refs
 ---------------------------------------------------------------------------------
 (4) _isr                                                  0     0      0       0
 ---------------------------------------------------------------------------------
 Estimated maximum stack depth 4
 ---------------------------------------------------------------------------------

 Call Graph Graphs:

 _main (ROOT)
   _init_config
     _getch
     _init_uart
     _puts
       _putch
   _putch
   _puts

 _isr (ROOT)

 Address spaces:
Name               Size   Autos  Total    Cost      Usage
BIGRAM             5FF      0       0      22        0.0%
BITBIGSFRll        294      0       0      20        0.0%
EEDATA             100      0       0       0        0.0%
BITBANK5           100      0       0      14        0.0%
BANK5              100      0       0      15        0.0%
BITBANK4           100      0       0      12        0.0%
BANK4              100      0       0      13        0.0%
BITBANK3           100      0       0      10        0.0%
BANK3              100      0       0      11        0.0%
BITBANK2           100      0       0       8        0.0%
BANK2              100      0       0       9        0.0%
BITBANK1           100      0       0       6        0.0%
BANK1              100      0       0       7        0.0%
BITBANK0            A0      0       0       4        0.0%
BANK0               A0      0       0       5        0.0%
BITCOMRAM           5E      0       0       0        0.0%
COMRAM              5E      3       4       1        4.3%
BITBIGSFRlhhh       42      0       0      17        0.0%
BITBIGSFRh           D      0       0      16        0.0%
BITBIGSFRlhlh        C      0       0      18        0.0%
BITBIGSFRlhll        8      0       0      19        0.0%
BIGSFR               0      0       0     200        0.0%
BITSFR_3             0      0       0     200        0.0%
SFR_3                0      0       0     200        0.0%
BITSFR_2             0      0       0     200        0.0%
SFR_2                0      0       0     200        0.0%
BITSFR_1             0      0       0     200        0.0%
SFR_1                0      0       0     200        0.0%
BITSFR               0      0       0     200        0.0%
SFR                  0      0       0     200        0.0%
STACK                0      0       0       2        0.0%
NULL                 0      0       0       0        0.0%
ABS                  0      0       4      21        0.0%
DATA                 0      0       4       3        0.0%
CODE                 0      0       0       0        0.0%


Microchip Technology PIC18 Macro Assembler V2.36 build 20220127204148 
Symbol Table                                                                                   Wed Jun 28 12:55:11 2023

                     l17 0742                       l51 077E                       l54 0746  
                     l63 06FE                       l57 0758                       l66 0780  
                     l69 0790                       u10 0754                       u11 0750  
                     u30 078E                       u31 078A                       u70 06FE  
                     u71 06FA                       u80 06B8                       u81 06B4  
                     _ch 0004                      l821 06E2                      l815 06CA  
                    l831 0740                      l823 072A                      l817 06CE  
                    l825 072E                      l833 068C                      l771 077C  
                    l763 0746                      l819 06DE                      l827 073A  
                    l835 06A8                      l781 0780                      l765 0754  
                    l829 073E                      l837 06B8                      l783 078E  
                    l767 076E                      l839 06BE                      l769 0778  
                    _GIE 007F97                      _isr 0008                     ?_isr 0001  
                   STR_1 0601                     STR_2 0668                     STR_3 063F  
                   _BRGH 007D62                     _CREN 007D5C                     _PEIE 007F96  
                   _RCIE 007CED                     _RCIF 007CF5                     _OERR 007D59  
                   i2l86 0720                     i2l87 0726                     _SPEN 007D5F  
                   _TXIF 007CF4                     _main 068C                     btemp 0005  
                   _puts 06CA                     start 000E             ___param_bank 000000  
                  ??_isr 0001                    ?_main 0001                    ?_puts 0002  
           ?_init_config 0001                    i2l811 0710                    i2l813 071E  
                  i2l809 0702                    _RCREG 000FAE                    _SPBRG 000FAF  
                  _TXREG 000FAD                    _getch 0780                    _putch 0744  
                  tablat 000FF5                    puts@s 0002                    ttemp5 0006  
                  ttemp6 0009                    ttemp7 000D                    status 000FD8  
                  wtemp8 0006          __initialization 075A             __end_of_main 06CA  
           __end_of_puts 0700                   ??_main 0004                   ??_puts 0004  
          __activetblptr 000001                   ?_getch 0001                   ?_putch 0001  
                 i2u5_40 0710                   i2u5_41 070C                   i2u6_40 071E  
                 i2u6_41 071A                   _TRISC6 007CA6                   _TRISC7 007CA7  
                 isa$std 000001             __mediumconst 0000                   tblptrh 000FF7  
                 tblptrl 000FF6                   tblptru 000FF8               __accesstop 0060  
__end_of__initialization 075C            ___rparam_used 000001           __pcstackCOMRAM 0001  
          __end_of_getch 0792            __end_of_putch 075A                  ??_getch 0001  
                ??_putch 0001                  __Hparam 0000                  __Lparam 0000  
           __psmallconst 0600                  __pcinit 075A                  __ramtop 0600  
                __ptext0 068C                  __ptext1 072A                  __ptext2 06CA  
                __ptext3 0744                  __ptext4 076E                  __ptext5 0780  
      __end_of_init_uart 0780           __pintcode_body 0700     end_of_initialization 075C  
                int_func 0700      start_initialization 075A              __end_of_isr 072A  
          ??_init_config 0004              __pbssCOMRAM 0004                __pintcode 0008  
            __smallconst 0600      __end_of_init_config 0744                _init_uart 076E  
             ?_init_uart 0001                 __Hrparam 0000                 __Lrparam 0000  
           __Lsmallconst 0600              _init_config 072A                 isa$xinst 000000  
               int$flags 0005                putch@byte 0001              ??_init_uart 0001  
               intlevel2 0000  
