

Microchip MPLAB XC8 Assembler V2.40 build 20220703182018 
                                                                                               Wed Jun 28 12:39:34 2023

Microchip MPLAB XC8 C Compiler v2.40 (Free license) build 20220703182018 Og1 
     1                           	processor	18F4580
     2                           	fnconf	rparam,??,?,0
     3                           	pagewidth 120
     4                           	opt	flic
     5                           	psect	idataCOMRAM,global,class=CODE,delta=1,noexec
     6                           	psect	cinit,global,reloc=2,class=CODE,delta=1
     7                           	psect	dataCOMRAM,global,class=COMRAM,space=1,delta=1,lowdata,noexec
     8                           	psect	cstackCOMRAM,global,class=COMRAM,space=1,delta=1,lowdata,noexec
     9                           	psect	text0,global,reloc=2,class=CODE,delta=1
    10                           	psect	text1,global,reloc=2,class=CODE,delta=1
    11                           	psect	text2,global,reloc=2,class=CODE,delta=1
    12                           	psect	text3,global,reloc=2,class=CODE,delta=1
    13                           	psect	text4,global,reloc=2,class=CODE,delta=1
    14                           	psect	intsave_regs,global,class=BIGRAM,space=1,delta=1,noexec
    15                           	psect	rparam,global,class=COMRAM,space=1,delta=1,noexec
    16                           	psect	idloc,global,abs,ovrld,class=IDLOC,space=5,delta=1,noexec
    17                           	psect	config,global,abs,ovrld,class=CONFIG,space=4,delta=1,noexec
    18   000000                     
    19                           ; Version 2.20
    20                           ; Generated 12/02/2020 GMT
    21                           ; 
    22                           ; Copyright © 2020, Microchip Technology Inc. and its subsidiaries ("Microchip")
    23                           ; All rights reserved.
    24                           ; 
    25                           ; This software is developed by Microchip Technology Inc. and its subsidiaries ("Microch
      +                          ip").
    26                           ; 
    27                           ; Redistribution and use in source and binary forms, with or without modification, are
    28                           ; permitted provided that the following conditions are met:
    29                           ; 
    30                           ;     1. Redistributions of source code must retain the above copyright notice, this lis
      +                          t of
    31                           ;        conditions and the following disclaimer.
    32                           ; 
    33                           ;     2. Redistributions in binary form must reproduce the above copyright notice, this 
      +                          list
    34                           ;        of conditions and the following disclaimer in the documentation and/or other
    35                           ;        materials provided with the distribution.
    36                           ; 
    37                           ;     3. Microchip's name may not be used to endorse or promote products derived from th
      +                          is
    38                           ;        software without specific prior written permission.
    39                           ; 
    40                           ; THIS SOFTWARE IS PROVIDED BY MICROCHIP "AS IS" AND ANY EXPRESS OR IMPLIED WARRANTIES,
    41                           ; INCLUDING, BUT NOT LIMITED TO, THE IMPLIED WARRANTIES OF MERCHANTABILITY AND FITNESS F
      +                          OR
    42                           ; PURPOSE ARE DISCLAIMED.  IN NO EVENT SHALL MICROCHIP BE LIABLE FOR ANY DIRECT, INDIREC
      +                          T,
    43                           ; INCIDENTAL, SPECIAL, EXEMPLARY, OR CONSEQUENTIAL DAMAGES (INCLUDING BUT NOT LIMITED TO
    44                           ; PROCUREMENT OF SUBSTITUTE GOODS OR SERVICES; LOSS OF USE, DATA OR PROFITS; OR BUSINESS
    45                           ; INTERRUPTION) HOWSOEVER CAUSED AND ON ANY THEORY OF LIABILITY, WHETHER IN CONTRACT, ST
      +                          RICT
    46                           ; LIABILITY, OR TORT (INCLUDING NEGLIGENCE OR OTHERWISE) ARISING IN ANY WAY OUT OF THE U
      +                          SE OF
    47                           ; THIS SOFTWARE, EVEN IF ADVISED OF THE POSSIBILITY OF SUCH DAMAGE.
    48                           ; 
    49                           ; 
    50                           ; Code-generator required, PIC18F4580 Definitions
    51                           ; 
    52                           ; SFR Addresses
    53   000000                     
    54                           	psect	idataCOMRAM
    55   003000                     __pidataCOMRAM:
    56                           	callstack 0
    57                           
    58                           ;initializer for read_digital_keypad@once
    59   003000  01                 	db	1
    60   000000                     _PORTBbits	set	3969
    61   000000                     _PORTC	set	3970
    62   000000                     _TRISC	set	3988
    63   000000                     _ADCON1	set	4033
    64   000000                     _TRISB0	set	31896
    65                           
    66                           ; #config settings
    67                           
    68                           	psect	cinit
    69   002F3A                     __pcinit:
    70                           	callstack 0
    71   002F3A                     start_initialization:
    72                           	callstack 0
    73   002F3A                     __initialization:
    74                           	callstack 0
    75                           
    76                           ; Initialize objects allocated to COMRAM (1 bytes)
    77                           ; load TBLPTR registers with __pidataCOMRAM
    78   002F3A  0E00               	movlw	low __pidataCOMRAM
    79   002F3C  6EF6               	movwf	tblptrl,c
    80   002F3E  0E30               	movlw	high __pidataCOMRAM
    81   002F40  6EF7               	movwf	tblptrh,c
    82   002F42  0E00               	movlw	low (__pidataCOMRAM shr (0+16))
    83   002F44  6EF8               	movwf	tblptru,c
    84   002F46  0009               	tblrd		*+	;fetch initializer
    85   002F48  CFF5 F003          	movff	tablat,__pdataCOMRAM
    86   002F4C                     end_of_initialization:
    87                           	callstack 0
    88   002F4C                     __end_of__initialization:
    89                           	callstack 0
    90   002F4C  0100               	movlb	0
    91   002F4E  EFA9  F017         	goto	_main	;jump to C main() function
    92                           
    93                           	psect	dataCOMRAM
    94   000003                     __pdataCOMRAM:
    95                           	callstack 0
    96   000003                     read_digital_keypad@once:
    97                           	callstack 0
    98   000003                     	ds	1
    99                           
   100                           	psect	cstackCOMRAM
   101   000001                     __pcstackCOMRAM:
   102                           	callstack 0
   103   000001                     read_digital_keypad@detection_type:
   104                           	callstack 0
   105   000001                     glow_on_press@key:
   106                           	callstack 0
   107                           
   108                           ; 1 bytes @ 0x0
   109   000001                     	ds	1
   110   000002                     main@key:
   111                           	callstack 0
   112                           
   113                           ; 1 bytes @ 0x1
   114   000002                     	ds	1
   115                           
   116 ;;
   117 ;;Main: autosize = 0, tempsize = 0, incstack = 0, save=0
   118 ;;
   119 ;; *************** function _main *****************
   120 ;; Defined at:
   121 ;;		line 30 in file "main.c"
   122 ;; Parameters:    Size  Location     Type
   123 ;;		None
   124 ;; Auto vars:     Size  Location     Type
   125 ;;  i               2    0        unsigned short 
   126 ;;  key             1    1[COMRAM] unsigned char 
   127 ;; Return value:  Size  Location     Type
   128 ;;                  1    wreg      void 
   129 ;; Registers used:
   130 ;;		wreg, status,2, status,0, cstack
   131 ;; Tracked objects:
   132 ;;		On entry : 0/0
   133 ;;		On exit  : 0/0
   134 ;;		Unchanged: 0/0
   135 ;; Data sizes:     COMRAM   BANK0   BANK1   BANK2   BANK3   BANK4   BANK5
   136 ;;      Params:         0       0       0       0       0       0       0
   137 ;;      Locals:         1       0       0       0       0       0       0
   138 ;;      Temps:          0       0       0       0       0       0       0
   139 ;;      Totals:         1       0       0       0       0       0       0
   140 ;;Total ram usage:        1 bytes
   141 ;; Hardware stack levels required when called: 2
   142 ;; This function calls:
   143 ;;		_glow_on_press
   144 ;;		_init_config
   145 ;;		_read_digital_keypad
   146 ;; This function is called by:
   147 ;;		Startup code after reset
   148 ;; This function uses a non-reentrant model
   149 ;;
   150                           
   151                           	psect	text0
   152   002F52                     __ptext0:
   153                           	callstack 0
   154   002F52                     _main:
   155                           	callstack 29
   156   002F52                     
   157                           ;main.c: 32:  unsigned char key;;main.c: 33:  unsigned short i;;main.c: 35:  init_config
      +                          ();
   158   002F52  EC96  F017         	call	_init_config	;wreg free
   159   002F56                     l41:
   160                           
   161                           ;main.c: 38:  {;main.c: 39:   key = read_digital_keypad(0);
   162   002F56  0E00               	movlw	0
   163   002F58  ECC5  F017         	call	_read_digital_keypad
   164   002F5C  6E02               	movwf	main@key^0,c
   165                           
   166                           ;main.c: 40:   glow_on_press(key);
   167   002F5E  5002               	movf	main@key^0,w,c
   168   002F60  ECB6  F017         	call	_glow_on_press
   169   002F64  EFAB  F017         	goto	l41
   170   002F68  EF00  F000         	goto	start
   171   002F6C                     __end_of_main:
   172                           	callstack 0
   173                           
   174 ;; *************** function _read_digital_keypad *****************
   175 ;; Defined at:
   176 ;;		line 9 in file "digital_keypad.c"
   177 ;; Parameters:    Size  Location     Type
   178 ;;  detection_ty    1    wreg     unsigned char 
   179 ;; Auto vars:     Size  Location     Type
   180 ;;  detection_ty    1    0[COMRAM] unsigned char 
   181 ;; Return value:  Size  Location     Type
   182 ;;                  1    wreg      unsigned char 
   183 ;; Registers used:
   184 ;;		wreg, status,2, status,0
   185 ;; Tracked objects:
   186 ;;		On entry : 0/0
   187 ;;		On exit  : 0/0
   188 ;;		Unchanged: 0/0
   189 ;; Data sizes:     COMRAM   BANK0   BANK1   BANK2   BANK3   BANK4   BANK5
   190 ;;      Params:         0       0       0       0       0       0       0
   191 ;;      Locals:         1       0       0       0       0       0       0
   192 ;;      Temps:          0       0       0       0       0       0       0
   193 ;;      Totals:         1       0       0       0       0       0       0
   194 ;;Total ram usage:        1 bytes
   195 ;; Hardware stack levels used: 1
   196 ;; This function calls:
   197 ;;		Nothing
   198 ;; This function is called by:
   199 ;;		_main
   200 ;; This function uses a non-reentrant model
   201 ;;
   202                           
   203                           	psect	text1
   204   002F8A                     __ptext1:
   205                           	callstack 0
   206   002F8A                     _read_digital_keypad:
   207                           	callstack 30
   208                           
   209                           ;incstack = 0
   210                           ;read_digital_keypad@detection_type stored from wreg
   211   002F8A  6E01               	movwf	read_digital_keypad@detection_type^0,c
   212   002F8C                     
   213                           ;digital_keypad.c: 9: unsigned char read_digital_keypad(unsigned char detection_type);di
      +                          gital_keypad.c: 10: {;digital_keypad.c: 11:  static unsigned char once = 1;;digital_keyp
      +                          ad.c: 13:  if (detection_type == 1)
   214   002F8C  0401               	decf	read_digital_keypad@detection_type^0,w,c
   215   002F8E  A4D8               	btfss	status,2,c
   216   002F90  EFCC  F017         	goto	u11
   217   002F94  EFCE  F017         	goto	u10
   218   002F98                     u11:
   219   002F98  EFF4  F017         	goto	l740
   220   002F9C                     u10:
   221   002F9C                     
   222                           ;digital_keypad.c: 14:  {;digital_keypad.c: 15:   if (((PORTC & 0x0F) != 0x0F) && once)
   223   002F9C  5082               	movf	130,w,c	;volatile
   224   002F9E  0B0F               	andlw	15
   225   002FA0  0A0F               	xorlw	15
   226   002FA2  B4D8               	btfsc	status,2,c
   227   002FA4  EFD6  F017         	goto	u21
   228   002FA8  EFD8  F017         	goto	u20
   229   002FAC                     u21:
   230   002FAC  EFE6  F017         	goto	l736
   231   002FB0                     u20:
   232   002FB0  5003               	movf	read_digital_keypad@once^0,w,c
   233   002FB2  B4D8               	btfsc	status,2,c
   234   002FB4  EFDE  F017         	goto	u31
   235   002FB8  EFE0  F017         	goto	u30
   236   002FBC                     u31:
   237   002FBC  EFE6  F017         	goto	l736
   238   002FC0                     u30:
   239   002FC0                     
   240                           ;digital_keypad.c: 16:   {;digital_keypad.c: 17:    once = 0;
   241   002FC0  0E00               	movlw	0
   242   002FC2  6E03               	movwf	read_digital_keypad@once^0,c
   243   002FC4                     l730:
   244                           
   245                           ;digital_keypad.c: 19:    return (PORTC & 0x0F);
   246   002FC4  5082               	movf	130,w,c	;volatile
   247   002FC6  0B0F               	andlw	15
   248   002FC8  EFFF  F017         	goto	l14
   249   002FCC                     l736:
   250   002FCC  5082               	movf	130,w,c	;volatile
   251   002FCE  0B0F               	andlw	15
   252   002FD0  0A0F               	xorlw	15
   253   002FD2  A4D8               	btfss	status,2,c
   254   002FD4  EFEE  F017         	goto	u41
   255   002FD8  EFF0  F017         	goto	u40
   256   002FDC                     u41:
   257   002FDC  EFFE  F017         	goto	l746
   258   002FE0                     u40:
   259   002FE0                     
   260                           ;digital_keypad.c: 22:   {;digital_keypad.c: 23:    once = 1;
   261   002FE0  0E01               	movlw	1
   262   002FE2  6E03               	movwf	read_digital_keypad@once^0,c
   263   002FE4  EFFE  F017         	goto	l746
   264   002FE8                     l740:
   265   002FE8  5001               	movf	read_digital_keypad@detection_type^0,w,c
   266   002FEA  A4D8               	btfss	status,2,c
   267   002FEC  EFFA  F017         	goto	u51
   268   002FF0  EFFC  F017         	goto	u50
   269   002FF4                     u51:
   270   002FF4  EFFE  F017         	goto	l746
   271   002FF8                     u50:
   272   002FF8  EFE2  F017         	goto	l730
   273   002FFC                     l746:
   274                           
   275                           ;digital_keypad.c: 31:  return 0xFF;
   276   002FFC  0EFF               	movlw	255
   277   002FFE                     l14:
   278   002FFE  0012               	return		;funcret
   279   003000                     __end_of_read_digital_keypad:
   280                           	callstack 0
   281                           
   282 ;; *************** function _init_config *****************
   283 ;; Defined at:
   284 ;;		line 20 in file "main.c"
   285 ;; Parameters:    Size  Location     Type
   286 ;;		None
   287 ;; Auto vars:     Size  Location     Type
   288 ;;		None
   289 ;; Return value:  Size  Location     Type
   290 ;;                  1    wreg      void 
   291 ;; Registers used:
   292 ;;		wreg, status,2, status,0, cstack
   293 ;; Tracked objects:
   294 ;;		On entry : 0/0
   295 ;;		On exit  : 0/0
   296 ;;		Unchanged: 0/0
   297 ;; Data sizes:     COMRAM   BANK0   BANK1   BANK2   BANK3   BANK4   BANK5
   298 ;;      Params:         0       0       0       0       0       0       0
   299 ;;      Locals:         0       0       0       0       0       0       0
   300 ;;      Temps:          0       0       0       0       0       0       0
   301 ;;      Totals:         0       0       0       0       0       0       0
   302 ;;Total ram usage:        0 bytes
   303 ;; Hardware stack levels used: 1
   304 ;; Hardware stack levels required when called: 1
   305 ;; This function calls:
   306 ;;		_init_digital_keypad
   307 ;; This function is called by:
   308 ;;		_main
   309 ;; This function uses a non-reentrant model
   310 ;;
   311                           
   312                           	psect	text2
   313   002F2C                     __ptext2:
   314                           	callstack 0
   315   002F2C                     _init_config:
   316                           	callstack 29
   317   002F2C                     
   318                           ;main.c: 22:  ADCON1 = 0x0F;
   319   002F2C  0E0F               	movlw	15
   320   002F2E  6EC1               	movwf	193,c	;volatile
   321   002F30                     
   322                           ;main.c: 24:  PORTBbits.RB0 = 0;
   323   002F30  9081               	bcf	129,0,c	;volatile
   324   002F32                     
   325                           ;main.c: 25:  TRISB0 = 0;
   326   002F32  9093               	bcf	3987,0,c	;volatile
   327   002F34                     
   328                           ;main.c: 27:  init_digital_keypad();
   329   002F34  EC92  F017         	call	_init_digital_keypad	;wreg free
   330   002F38  0012               	return		;funcret
   331   002F3A                     __end_of_init_config:
   332                           	callstack 0
   333                           
   334 ;; *************** function _init_digital_keypad *****************
   335 ;; Defined at:
   336 ;;		line 4 in file "digital_keypad.c"
   337 ;; Parameters:    Size  Location     Type
   338 ;;		None
   339 ;; Auto vars:     Size  Location     Type
   340 ;;		None
   341 ;; Return value:  Size  Location     Type
   342 ;;                  1    wreg      void 
   343 ;; Registers used:
   344 ;;		wreg, status,2, status,0
   345 ;; Tracked objects:
   346 ;;		On entry : 0/0
   347 ;;		On exit  : 0/0
   348 ;;		Unchanged: 0/0
   349 ;; Data sizes:     COMRAM   BANK0   BANK1   BANK2   BANK3   BANK4   BANK5
   350 ;;      Params:         0       0       0       0       0       0       0
   351 ;;      Locals:         0       0       0       0       0       0       0
   352 ;;      Temps:          0       0       0       0       0       0       0
   353 ;;      Totals:         0       0       0       0       0       0       0
   354 ;;Total ram usage:        0 bytes
   355 ;; Hardware stack levels used: 1
   356 ;; This function calls:
   357 ;;		Nothing
   358 ;; This function is called by:
   359 ;;		_init_config
   360 ;; This function uses a non-reentrant model
   361 ;;
   362                           
   363                           	psect	text3
   364   002F24                     __ptext3:
   365                           	callstack 0
   366   002F24                     _init_digital_keypad:
   367                           	callstack 29
   368   002F24                     
   369                           ;digital_keypad.c: 6:  TRISC = TRISC | 0x0F;
   370   002F24  5094               	movf	148,w,c	;volatile
   371   002F26  090F               	iorlw	15
   372   002F28  6E94               	movwf	148,c	;volatile
   373   002F2A  0012               	return		;funcret
   374   002F2C                     __end_of_init_digital_keypad:
   375                           	callstack 0
   376                           
   377 ;; *************** function _glow_on_press *****************
   378 ;; Defined at:
   379 ;;		line 5 in file "main.c"
   380 ;; Parameters:    Size  Location     Type
   381 ;;  key             1    wreg     unsigned char 
   382 ;; Auto vars:     Size  Location     Type
   383 ;;  key             1    0[COMRAM] unsigned char 
   384 ;; Return value:  Size  Location     Type
   385 ;;                  1    wreg      void 
   386 ;; Registers used:
   387 ;;		wreg, status,2, status,0
   388 ;; Tracked objects:
   389 ;;		On entry : 0/0
   390 ;;		On exit  : 0/0
   391 ;;		Unchanged: 0/0
   392 ;; Data sizes:     COMRAM   BANK0   BANK1   BANK2   BANK3   BANK4   BANK5
   393 ;;      Params:         0       0       0       0       0       0       0
   394 ;;      Locals:         1       0       0       0       0       0       0
   395 ;;      Temps:          0       0       0       0       0       0       0
   396 ;;      Totals:         1       0       0       0       0       0       0
   397 ;;Total ram usage:        1 bytes
   398 ;; Hardware stack levels used: 1
   399 ;; This function calls:
   400 ;;		Nothing
   401 ;; This function is called by:
   402 ;;		_main
   403 ;; This function uses a non-reentrant model
   404 ;;
   405                           
   406                           	psect	text4
   407   002F6C                     __ptext4:
   408                           	callstack 0
   409   002F6C                     _glow_on_press:
   410                           	callstack 30
   411                           
   412                           ;incstack = 0
   413                           ;glow_on_press@key stored from wreg
   414   002F6C  6E01               	movwf	glow_on_press@key^0,c
   415   002F6E                     
   416                           ;main.c: 5: void glow_on_press(unsigned char key);main.c: 6: {;main.c: 9:  if (key == 0x
      +                          0E)
   417   002F6E  0E0E               	movlw	14
   418   002F70  1801               	xorwf	glow_on_press@key^0,w,c
   419   002F72  A4D8               	btfss	status,2,c
   420   002F74  EFBE  F017         	goto	u61
   421   002F78  EFC0  F017         	goto	u60
   422   002F7C                     u61:
   423   002F7C  EFC3  F017         	goto	l31
   424   002F80                     u60:
   425   002F80                     
   426                           ;main.c: 10:  {;main.c: 11:   PORTBbits.RB0 = 1;
   427   002F80  8081               	bsf	129,0,c	;volatile
   428                           
   429                           ;main.c: 12:  }
   430   002F82  EFC4  F017         	goto	l33
   431   002F86                     l31:
   432                           
   433                           ;main.c: 14:  {;main.c: 15:   PORTBbits.RB0 = 0;
   434   002F86  9081               	bcf	129,0,c	;volatile
   435   002F88                     l33:
   436   002F88  0012               	return		;funcret
   437   002F8A                     __end_of_glow_on_press:
   438                           	callstack 0
   439   000000                     
   440                           	psect	rparam
   441   000000                     
   442                           	psect	idloc
   443                           
   444                           ;Config register IDLOC0 @ 0x200000
   445                           ;	unspecified, using default values
   446   200000                     	org	2097152
   447   200000  FF                 	db	255
   448                           
   449                           ;Config register IDLOC1 @ 0x200001
   450                           ;	unspecified, using default values
   451   200001                     	org	2097153
   452   200001  FF                 	db	255
   453                           
   454                           ;Config register IDLOC2 @ 0x200002
   455                           ;	unspecified, using default values
   456   200002                     	org	2097154
   457   200002  FF                 	db	255
   458                           
   459                           ;Config register IDLOC3 @ 0x200003
   460                           ;	unspecified, using default values
   461   200003                     	org	2097155
   462   200003  FF                 	db	255
   463                           
   464                           ;Config register IDLOC4 @ 0x200004
   465                           ;	unspecified, using default values
   466   200004                     	org	2097156
   467   200004  FF                 	db	255
   468                           
   469                           ;Config register IDLOC5 @ 0x200005
   470                           ;	unspecified, using default values
   471   200005                     	org	2097157
   472   200005  FF                 	db	255
   473                           
   474                           ;Config register IDLOC6 @ 0x200006
   475                           ;	unspecified, using default values
   476   200006                     	org	2097158
   477   200006  FF                 	db	255
   478                           
   479                           ;Config register IDLOC7 @ 0x200007
   480                           ;	unspecified, using default values
   481   200007                     	org	2097159
   482   200007  FF                 	db	255
   483                           
   484                           	psect	config
   485                           
   486                           ; Padding undefined space
   487   300000                     	org	3145728
   488   300000  FF                 	db	255
   489                           
   490                           ;Config register CONFIG1H @ 0x300001
   491                           ;	unspecified, using default values
   492                           ;	Oscillator Selection bits
   493                           ;	OSC = 0x7, unprogrammed default
   494                           ;	Fail-Safe Clock Monitor Enable bit
   495                           ;	FCMEN = 0x0, unprogrammed default
   496                           ;	Internal/External Oscillator Switchover bit
   497                           ;	IESO = 0x0, unprogrammed default
   498   300001                     	org	3145729
   499   300001  07                 	db	7
   500                           
   501                           ;Config register CONFIG2L @ 0x300002
   502                           ;	unspecified, using default values
   503                           ;	Power-up Timer Enable bit
   504                           ;	PWRT = 0x1, unprogrammed default
   505                           ;	Brown-out Reset Enable bits
   506                           ;	BOREN = 0x3, unprogrammed default
   507                           ;	Brown-out Reset Voltage bits
   508                           ;	BORV = 0x3, unprogrammed default
   509   300002                     	org	3145730
   510   300002  1F                 	db	31
   511                           
   512                           ;Config register CONFIG2H @ 0x300003
   513                           ;	unspecified, using default values
   514                           ;	Watchdog Timer Enable bit
   515                           ;	WDT = 0x1, unprogrammed default
   516                           ;	Watchdog Timer Postscale Select bits
   517                           ;	WDTPS = 0xF, unprogrammed default
   518   300003                     	org	3145731
   519   300003  1F                 	db	31
   520                           
   521                           ; Padding undefined space
   522   300004                     	org	3145732
   523   300004  FF                 	db	255
   524                           
   525                           ;Config register CONFIG3H @ 0x300005
   526                           ;	unspecified, using default values
   527                           ;	PORTB A/D Enable bit
   528                           ;	PBADEN = 0x1, unprogrammed default
   529                           ;	Low-Power Timer 1 Oscillator Enable bit
   530                           ;	LPT1OSC = 0x0, unprogrammed default
   531                           ;	MCLR Pin Enable bit
   532                           ;	MCLRE = 0x1, unprogrammed default
   533   300005                     	org	3145733
   534   300005  82                 	db	130
   535                           
   536                           ;Config register CONFIG4L @ 0x300006
   537                           ;	unspecified, using default values
   538                           ;	Stack Full/Underflow Reset Enable bit
   539                           ;	STVREN = 0x1, unprogrammed default
   540                           ;	Single-Supply ICSP Enable bit
   541                           ;	LVP = 0x1, unprogrammed default
   542                           ;	Boot Block Size Select bit
   543                           ;	BBSIZ = 0x0, unprogrammed default
   544                           ;	Extended Instruction Set Enable bit
   545                           ;	XINST = 0x0, unprogrammed default
   546                           ;	Background Debugger Enable bit
   547                           ;	DEBUG = 0x1, unprogrammed default
   548   300006                     	org	3145734
   549   300006  85                 	db	133
   550                           
   551                           ; Padding undefined space
   552   300007                     	org	3145735
   553   300007  FF                 	db	255
   554                           
   555                           ;Config register CONFIG5L @ 0x300008
   556                           ;	unspecified, using default values
   557                           ;	Code Protection bit
   558                           ;	CP0 = 0x1, unprogrammed default
   559                           ;	Code Protection bit
   560                           ;	CP1 = 0x1, unprogrammed default
   561                           ;	Code Protection bit
   562                           ;	CP2 = 0x1, unprogrammed default
   563                           ;	Code Protection bit
   564                           ;	CP3 = 0x1, unprogrammed default
   565   300008                     	org	3145736
   566   300008  0F                 	db	15
   567                           
   568                           ;Config register CONFIG5H @ 0x300009
   569                           ;	unspecified, using default values
   570                           ;	Boot Block Code Protection bit
   571                           ;	CPB = 0x1, unprogrammed default
   572                           ;	Data EEPROM Code Protection bit
   573                           ;	CPD = 0x1, unprogrammed default
   574   300009                     	org	3145737
   575   300009  C0                 	db	192
   576                           
   577                           ;Config register CONFIG6L @ 0x30000A
   578                           ;	unspecified, using default values
   579                           ;	Write Protection bit
   580                           ;	WRT0 = 0x1, unprogrammed default
   581                           ;	Write Protection bit
   582                           ;	WRT1 = 0x1, unprogrammed default
   583                           ;	Write Protection bit
   584                           ;	WRT2 = 0x1, unprogrammed default
   585                           ;	Write Protection bit
   586                           ;	WRT3 = 0x1, unprogrammed default
   587   30000A                     	org	3145738
   588   30000A  0F                 	db	15
   589                           
   590                           ;Config register CONFIG6H @ 0x30000B
   591                           ;	unspecified, using default values
   592                           ;	Configuration Register Write Protection bit
   593                           ;	WRTC = 0x1, unprogrammed default
   594                           ;	Boot Block Write Protection bit
   595                           ;	WRTB = 0x1, unprogrammed default
   596                           ;	Data EEPROM Write Protection bit
   597                           ;	WRTD = 0x1, unprogrammed default
   598   30000B                     	org	3145739
   599   30000B  E0                 	db	224
   600                           
   601                           ;Config register CONFIG7L @ 0x30000C
   602                           ;	unspecified, using default values
   603                           ;	Table Read Protection bit
   604                           ;	EBTR0 = 0x1, unprogrammed default
   605                           ;	Table Read Protection bit
   606                           ;	EBTR1 = 0x1, unprogrammed default
   607                           ;	Table Read Protection bit
   608                           ;	EBTR2 = 0x1, unprogrammed default
   609                           ;	Table Read Protection bit
   610                           ;	EBTR3 = 0x1, unprogrammed default
   611   30000C                     	org	3145740
   612   30000C  0F                 	db	15
   613                           
   614                           ;Config register CONFIG7H @ 0x30000D
   615                           ;	unspecified, using default values
   616                           ;	Boot Block Table Read Protection bit
   617                           ;	EBTRB = 0x1, unprogrammed default
   618   30000D                     	org	3145741
   619   30000D  40                 	db	64
   620                           tosu	equ	0xFFF
   621                           tosh	equ	0xFFE
   622                           tosl	equ	0xFFD
   623                           stkptr	equ	0xFFC
   624                           pclatu	equ	0xFFB
   625                           pclath	equ	0xFFA
   626                           pcl	equ	0xFF9
   627                           tblptru	equ	0xFF8
   628                           tblptrh	equ	0xFF7
   629                           tblptrl	equ	0xFF6
   630                           tablat	equ	0xFF5
   631                           prodh	equ	0xFF4
   632                           prodl	equ	0xFF3
   633                           indf0	equ	0xFEF
   634                           postinc0	equ	0xFEE
   635                           postdec0	equ	0xFED
   636                           preinc0	equ	0xFEC
   637                           plusw0	equ	0xFEB
   638                           fsr0h	equ	0xFEA
   639                           fsr0l	equ	0xFE9
   640                           wreg	equ	0xFE8
   641                           indf1	equ	0xFE7
   642                           postinc1	equ	0xFE6
   643                           postdec1	equ	0xFE5
   644                           preinc1	equ	0xFE4
   645                           plusw1	equ	0xFE3
   646                           fsr1h	equ	0xFE2
   647                           fsr1l	equ	0xFE1
   648                           bsr	equ	0xFE0
   649                           indf2	equ	0xFDF
   650                           postinc2	equ	0xFDE
   651                           postdec2	equ	0xFDD
   652                           preinc2	equ	0xFDC
   653                           plusw2	equ	0xFDB
   654                           fsr2h	equ	0xFDA
   655                           fsr2l	equ	0xFD9
   656                           status	equ	0xFD8

Data Sizes:
    Strings     0
    Constant    0
    Data        1
    BSS         0
    Persistent  0
    Stack       0

Auto Spaces:
    Space          Size  Autos    Used
    COMRAM           95      2       3
    BANK0           160      0       0
    BANK1           256      0       0
    BANK2           256      0       0
    BANK3           256      0       0
    BANK4           256      0       0
    BANK5           256      0       0

Pointer List with Targets:

    None.

Critical Paths under _main in COMRAM

    _main->_glow_on_press
    _main->_read_digital_keypad

Critical Paths under _main in BANK0

    None.

Critical Paths under _main in BANK1

    None.

Critical Paths under _main in BANK2

    None.

Critical Paths under _main in BANK3

    None.

Critical Paths under _main in BANK4

    None.

Critical Paths under _main in BANK5

    None.

Call Graph Tables:

 ---------------------------------------------------------------------------------
 (Depth) Function   	        Calls       Base Space   Used Autos Params    Refs
 ---------------------------------------------------------------------------------
 (0) _main                                                 3     3      0      60
                                              1 COMRAM     1     1      0
                      _glow_on_press
                        _init_config
                _read_digital_keypad
 ---------------------------------------------------------------------------------
 (1) _read_digital_keypad                                  1     1      0      30
                                              0 COMRAM     1     1      0
 ---------------------------------------------------------------------------------
 (1) _init_config                                          0     0      0       0
                _init_digital_keypad
 ---------------------------------------------------------------------------------
 (2) _init_digital_keypad                                  0     0      0       0
 ---------------------------------------------------------------------------------
 (1) _glow_on_press                                        1     1      0      15
                                              0 COMRAM     1     1      0
 ---------------------------------------------------------------------------------
 Estimated maximum stack depth 2
 ---------------------------------------------------------------------------------

 Call Graph Graphs:

 _main (ROOT)
   _glow_on_press
   _init_config
     _init_digital_keypad
   _read_digital_keypad

 Address spaces:
Name               Size   Autos  Total    Cost      Usage
BIGRAM             5FF      0       0      21        0.0%
BITBIGSFRll        281      0       0      19        0.0%
EEDATA             100      0       0       0        0.0%
BITBANK5           100      0       0      14        0.0%
BANK5              100      0       0      15        0.0%
BITBANK4           100      0       0      12        0.0%
BANK4              100      0       0      13        0.0%
BITBANK3           100      0       0      10        0.0%
BANK3              100      0       0      11        0.0%
BITBANK2           100      0       0       8        0.0%
BANK2              100      0       0       9        0.0%
BITBANK1           100      0       0       6        0.0%
BANK1              100      0       0       7        0.0%
BITBANK0            A0      0       0       4        0.0%
BANK0               A0      0       0       5        0.0%
BITCOMRAM           5F      0       0       0        0.0%
COMRAM              5F      2       3       1        3.2%
BITBIGSFRhh         3E      0       0      16        0.0%
BITBIGSFRhl         2C      0       0      17        0.0%
BITBIGSFRlh         10      0       0      18        0.0%
BIGSFR               0      0       0     200        0.0%
BITSFR_3             0      0       0     200        0.0%
SFR_3                0      0       0     200        0.0%
BITSFR_2             0      0       0     200        0.0%
SFR_2                0      0       0     200        0.0%
BITSFR_1             0      0       0     200        0.0%
SFR_1                0      0       0     200        0.0%
BITSFR               0      0       0     200        0.0%
SFR                  0      0       0     200        0.0%
STACK                0      0       0       2        0.0%
NULL                 0      0       0       0        0.0%
ABS                  0      0       3      20        0.0%
DATA                 0      0       3       3        0.0%
CODE                 0      0       0       0        0.0%


Microchip Technology PIC18 Macro Assembler V2.40 build 20220703182018 
Symbol Table                                                                                   Wed Jun 28 12:39:34 2023

                                l7 2F2A                                 l14 2FFE  
                               l31 2F86                                 l33 2F88  
                               l41 2F56                                 l36 2F38  
                               u10 2F9C                                 u11 2F98  
                               u20 2FB0                                 u21 2FAC  
                               u30 2FC0                                 u31 2FBC  
                               u40 2FE0                                 u41 2FDC  
                               u50 2FF8                                 u51 2FF4  
                               u60 2F80                                 u61 2F7C  
                              l720 2F24                                l730 2FC4  
                              l722 2F8C                                l724 2F9C  
                              l740 2FE8                                l750 2F6E  
                              l726 2FB0                                l752 2F80  
                              l760 2F34                                l728 2FC0  
                              l736 2FCC                                l754 2F2C  
                              l738 2FE0                                l746 2FFC  
                              l762 2F52                                l756 2F30  
                              l758 2F32              ??_read_digital_keypad 0001  
                             _main 2F52                   glow_on_press@key 0001  
                             start 0000                       ___param_bank 000000  
                            ?_main 0001                       ?_init_config 0001  
                            _PORTC 000F82                              _TRISC 000F94  
                            tablat 000FF5                              status 000FD8  
                  __initialization 2F3A                       __end_of_main 2F6C  
                           ??_main 0002                      __activetblptr 000000  
                           _ADCON1 000FC1                             _TRISB0 007C98  
      __end_of_init_digital_keypad 2F2C                             isa$std 000001  
                     __pdataCOMRAM 0003                             tblptrh 000FF7  
                           tblptrl 000FF6                             tblptru 000FF8  
                    _glow_on_press 2F6C                         __accesstop 0060  
          __end_of__initialization 2F4C                      ___rparam_used 000001  
                   __pcstackCOMRAM 0001                     ?_glow_on_press 0001  
      __end_of_read_digital_keypad 3000                            __Hparam 0000  
                          __Lparam 0000                            __pcinit 2F3A  
                          __ramtop 0600                            __ptext0 2F52  
                          __ptext1 2F8A                            __ptext2 2F2C  
                          __ptext3 2F24                            __ptext4 2F6C  
                  ??_glow_on_press 0001                            main@key 0002  
             end_of_initialization 2F4C                          _PORTBbits 000F81  
                    __pidataCOMRAM 3000                start_initialization 2F3A  
                    ??_init_config 0001                __end_of_init_config 2F3A  
read_digital_keypad@detection_type 0001              __end_of_glow_on_press 2F8A  
              _init_digital_keypad 2F24                           __Hrparam 0000  
                         __Lrparam 0000               ?_init_digital_keypad 0001  
                      _init_config 2F2C            read_digital_keypad@once 0003  
                         isa$xinst 000000              ??_init_digital_keypad 0001  
              _read_digital_keypad 2F8A               ?_read_digital_keypad 0001  
