

Microchip MPLAB XC8 Assembler V2.40 build 20220703182018 
                                                                                               Fri Aug 04 14:46:40 2023

Microchip MPLAB XC8 C Compiler v2.40 (Free license) build 20220703182018 Og1 
     1                           	processor	18F4580
     2                           	fnconf	rparam,??,?,0
     3                           	pagewidth 120
     4                           	opt	flic
     5                           	psect	cinit,global,reloc=2,class=CODE,delta=1
     6                           	psect	cstackCOMRAM,global,class=COMRAM,space=1,delta=1,lowdata,noexec
     7                           	psect	text0,global,reloc=2,class=CODE,delta=1
     8                           	psect	text1,global,reloc=2,class=CODE,delta=1
     9                           	psect	text2,global,reloc=2,class=CODE,delta=1
    10                           	psect	intsave_regs,global,class=BIGRAM,space=1,delta=1,noexec
    11                           	psect	rparam,global,class=COMRAM,space=1,delta=1,noexec
    12                           	psect	idloc,global,abs,ovrld,class=IDLOC,space=5,delta=1,noexec
    13                           	psect	config,global,abs,ovrld,class=CONFIG,space=4,delta=1,noexec
    14   000000                     
    15                           ; Version 2.20
    16                           ; Generated 12/02/2020 GMT
    17                           ; 
    18                           ; Copyright © 2020, Microchip Technology Inc. and its subsidiaries ("Microchip")
    19                           ; All rights reserved.
    20                           ; 
    21                           ; This software is developed by Microchip Technology Inc. and its subsidiaries ("Microch
      +                          ip").
    22                           ; 
    23                           ; Redistribution and use in source and binary forms, with or without modification, are
    24                           ; permitted provided that the following conditions are met:
    25                           ; 
    26                           ;     1. Redistributions of source code must retain the above copyright notice, this lis
      +                          t of
    27                           ;        conditions and the following disclaimer.
    28                           ; 
    29                           ;     2. Redistributions in binary form must reproduce the above copyright notice, this 
      +                          list
    30                           ;        of conditions and the following disclaimer in the documentation and/or other
    31                           ;        materials provided with the distribution.
    32                           ; 
    33                           ;     3. Microchip's name may not be used to endorse or promote products derived from th
      +                          is
    34                           ;        software without specific prior written permission.
    35                           ; 
    36                           ; THIS SOFTWARE IS PROVIDED BY MICROCHIP "AS IS" AND ANY EXPRESS OR IMPLIED WARRANTIES,
    37                           ; INCLUDING, BUT NOT LIMITED TO, THE IMPLIED WARRANTIES OF MERCHANTABILITY AND FITNESS F
      +                          OR
    38                           ; PURPOSE ARE DISCLAIMED.  IN NO EVENT SHALL MICROCHIP BE LIABLE FOR ANY DIRECT, INDIREC
      +                          T,
    39                           ; INCIDENTAL, SPECIAL, EXEMPLARY, OR CONSEQUENTIAL DAMAGES (INCLUDING BUT NOT LIMITED TO
    40                           ; PROCUREMENT OF SUBSTITUTE GOODS OR SERVICES; LOSS OF USE, DATA OR PROFITS; OR BUSINESS
    41                           ; INTERRUPTION) HOWSOEVER CAUSED AND ON ANY THEORY OF LIABILITY, WHETHER IN CONTRACT, ST
      +                          RICT
    42                           ; LIABILITY, OR TORT (INCLUDING NEGLIGENCE OR OTHERWISE) ARISING IN ANY WAY OUT OF THE U
      +                          SE OF
    43                           ; THIS SOFTWARE, EVEN IF ADVISED OF THE POSSIBILITY OF SUCH DAMAGE.
    44                           ; 
    45                           ; 
    46                           ; Code-generator required, PIC18F4580 Definitions
    47                           ; 
    48                           ; SFR Addresses
    49   000000                     _RCREG	set	4014
    50   000000                     _TXREG	set	4013
    51   000000                     _SPBRG	set	4015
    52   000000                     _ABDOVF	set	32199
    53   000000                     _RCIF	set	31989
    54   000000                     _RCIE	set	31981
    55   000000                     _ABDEN	set	32192
    56   000000                     _WUE	set	32193
    57   000000                     _BRG16	set	32195
    58   000000                     _CREN	set	32092
    59   000000                     _RX9	set	32094
    60   000000                     _BRGH	set	32098
    61   000000                     _SENDB	set	32099
    62   000000                     _SYNC	set	32100
    63   000000                     _TXEN	set	32101
    64   000000                     _TRISC6	set	31910
    65   000000                     _TRISC7	set	31911
    66   000000                     _TXIE	set	31980
    67   000000                     _SPEN	set	32095
    68   000000                     _TX9	set	32102
    69   000000                     _TXIF	set	31988
    70                           
    71                           ; #config settings
    72                           
    73                           	psect	cinit
    74   002FC4                     __pcinit:
    75                           	callstack 0
    76   002FC4                     start_initialization:
    77                           	callstack 0
    78   002FC4                     __initialization:
    79                           	callstack 0
    80   002FC4                     end_of_initialization:
    81                           	callstack 0
    82   002FC4                     __end_of__initialization:
    83                           	callstack 0
    84   002FC4  0100               	movlb	0
    85   002FC6  EFE5  F017         	goto	_main	;jump to C main() function
    86                           
    87                           	psect	cstackCOMRAM
    88   000000                     __pcstackCOMRAM:
    89                           	callstack 0
    90   000000                     
    91                           ; 1 bytes @ 0x0
    92 ;;
    93 ;;Main: autosize = 0, tempsize = 0, incstack = 0, save=0
    94 ;;
    95 ;; *************** function _main *****************
    96 ;; Defined at:
    97 ;;		line 21 in file "main.c"
    98 ;; Parameters:    Size  Location     Type
    99 ;;		None
   100 ;; Auto vars:     Size  Location     Type
   101 ;;  c               1    0        unsigned char 
   102 ;; Return value:  Size  Location     Type
   103 ;;                  1    wreg      void 
   104 ;; Registers used:
   105 ;;		wreg, status,2, cstack
   106 ;; Tracked objects:
   107 ;;		On entry : 0/0
   108 ;;		On exit  : 0/0
   109 ;;		Unchanged: 0/0
   110 ;; Data sizes:     COMRAM   BANK0   BANK1   BANK2   BANK3   BANK4   BANK5
   111 ;;      Params:         0       0       0       0       0       0       0
   112 ;;      Locals:         0       0       0       0       0       0       0
   113 ;;      Temps:          0       0       0       0       0       0       0
   114 ;;      Totals:         0       0       0       0       0       0       0
   115 ;;Total ram usage:        0 bytes
   116 ;; Hardware stack levels required when called: 2
   117 ;; This function calls:
   118 ;;		_init_config
   119 ;; This function is called by:
   120 ;;		Startup code after reset
   121 ;; This function uses a non-reentrant model
   122 ;;
   123                           
   124                           	psect	text0
   125   002FCA                     __ptext0:
   126                           	callstack 0
   127   002FCA                     _main:
   128                           	callstack 29
   129   002FCA                     
   130                           ;main.c: 23:  char c;;main.c: 25:  init_config();
   131   002FCA  ECDF  F017         	call	_init_config	;wreg free
   132   002FCE                     l10:
   133   002FCE  EFE7  F017         	goto	l10
   134   002FD2  EF00  F000         	goto	start
   135   002FD6                     __end_of_main:
   136                           	callstack 0
   137                           
   138 ;; *************** function _init_config *****************
   139 ;; Defined at:
   140 ;;		line 13 in file "main.c"
   141 ;; Parameters:    Size  Location     Type
   142 ;;		None
   143 ;; Auto vars:     Size  Location     Type
   144 ;;		None
   145 ;; Return value:  Size  Location     Type
   146 ;;                  1    wreg      void 
   147 ;; Registers used:
   148 ;;		wreg, status,2, cstack
   149 ;; Tracked objects:
   150 ;;		On entry : 0/0
   151 ;;		On exit  : 0/0
   152 ;;		Unchanged: 0/0
   153 ;; Data sizes:     COMRAM   BANK0   BANK1   BANK2   BANK3   BANK4   BANK5
   154 ;;      Params:         0       0       0       0       0       0       0
   155 ;;      Locals:         0       0       0       0       0       0       0
   156 ;;      Temps:          0       0       0       0       0       0       0
   157 ;;      Totals:         0       0       0       0       0       0       0
   158 ;;Total ram usage:        0 bytes
   159 ;; Hardware stack levels used: 1
   160 ;; Hardware stack levels required when called: 1
   161 ;; This function calls:
   162 ;;		_init_uart
   163 ;; This function is called by:
   164 ;;		_main
   165 ;; This function uses a non-reentrant model
   166 ;;
   167                           
   168                           	psect	text1
   169   002FBE                     __ptext1:
   170                           	callstack 0
   171   002FBE                     _init_config:
   172                           	callstack 29
   173   002FBE                     
   174                           ;main.c: 15:  init_uart();
   175   002FBE  ECEB  F017         	call	_init_uart	;wreg free
   176   002FC2  0012               	return		;funcret
   177   002FC4                     __end_of_init_config:
   178                           	callstack 0
   179                           
   180 ;; *************** function _init_uart *****************
   181 ;; Defined at:
   182 ;;		line 4 in file "uart.c"
   183 ;; Parameters:    Size  Location     Type
   184 ;;		None
   185 ;; Auto vars:     Size  Location     Type
   186 ;;		None
   187 ;; Return value:  Size  Location     Type
   188 ;;                  1    wreg      void 
   189 ;; Registers used:
   190 ;;		wreg, status,2
   191 ;; Tracked objects:
   192 ;;		On entry : 0/0
   193 ;;		On exit  : 0/0
   194 ;;		Unchanged: 0/0
   195 ;; Data sizes:     COMRAM   BANK0   BANK1   BANK2   BANK3   BANK4   BANK5
   196 ;;      Params:         0       0       0       0       0       0       0
   197 ;;      Locals:         0       0       0       0       0       0       0
   198 ;;      Temps:          0       0       0       0       0       0       0
   199 ;;      Totals:         0       0       0       0       0       0       0
   200 ;;Total ram usage:        0 bytes
   201 ;; Hardware stack levels used: 1
   202 ;; This function calls:
   203 ;;		Nothing
   204 ;; This function is called by:
   205 ;;		_init_config
   206 ;; This function uses a non-reentrant model
   207 ;;
   208                           
   209                           	psect	text2
   210   002FD6                     __ptext2:
   211                           	callstack 0
   212   002FD6                     _init_uart:
   213                           	callstack 29
   214   002FD6                     
   215                           ;uart.c: 7:  TRISC7 = 1;
   216   002FD6  8E94               	bsf	3988,7,c	;volatile
   217                           
   218                           ;uart.c: 8:  TRISC6 = 0;
   219   002FD8  9C94               	bcf	3988,6,c	;volatile
   220                           
   221                           ;uart.c: 12:  TX9 = 0;
   222   002FDA  9CAC               	bcf	4012,6,c	;volatile
   223                           
   224                           ;uart.c: 14:  TXEN = 1;
   225   002FDC  8AAC               	bsf	4012,5,c	;volatile
   226                           
   227                           ;uart.c: 17:  SYNC = 0;
   228   002FDE  98AC               	bcf	4012,4,c	;volatile
   229                           
   230                           ;uart.c: 19:  SENDB = 0;
   231   002FE0  96AC               	bcf	4012,3,c	;volatile
   232                           
   233                           ;uart.c: 22:  BRGH = 1;
   234   002FE2  84AC               	bsf	4012,2,c	;volatile
   235                           
   236                           ;uart.c: 26:  SPEN = 1;
   237   002FE4  8EAB               	bsf	4011,7,c	;volatile
   238                           
   239                           ;uart.c: 28:  RX9 = 0;
   240   002FE6  9CAB               	bcf	4011,6,c	;volatile
   241                           
   242                           ;uart.c: 30:  CREN = 1;
   243   002FE8  88AB               	bsf	4011,4,c	;volatile
   244                           
   245                           ;uart.c: 34:  ABDOVF = 0;
   246   002FEA  9EB8               	bcf	4024,7,c	;volatile
   247                           
   248                           ;uart.c: 36:  BRG16 = 0;
   249   002FEC  96B8               	bcf	4024,3,c	;volatile
   250                           
   251                           ;uart.c: 38:  WUE = 0;
   252   002FEE  92B8               	bcf	4024,1,c	;volatile
   253                           
   254                           ;uart.c: 40:  ABDEN = 0;
   255   002FF0  90B8               	bcf	4024,0,c	;volatile
   256   002FF2                     
   257                           ;uart.c: 44:  SPBRG = 129;
   258   002FF2  0E81               	movlw	129
   259   002FF4  6EAF               	movwf	175,c	;volatile
   260   002FF6                     
   261                           ;uart.c: 48:  TXIE = 1;
   262   002FF6  889D               	bsf	3997,4,c	;volatile
   263   002FF8                     
   264                           ;uart.c: 50:  TXIF = 0;
   265   002FF8  989E               	bcf	3998,4,c	;volatile
   266   002FFA                     
   267                           ;uart.c: 52:  RCIE = 1;
   268   002FFA  8A9D               	bsf	3997,5,c	;volatile
   269   002FFC                     
   270                           ;uart.c: 54:  RCIF = 0;
   271   002FFC  9A9E               	bcf	3998,5,c	;volatile
   272   002FFE  0012               	return		;funcret
   273   003000                     __end_of_init_uart:
   274                           	callstack 0
   275   000000                     
   276                           	psect	rparam
   277   000000                     
   278                           	psect	idloc
   279                           
   280                           ;Config register IDLOC0 @ 0x200000
   281                           ;	unspecified, using default values
   282   200000                     	org	2097152
   283   200000  FF                 	db	255
   284                           
   285                           ;Config register IDLOC1 @ 0x200001
   286                           ;	unspecified, using default values
   287   200001                     	org	2097153
   288   200001  FF                 	db	255
   289                           
   290                           ;Config register IDLOC2 @ 0x200002
   291                           ;	unspecified, using default values
   292   200002                     	org	2097154
   293   200002  FF                 	db	255
   294                           
   295                           ;Config register IDLOC3 @ 0x200003
   296                           ;	unspecified, using default values
   297   200003                     	org	2097155
   298   200003  FF                 	db	255
   299                           
   300                           ;Config register IDLOC4 @ 0x200004
   301                           ;	unspecified, using default values
   302   200004                     	org	2097156
   303   200004  FF                 	db	255
   304                           
   305                           ;Config register IDLOC5 @ 0x200005
   306                           ;	unspecified, using default values
   307   200005                     	org	2097157
   308   200005  FF                 	db	255
   309                           
   310                           ;Config register IDLOC6 @ 0x200006
   311                           ;	unspecified, using default values
   312   200006                     	org	2097158
   313   200006  FF                 	db	255
   314                           
   315                           ;Config register IDLOC7 @ 0x200007
   316                           ;	unspecified, using default values
   317   200007                     	org	2097159
   318   200007  FF                 	db	255
   319                           
   320                           	psect	config
   321                           
   322                           ; Padding undefined space
   323   300000                     	org	3145728
   324   300000  FF                 	db	255
   325                           
   326                           ;Config register CONFIG1H @ 0x300001
   327                           ;	unspecified, using default values
   328                           ;	Oscillator Selection bits
   329                           ;	OSC = 0x7, unprogrammed default
   330                           ;	Fail-Safe Clock Monitor Enable bit
   331                           ;	FCMEN = 0x0, unprogrammed default
   332                           ;	Internal/External Oscillator Switchover bit
   333                           ;	IESO = 0x0, unprogrammed default
   334   300001                     	org	3145729
   335   300001  07                 	db	7
   336                           
   337                           ;Config register CONFIG2L @ 0x300002
   338                           ;	unspecified, using default values
   339                           ;	Power-up Timer Enable bit
   340                           ;	PWRT = 0x1, unprogrammed default
   341                           ;	Brown-out Reset Enable bits
   342                           ;	BOREN = 0x3, unprogrammed default
   343                           ;	Brown-out Reset Voltage bits
   344                           ;	BORV = 0x3, unprogrammed default
   345   300002                     	org	3145730
   346   300002  1F                 	db	31
   347                           
   348                           ;Config register CONFIG2H @ 0x300003
   349                           ;	unspecified, using default values
   350                           ;	Watchdog Timer Enable bit
   351                           ;	WDT = 0x1, unprogrammed default
   352                           ;	Watchdog Timer Postscale Select bits
   353                           ;	WDTPS = 0xF, unprogrammed default
   354   300003                     	org	3145731
   355   300003  1F                 	db	31
   356                           
   357                           ; Padding undefined space
   358   300004                     	org	3145732
   359   300004  FF                 	db	255
   360                           
   361                           ;Config register CONFIG3H @ 0x300005
   362                           ;	unspecified, using default values
   363                           ;	PORTB A/D Enable bit
   364                           ;	PBADEN = 0x1, unprogrammed default
   365                           ;	Low-Power Timer 1 Oscillator Enable bit
   366                           ;	LPT1OSC = 0x0, unprogrammed default
   367                           ;	MCLR Pin Enable bit
   368                           ;	MCLRE = 0x1, unprogrammed default
   369   300005                     	org	3145733
   370   300005  82                 	db	130
   371                           
   372                           ;Config register CONFIG4L @ 0x300006
   373                           ;	unspecified, using default values
   374                           ;	Stack Full/Underflow Reset Enable bit
   375                           ;	STVREN = 0x1, unprogrammed default
   376                           ;	Single-Supply ICSP Enable bit
   377                           ;	LVP = 0x1, unprogrammed default
   378                           ;	Boot Block Size Select bit
   379                           ;	BBSIZ = 0x0, unprogrammed default
   380                           ;	Extended Instruction Set Enable bit
   381                           ;	XINST = 0x0, unprogrammed default
   382                           ;	Background Debugger Enable bit
   383                           ;	DEBUG = 0x1, unprogrammed default
   384   300006                     	org	3145734
   385   300006  85                 	db	133
   386                           
   387                           ; Padding undefined space
   388   300007                     	org	3145735
   389   300007  FF                 	db	255
   390                           
   391                           ;Config register CONFIG5L @ 0x300008
   392                           ;	unspecified, using default values
   393                           ;	Code Protection bit
   394                           ;	CP0 = 0x1, unprogrammed default
   395                           ;	Code Protection bit
   396                           ;	CP1 = 0x1, unprogrammed default
   397                           ;	Code Protection bit
   398                           ;	CP2 = 0x1, unprogrammed default
   399                           ;	Code Protection bit
   400                           ;	CP3 = 0x1, unprogrammed default
   401   300008                     	org	3145736
   402   300008  0F                 	db	15
   403                           
   404                           ;Config register CONFIG5H @ 0x300009
   405                           ;	unspecified, using default values
   406                           ;	Boot Block Code Protection bit
   407                           ;	CPB = 0x1, unprogrammed default
   408                           ;	Data EEPROM Code Protection bit
   409                           ;	CPD = 0x1, unprogrammed default
   410   300009                     	org	3145737
   411   300009  C0                 	db	192
   412                           
   413                           ;Config register CONFIG6L @ 0x30000A
   414                           ;	unspecified, using default values
   415                           ;	Write Protection bit
   416                           ;	WRT0 = 0x1, unprogrammed default
   417                           ;	Write Protection bit
   418                           ;	WRT1 = 0x1, unprogrammed default
   419                           ;	Write Protection bit
   420                           ;	WRT2 = 0x1, unprogrammed default
   421                           ;	Write Protection bit
   422                           ;	WRT3 = 0x1, unprogrammed default
   423   30000A                     	org	3145738
   424   30000A  0F                 	db	15
   425                           
   426                           ;Config register CONFIG6H @ 0x30000B
   427                           ;	unspecified, using default values
   428                           ;	Configuration Register Write Protection bit
   429                           ;	WRTC = 0x1, unprogrammed default
   430                           ;	Boot Block Write Protection bit
   431                           ;	WRTB = 0x1, unprogrammed default
   432                           ;	Data EEPROM Write Protection bit
   433                           ;	WRTD = 0x1, unprogrammed default
   434   30000B                     	org	3145739
   435   30000B  E0                 	db	224
   436                           
   437                           ;Config register CONFIG7L @ 0x30000C
   438                           ;	unspecified, using default values
   439                           ;	Table Read Protection bit
   440                           ;	EBTR0 = 0x1, unprogrammed default
   441                           ;	Table Read Protection bit
   442                           ;	EBTR1 = 0x1, unprogrammed default
   443                           ;	Table Read Protection bit
   444                           ;	EBTR2 = 0x1, unprogrammed default
   445                           ;	Table Read Protection bit
   446                           ;	EBTR3 = 0x1, unprogrammed default
   447   30000C                     	org	3145740
   448   30000C  0F                 	db	15
   449                           
   450                           ;Config register CONFIG7H @ 0x30000D
   451                           ;	unspecified, using default values
   452                           ;	Boot Block Table Read Protection bit
   453                           ;	EBTRB = 0x1, unprogrammed default
   454   30000D                     	org	3145741
   455   30000D  40                 	db	64
   456                           tosu	equ	0xFFF
   457                           tosh	equ	0xFFE
   458                           tosl	equ	0xFFD
   459                           stkptr	equ	0xFFC
   460                           pclatu	equ	0xFFB
   461                           pclath	equ	0xFFA
   462                           pcl	equ	0xFF9
   463                           tblptru	equ	0xFF8
   464                           tblptrh	equ	0xFF7
   465                           tblptrl	equ	0xFF6
   466                           tablat	equ	0xFF5
   467                           prodh	equ	0xFF4
   468                           prodl	equ	0xFF3
   469                           indf0	equ	0xFEF
   470                           postinc0	equ	0xFEE
   471                           postdec0	equ	0xFED
   472                           preinc0	equ	0xFEC
   473                           plusw0	equ	0xFEB
   474                           fsr0h	equ	0xFEA
   475                           fsr0l	equ	0xFE9
   476                           wreg	equ	0xFE8
   477                           indf1	equ	0xFE7
   478                           postinc1	equ	0xFE6
   479                           postdec1	equ	0xFE5
   480                           preinc1	equ	0xFE4
   481                           plusw1	equ	0xFE3
   482                           fsr1h	equ	0xFE2
   483                           fsr1l	equ	0xFE1
   484                           bsr	equ	0xFE0
   485                           indf2	equ	0xFDF
   486                           postinc2	equ	0xFDE
   487                           postdec2	equ	0xFDD
   488                           preinc2	equ	0xFDC
   489                           plusw2	equ	0xFDB
   490                           fsr2h	equ	0xFDA
   491                           fsr2l	equ	0xFD9
   492                           status	equ	0xFD8

Data Sizes:
    Strings     0
    Constant    0
    Data        0
    BSS         0
    Persistent  0
    Stack       0

Auto Spaces:
    Space          Size  Autos    Used
    COMRAM           95      0       0
    BANK0           160      0       0
    BANK1           256      0       0
    BANK2           256      0       0
    BANK3           256      0       0
    BANK4           256      0       0
    BANK5           256      0       0

Pointer List with Targets:

    None.

Critical Paths under _main in COMRAM

    None.

Critical Paths under _main in BANK0

    None.

Critical Paths under _main in BANK1

    None.

Critical Paths under _main in BANK2

    None.

Critical Paths under _main in BANK3

    None.

Critical Paths under _main in BANK4

    None.

Critical Paths under _main in BANK5

    None.

Call Graph Tables:

 ---------------------------------------------------------------------------------
 (Depth) Function   	        Calls       Base Space   Used Autos Params    Refs
 ---------------------------------------------------------------------------------
 (0) _main                                                 1     1      0       0
                        _init_config
 ---------------------------------------------------------------------------------
 (1) _init_config                                          0     0      0       0
                          _init_uart
 ---------------------------------------------------------------------------------
 (2) _init_uart                                            0     0      0       0
 ---------------------------------------------------------------------------------
 Estimated maximum stack depth 2
 ---------------------------------------------------------------------------------

 Call Graph Graphs:

 _main (ROOT)
   _init_config
     _init_uart

 Address spaces:
Name               Size   Autos  Total    Cost      Usage
BITCOMRAM           5F      0       0       0        0.0%
EEDATA             100      0       0       0        0.0%
NULL                 0      0       0       0        0.0%
CODE                 0      0       0       0        0.0%
COMRAM              5F      0       0       1        0.0%
STACK                0      0       0       2        0.0%
DATA                 0      0       0       3        0.0%
BITBANK0            A0      0       0       4        0.0%
BANK0               A0      0       0       5        0.0%
BITBANK1           100      0       0       6        0.0%
BANK1              100      0       0       7        0.0%
BITBANK2           100      0       0       8        0.0%
BANK2              100      0       0       9        0.0%
BITBANK3           100      0       0      10        0.0%
BANK3              100      0       0      11        0.0%
BITBANK4           100      0       0      12        0.0%
BANK4              100      0       0      13        0.0%
BITBANK5           100      0       0      14        0.0%
BANK5              100      0       0      15        0.0%
BITBIGSFRhhh        47      0       0      16        0.0%
BITBIGSFRhhlh        8      0       0      17        0.0%
BITBIGSFRhlh         C      0       0      18        0.0%
BITBIGSFRhll         8      0       0      19        0.0%
BITBIGSFRl         294      0       0      20        0.0%
ABS                  0      0       0      21        0.0%
BIGRAM             5FF      0       0      22        0.0%
BIGSFR               0      0       0     200        0.0%
BITSFR_3             0      0       0     200        0.0%
SFR_3                0      0       0     200        0.0%
BITSFR_2             0      0       0     200        0.0%
SFR_2                0      0       0     200        0.0%
BITSFR_1             0      0       0     200        0.0%
SFR_1                0      0       0     200        0.0%
BITSFR               0      0       0     200        0.0%
SFR                  0      0       0     200        0.0%


Microchip Technology PIC18 Macro Assembler V2.40 build 20220703182018 
Symbol Table                                                                                   Fri Aug 04 14:46:40 2023

                      l5 2FC2                       l10 2FCE                       l11 2FCE  
                     l58 2FFE                      l761 2FF8                      l763 2FFA  
                    l755 2FD6                      l765 2FFC                      l757 2FF2  
                    l759 2FF6                      l767 2FBE                      l779 2FCA  
                    _RX9 007D5E                      _TX9 007D66                      _WUE 007DC1  
                   _BRGH 007D62                     _CREN 007D5C                     _RCIE 007CED  
                   _RCIF 007CF5                     _SPEN 007D5F                     _TXIE 007CEC  
                   _TXIF 007CF4                     _TXEN 007D65                     _SYNC 007D64  
                   _main 2FCA                     start 0000             ___param_bank 000000  
                  _ABDEN 007DC0                    ?_main 0000                    _BRG16 007DC3  
           ?_init_config 0000                    _RCREG 000FAE                    _SENDB 007D63  
                  _SPBRG 000FAF                    _TXREG 000FAD          __initialization 2FC4  
           __end_of_main 2FD6                   ??_main 0000            __activetblptr 000000  
                 _ABDOVF 007DC7                   _TRISC6 007CA6                   _TRISC7 007CA7  
                 isa$std 000001               __accesstop 0060  __end_of__initialization 2FC4  
          ___rparam_used 000001           __pcstackCOMRAM 0000                  __Hparam 0000  
                __Lparam 0000                  __pcinit 2FC4                  __ramtop 0600  
                __ptext0 2FCA                  __ptext1 2FBE                  __ptext2 2FD6  
      __end_of_init_uart 3000     end_of_initialization 2FC4      start_initialization 2FC4  
          ??_init_config 0000      __end_of_init_config 2FC4                _init_uart 2FD6  
             ?_init_uart 0000                 __Hrparam 0000                 __Lrparam 0000  
            _init_config 2FBE                 isa$xinst 000000              ??_init_uart 0000  
